{"Timestamp":3558002,"EventClass":"MonitorEvent","ThreadId":1,"ThreadName":"main","TargetDescription":"Thread[Thread-0,5,main]","JoinPointName":"void java.lang.Thread.setName(String)","EventType":"BeforeSynchronized","TimeoutMillis":0,"TimeoutNanos":0}
{"Timestamp":4931982,"EventClass":"MonitorEvent","ThreadId":1,"ThreadName":"main","TargetDescription":"Thread[Output Thread,5,main]","JoinPointName":"void java.lang.Thread.setName(String)","EventType":"AfterSynchronized","TimeoutMillis":0,"TimeoutNanos":0}
{"Timestamp":4958225,"EventClass":"MonitorEvent","ThreadId":1,"ThreadName":"main","TargetDescription":"Thread[Output Thread,5,main]","JoinPointName":"void java.lang.Thread.start()","EventType":"BeforeSynchronized","TimeoutMillis":0,"TimeoutNanos":0}
{"Timestamp":5068738,"EventClass":"MonitorEvent","ThreadId":1,"ThreadName":"main","TargetDescription":"Thread[Output Thread,5,main]","JoinPointName":"void java.lang.Thread.start()","EventType":"AfterSynchronized","TimeoutMillis":0,"TimeoutNanos":0}
{"Timestamp":-383443,"EventClass":"SemaphoreEvent","ThreadId":1,"ThreadName":"main","TargetDescription":"java.util.concurrent.Semaphore@8efb846[Permits = 5]","JoinPointName":null,"EventType":"Create","Permits":5,"Timeout":0,"TimeoutUnit":null}
{"Timestamp":8448578,"EventClass":"ThreadEvent","ThreadId":1,"ThreadName":"main","TargetDescription":"Thread-1","JoinPointName":"<init>","EventType":"Create","NewName":null,"Runnable":"us.mattowens.sampleprograms.SemaphoreExample$1@23fc625e","ThreadGroup":null,"NewPriority":0,"Millis":0,"Nanos":0,"IsDaemon":false,"IsInterrupted":false}
{"Timestamp":8520893,"EventClass":"MonitorEvent","ThreadId":1,"ThreadName":"main","TargetDescription":"Thread[Thread-1,5,main]","JoinPointName":"void java.lang.Thread.setName(String)","EventType":"BeforeSynchronized","TimeoutMillis":0,"TimeoutNanos":0}
{"Timestamp":8548885,"EventClass":"ThreadEvent","ThreadId":1,"ThreadName":"main","TargetDescription":"Thread-1","JoinPointName":"setName","EventType":"NameChange","NewName":"ExampleThread.1","Runnable":null,"ThreadGroup":null,"NewPriority":0,"Millis":0,"Nanos":0,"IsDaemon":false,"IsInterrupted":false}
{"Timestamp":8569297,"EventClass":"MonitorEvent","ThreadId":1,"ThreadName":"main","TargetDescription":"Thread[ExampleThread.1,5,main]","JoinPointName":"void java.lang.Thread.setName(String)","EventType":"AfterSynchronized","TimeoutMillis":0,"TimeoutNanos":0}
{"Timestamp":8584168,"EventClass":"MonitorEvent","ThreadId":1,"ThreadName":"main","TargetDescription":"Thread[ExampleThread.1,5,main]","JoinPointName":"void java.lang.Thread.start()","EventType":"BeforeSynchronized","TimeoutMillis":0,"TimeoutNanos":0}
{"Timestamp":8602538,"EventClass":"ThreadEvent","ThreadId":1,"ThreadName":"main","TargetDescription":"ExampleThread.1","JoinPointName":"start","EventType":"Start","NewName":null,"Runnable":null,"ThreadGroup":null,"NewPriority":0,"Millis":0,"Nanos":0,"IsDaemon":false,"IsInterrupted":false}
{"Timestamp":8690016,"EventClass":"MonitorEvent","ThreadId":1,"ThreadName":"main","TargetDescription":"Thread[ExampleThread.1,5,main]","JoinPointName":"void java.lang.Thread.start()","EventType":"AfterSynchronized","TimeoutMillis":0,"TimeoutNanos":0}
{"Timestamp":8704304,"EventClass":"MonitorEvent","ThreadId":1,"ThreadName":"main","TargetDescription":"Thread[ExampleThread.1,5,main]","JoinPointName":"void java.lang.Thread.join(long)","EventType":"BeforeSynchronized","TimeoutMillis":0,"TimeoutNanos":0}
{"Timestamp":8752125,"EventClass":"ThreadEvent","ThreadId":1,"ThreadName":"main","TargetDescription":"ExampleThread.1","JoinPointName":"join","EventType":"BeforeJoin","NewName":null,"Runnable":null,"ThreadGroup":null,"NewPriority":0,"Millis":10,"Nanos":0,"IsDaemon":false,"IsInterrupted":false}
{"Timestamp":9970978,"EventClass":"RunnableEvent","ThreadId":11,"ThreadName":"ExampleThread.1","TargetDescription":"us.mattowens.sampleprograms.SemaphoreExample$1@23fc625e","JoinPointName":"run","EventType":"BeforeRun"}
{"Timestamp":10569907,"EventClass":"SemaphoreEvent","ThreadId":11,"ThreadName":"ExampleThread.1","TargetDescription":"java.util.concurrent.Semaphore@8efb846[Permits = 4]","JoinPointName":"acquire","EventType":"Acquire","Permits":1,"Timeout":0,"TimeoutUnit":null}
{"Timestamp":10620644,"EventClass":"ThreadEvent","ThreadId":11,"ThreadName":"ExampleThread.1","TargetDescription":"ExampleThread.1","JoinPointName":"sleep","EventType":"BeforeSleep","NewName":null,"Runnable":null,"ThreadGroup":null,"NewPriority":0,"Millis":131,"Nanos":0,"IsDaemon":false,"IsInterrupted":false}
{"Timestamp":18402643,"EventClass":"ThreadEvent","ThreadId":1,"ThreadName":"main","TargetDescription":"ExampleThread.1","JoinPointName":"join","EventType":"AfterJoin","NewName":null,"Runnable":null,"ThreadGroup":null,"NewPriority":0,"Millis":10,"Nanos":0,"IsDaemon":false,"IsInterrupted":false}
{"Timestamp":18419264,"EventClass":"MonitorEvent","ThreadId":1,"ThreadName":"main","TargetDescription":"Thread[ExampleThread.1,5,main]","JoinPointName":"void java.lang.Thread.join(long)","EventType":"AfterSynchronized","TimeoutMillis":0,"TimeoutNanos":0}
{"Timestamp":18446674,"EventClass":"ThreadEvent","ThreadId":1,"ThreadName":"main","TargetDescription":"Thread-2","JoinPointName":"<init>","EventType":"Create","NewName":null,"Runnable":"us.mattowens.sampleprograms.SemaphoreExample$1@3f99bd52","ThreadGroup":null,"NewPriority":0,"Millis":0,"Nanos":0,"IsDaemon":false,"IsInterrupted":false}
{"Timestamp":18460962,"EventClass":"MonitorEvent","ThreadId":1,"ThreadName":"main","TargetDescription":"Thread[Thread-2,5,main]","JoinPointName":"void java.lang.Thread.setName(String)","EventType":"BeforeSynchronized","TimeoutMillis":0,"TimeoutNanos":0}
{"Timestamp":18466794,"EventClass":"ThreadEvent","ThreadId":1,"ThreadName":"main","TargetDescription":"Thread-2","JoinPointName":"setName","EventType":"NameChange","NewName":"ExampleThread.2","Runnable":null,"ThreadGroup":null,"NewPriority":0,"Millis":0,"Nanos":0,"IsDaemon":false,"IsInterrupted":false}
{"Timestamp":18474375,"EventClass":"MonitorEvent","ThreadId":1,"ThreadName":"main","TargetDescription":"Thread[ExampleThread.2,5,main]","JoinPointName":"void java.lang.Thread.setName(String)","EventType":"AfterSynchronized","TimeoutMillis":0,"TimeoutNanos":0}
{"Timestamp":18482248,"EventClass":"MonitorEvent","ThreadId":1,"ThreadName":"main","TargetDescription":"Thread[ExampleThread.2,5,main]","JoinPointName":"void java.lang.Thread.start()","EventType":"BeforeSynchronized","TimeoutMillis":0,"TimeoutNanos":0}
{"Timestamp":18487788,"EventClass":"ThreadEvent","ThreadId":1,"ThreadName":"main","TargetDescription":"ExampleThread.2","JoinPointName":"start","EventType":"Start","NewName":null,"Runnable":null,"ThreadGroup":null,"NewPriority":0,"Millis":0,"Nanos":0,"IsDaemon":false,"IsInterrupted":false}
{"Timestamp":18572058,"EventClass":"MonitorEvent","ThreadId":1,"ThreadName":"main","TargetDescription":"Thread[ExampleThread.2,5,main]","JoinPointName":"void java.lang.Thread.start()","EventType":"AfterSynchronized","TimeoutMillis":0,"TimeoutNanos":0}
{"Timestamp":18580806,"EventClass":"MonitorEvent","ThreadId":1,"ThreadName":"main","TargetDescription":"Thread[ExampleThread.2,5,main]","JoinPointName":"void java.lang.Thread.join(long)","EventType":"BeforeSynchronized","TimeoutMillis":0,"TimeoutNanos":0}
{"Timestamp":18586346,"EventClass":"ThreadEvent","ThreadId":1,"ThreadName":"main","TargetDescription":"ExampleThread.2","JoinPointName":"join","EventType":"BeforeJoin","NewName":null,"Runnable":null,"ThreadGroup":null,"NewPriority":0,"Millis":10,"Nanos":0,"IsDaemon":false,"IsInterrupted":false}
{"Timestamp":18636500,"EventClass":"RunnableEvent","ThreadId":12,"ThreadName":"ExampleThread.2","TargetDescription":"us.mattowens.sampleprograms.SemaphoreExample$1@3f99bd52","JoinPointName":"run","EventType":"BeforeRun"}
{"Timestamp":18661285,"EventClass":"SemaphoreEvent","ThreadId":12,"ThreadName":"ExampleThread.2","TargetDescription":"java.util.concurrent.Semaphore@8efb846[Permits = 3]","JoinPointName":"acquire","EventType":"Acquire","Permits":1,"Timeout":0,"TimeoutUnit":null}
{"Timestamp":18671782,"EventClass":"ThreadEvent","ThreadId":12,"ThreadName":"ExampleThread.2","TargetDescription":"ExampleThread.2","JoinPointName":"sleep","EventType":"BeforeSleep","NewName":null,"Runnable":null,"ThreadGroup":null,"NewPriority":0,"Millis":204,"Nanos":0,"IsDaemon":false,"IsInterrupted":false}
{"Timestamp":28389659,"EventClass":"ThreadEvent","ThreadId":1,"ThreadName":"main","TargetDescription":"ExampleThread.2","JoinPointName":"join","EventType":"AfterJoin","NewName":null,"Runnable":null,"ThreadGroup":null,"NewPriority":0,"Millis":10,"Nanos":0,"IsDaemon":false,"IsInterrupted":false}
{"Timestamp":28406279,"EventClass":"MonitorEvent","ThreadId":1,"ThreadName":"main","TargetDescription":"Thread[ExampleThread.2,5,main]","JoinPointName":"void java.lang.Thread.join(long)","EventType":"AfterSynchronized","TimeoutMillis":0,"TimeoutNanos":0}
{"Timestamp":28429024,"EventClass":"ThreadEvent","ThreadId":1,"ThreadName":"main","TargetDescription":"Thread-3","JoinPointName":"<init>","EventType":"Create","NewName":null,"Runnable":"us.mattowens.sampleprograms.SemaphoreExample$1@4f023edb","ThreadGroup":null,"NewPriority":0,"Millis":0,"Nanos":0,"IsDaemon":false,"IsInterrupted":false}
{"Timestamp":28442437,"EventClass":"MonitorEvent","ThreadId":1,"ThreadName":"main","TargetDescription":"Thread[Thread-3,5,main]","JoinPointName":"void java.lang.Thread.setName(String)","EventType":"BeforeSynchronized","TimeoutMillis":0,"TimeoutNanos":0}
{"Timestamp":28448269,"EventClass":"ThreadEvent","ThreadId":1,"ThreadName":"main","TargetDescription":"Thread-3","JoinPointName":"setName","EventType":"NameChange","NewName":"ExampleThread.3","Runnable":null,"ThreadGroup":null,"NewPriority":0,"Millis":0,"Nanos":0,"IsDaemon":false,"IsInterrupted":false}
{"Timestamp":28455850,"EventClass":"MonitorEvent","ThreadId":1,"ThreadName":"main","TargetDescription":"Thread[ExampleThread.3,5,main]","JoinPointName":"void java.lang.Thread.setName(String)","EventType":"AfterSynchronized","TimeoutMillis":0,"TimeoutNanos":0}
{"Timestamp":28463431,"EventClass":"MonitorEvent","ThreadId":1,"ThreadName":"main","TargetDescription":"Thread[ExampleThread.3,5,main]","JoinPointName":"void java.lang.Thread.start()","EventType":"BeforeSynchronized","TimeoutMillis":0,"TimeoutNanos":0}
{"Timestamp":28468972,"EventClass":"ThreadEvent","ThreadId":1,"ThreadName":"main","TargetDescription":"ExampleThread.3","JoinPointName":"start","EventType":"Start","NewName":null,"Runnable":null,"ThreadGroup":null,"NewPriority":0,"Millis":0,"Nanos":0,"IsDaemon":false,"IsInterrupted":false}
{"Timestamp":28573362,"EventClass":"MonitorEvent","ThreadId":1,"ThreadName":"main","TargetDescription":"Thread[ExampleThread.3,5,main]","JoinPointName":"void java.lang.Thread.start()","EventType":"AfterSynchronized","TimeoutMillis":0,"TimeoutNanos":0}
{"Timestamp":28587066,"EventClass":"MonitorEvent","ThreadId":1,"ThreadName":"main","TargetDescription":"Thread[ExampleThread.3,5,main]","JoinPointName":"void java.lang.Thread.join(long)","EventType":"BeforeSynchronized","TimeoutMillis":0,"TimeoutNanos":0}
{"Timestamp":28593190,"EventClass":"ThreadEvent","ThreadId":1,"ThreadName":"main","TargetDescription":"ExampleThread.3","JoinPointName":"join","EventType":"BeforeJoin","NewName":null,"Runnable":null,"ThreadGroup":null,"NewPriority":0,"Millis":10,"Nanos":0,"IsDaemon":false,"IsInterrupted":false}
{"Timestamp":28618558,"EventClass":"RunnableEvent","ThreadId":13,"ThreadName":"ExampleThread.3","TargetDescription":"us.mattowens.sampleprograms.SemaphoreExample$1@4f023edb","JoinPointName":"run","EventType":"BeforeRun"}
{"Timestamp":28641594,"EventClass":"SemaphoreEvent","ThreadId":13,"ThreadName":"ExampleThread.3","TargetDescription":"java.util.concurrent.Semaphore@8efb846[Permits = 2]","JoinPointName":"acquire","EventType":"Acquire","Permits":1,"Timeout":0,"TimeoutUnit":null}
{"Timestamp":28651217,"EventClass":"ThreadEvent","ThreadId":13,"ThreadName":"ExampleThread.3","TargetDescription":"ExampleThread.3","JoinPointName":"sleep","EventType":"BeforeSleep","NewName":null,"Runnable":null,"ThreadGroup":null,"NewPriority":0,"Millis":202,"Nanos":0,"IsDaemon":false,"IsInterrupted":false}
{"Timestamp":38390087,"EventClass":"ThreadEvent","ThreadId":1,"ThreadName":"main","TargetDescription":"ExampleThread.3","JoinPointName":"join","EventType":"AfterJoin","NewName":null,"Runnable":null,"ThreadGroup":null,"NewPriority":0,"Millis":10,"Nanos":0,"IsDaemon":false,"IsInterrupted":false}
{"Timestamp":38404375,"EventClass":"MonitorEvent","ThreadId":1,"ThreadName":"main","TargetDescription":"Thread[ExampleThread.3,5,main]","JoinPointName":"void java.lang.Thread.join(long)","EventType":"AfterSynchronized","TimeoutMillis":0,"TimeoutNanos":0}
{"Timestamp":38426245,"EventClass":"ThreadEvent","ThreadId":1,"ThreadName":"main","TargetDescription":"Thread-4","JoinPointName":"<init>","EventType":"Create","NewName":null,"Runnable":"us.mattowens.sampleprograms.SemaphoreExample$1@3a71f4dd","ThreadGroup":null,"NewPriority":0,"Millis":0,"Nanos":0,"IsDaemon":false,"IsInterrupted":false}
{"Timestamp":38439950,"EventClass":"MonitorEvent","ThreadId":1,"ThreadName":"main","TargetDescription":"Thread[Thread-4,5,main]","JoinPointName":"void java.lang.Thread.setName(String)","EventType":"BeforeSynchronized","TimeoutMillis":0,"TimeoutNanos":0}
{"Timestamp":38447823,"EventClass":"ThreadEvent","ThreadId":1,"ThreadName":"main","TargetDescription":"Thread-4","JoinPointName":"setName","EventType":"NameChange","NewName":"ExampleThread.4","Runnable":null,"ThreadGroup":null,"NewPriority":0,"Millis":0,"Nanos":0,"IsDaemon":false,"IsInterrupted":false}
{"Timestamp":38455404,"EventClass":"MonitorEvent","ThreadId":1,"ThreadName":"main","TargetDescription":"Thread[ExampleThread.4,5,main]","JoinPointName":"void java.lang.Thread.setName(String)","EventType":"AfterSynchronized","TimeoutMillis":0,"TimeoutNanos":0}
{"Timestamp":38462985,"EventClass":"MonitorEvent","ThreadId":1,"ThreadName":"main","TargetDescription":"Thread[ExampleThread.4,5,main]","JoinPointName":"void java.lang.Thread.start()","EventType":"BeforeSynchronized","TimeoutMillis":0,"TimeoutNanos":0}
{"Timestamp":38468526,"EventClass":"ThreadEvent","ThreadId":1,"ThreadName":"main","TargetDescription":"ExampleThread.4","JoinPointName":"start","EventType":"Start","NewName":null,"Runnable":null,"ThreadGroup":null,"NewPriority":0,"Millis":0,"Nanos":0,"IsDaemon":false,"IsInterrupted":false}
{"Timestamp":38552504,"EventClass":"MonitorEvent","ThreadId":1,"ThreadName":"main","TargetDescription":"Thread[ExampleThread.4,5,main]","JoinPointName":"void java.lang.Thread.start()","EventType":"AfterSynchronized","TimeoutMillis":0,"TimeoutNanos":0}
{"Timestamp":38565042,"EventClass":"MonitorEvent","ThreadId":1,"ThreadName":"main","TargetDescription":"Thread[ExampleThread.4,5,main]","JoinPointName":"void java.lang.Thread.join(long)","EventType":"BeforeSynchronized","TimeoutMillis":0,"TimeoutNanos":0}
{"Timestamp":38570874,"EventClass":"ThreadEvent","ThreadId":1,"ThreadName":"main","TargetDescription":"ExampleThread.4","JoinPointName":"join","EventType":"BeforeJoin","NewName":null,"Runnable":null,"ThreadGroup":null,"NewPriority":0,"Millis":10,"Nanos":0,"IsDaemon":false,"IsInterrupted":false}
{"Timestamp":38607615,"EventClass":"RunnableEvent","ThreadId":14,"ThreadName":"ExampleThread.4","TargetDescription":"us.mattowens.sampleprograms.SemaphoreExample$1@3a71f4dd","JoinPointName":"run","EventType":"BeforeRun"}
{"Timestamp":38628318,"EventClass":"SemaphoreEvent","ThreadId":14,"ThreadName":"ExampleThread.4","TargetDescription":"java.util.concurrent.Semaphore@8efb846[Permits = 1]","JoinPointName":"acquire","EventType":"Acquire","Permits":1,"Timeout":0,"TimeoutUnit":null}
{"Timestamp":38637357,"EventClass":"ThreadEvent","ThreadId":14,"ThreadName":"ExampleThread.4","TargetDescription":"ExampleThread.4","JoinPointName":"sleep","EventType":"BeforeSleep","NewName":null,"Runnable":null,"ThreadGroup":null,"NewPriority":0,"Millis":49,"Nanos":0,"IsDaemon":false,"IsInterrupted":false}
{"Timestamp":48389641,"EventClass":"ThreadEvent","ThreadId":1,"ThreadName":"main","TargetDescription":"ExampleThread.4","JoinPointName":"join","EventType":"AfterJoin","NewName":null,"Runnable":null,"ThreadGroup":null,"NewPriority":0,"Millis":10,"Nanos":0,"IsDaemon":false,"IsInterrupted":false}
{"Timestamp":48403054,"EventClass":"MonitorEvent","ThreadId":1,"ThreadName":"main","TargetDescription":"Thread[ExampleThread.4,5,main]","JoinPointName":"void java.lang.Thread.join(long)","EventType":"AfterSynchronized","TimeoutMillis":0,"TimeoutNanos":0}
{"Timestamp":48424341,"EventClass":"ThreadEvent","ThreadId":1,"ThreadName":"main","TargetDescription":"Thread-5","JoinPointName":"<init>","EventType":"Create","NewName":null,"Runnable":"us.mattowens.sampleprograms.SemaphoreExample$1@7adf9f5f","ThreadGroup":null,"NewPriority":0,"Millis":0,"Nanos":0,"IsDaemon":false,"IsInterrupted":false}
{"Timestamp":48439795,"EventClass":"MonitorEvent","ThreadId":1,"ThreadName":"main","TargetDescription":"Thread[Thread-5,5,main]","JoinPointName":"void java.lang.Thread.setName(String)","EventType":"BeforeSynchronized","TimeoutMillis":0,"TimeoutNanos":0}
{"Timestamp":48445627,"EventClass":"ThreadEvent","ThreadId":1,"ThreadName":"main","TargetDescription":"Thread-5","JoinPointName":"setName","EventType":"NameChange","NewName":"ExampleThread.5","Runnable":null,"ThreadGroup":null,"NewPriority":0,"Millis":0,"Nanos":0,"IsDaemon":false,"IsInterrupted":false}
{"Timestamp":48453208,"EventClass":"MonitorEvent","ThreadId":1,"ThreadName":"main","TargetDescription":"Thread[ExampleThread.5,5,main]","JoinPointName":"void java.lang.Thread.setName(String)","EventType":"AfterSynchronized","TimeoutMillis":0,"TimeoutNanos":0}
{"Timestamp":48460790,"EventClass":"MonitorEvent","ThreadId":1,"ThreadName":"main","TargetDescription":"Thread[ExampleThread.5,5,main]","JoinPointName":"void java.lang.Thread.start()","EventType":"BeforeSynchronized","TimeoutMillis":0,"TimeoutNanos":0}
{"Timestamp":48466038,"EventClass":"ThreadEvent","ThreadId":1,"ThreadName":"main","TargetDescription":"ExampleThread.5","JoinPointName":"start","EventType":"Start","NewName":null,"Runnable":null,"ThreadGroup":null,"NewPriority":0,"Millis":0,"Nanos":0,"IsDaemon":false,"IsInterrupted":false}
{"Timestamp":48542727,"EventClass":"MonitorEvent","ThreadId":1,"ThreadName":"main","TargetDescription":"Thread[ExampleThread.5,5,main]","JoinPointName":"void java.lang.Thread.start()","EventType":"AfterSynchronized","TimeoutMillis":0,"TimeoutNanos":0}
{"Timestamp":48553807,"EventClass":"MonitorEvent","ThreadId":1,"ThreadName":"main","TargetDescription":"Thread[ExampleThread.5,5,main]","JoinPointName":"void java.lang.Thread.join(long)","EventType":"BeforeSynchronized","TimeoutMillis":0,"TimeoutNanos":0}
{"Timestamp":48559639,"EventClass":"ThreadEvent","ThreadId":1,"ThreadName":"main","TargetDescription":"ExampleThread.5","JoinPointName":"join","EventType":"BeforeJoin","NewName":null,"Runnable":null,"ThreadGroup":null,"NewPriority":0,"Millis":10,"Nanos":0,"IsDaemon":false,"IsInterrupted":false}
{"Timestamp":48601045,"EventClass":"RunnableEvent","ThreadId":15,"ThreadName":"ExampleThread.5","TargetDescription":"us.mattowens.sampleprograms.SemaphoreExample$1@7adf9f5f","JoinPointName":"run","EventType":"BeforeRun"}
{"Timestamp":48624664,"EventClass":"SemaphoreEvent","ThreadId":15,"ThreadName":"ExampleThread.5","TargetDescription":"java.util.concurrent.Semaphore@8efb846[Permits = 0]","JoinPointName":"acquire","EventType":"Acquire","Permits":1,"Timeout":0,"TimeoutUnit":null}
{"Timestamp":48634287,"EventClass":"ThreadEvent","ThreadId":15,"ThreadName":"ExampleThread.5","TargetDescription":"ExampleThread.5","JoinPointName":"sleep","EventType":"BeforeSleep","NewName":null,"Runnable":null,"ThreadGroup":null,"NewPriority":0,"Millis":70,"Nanos":0,"IsDaemon":false,"IsInterrupted":false}
{"Timestamp":58432642,"EventClass":"ThreadEvent","ThreadId":1,"ThreadName":"main","TargetDescription":"ExampleThread.5","JoinPointName":"join","EventType":"AfterJoin","NewName":null,"Runnable":null,"ThreadGroup":null,"NewPriority":0,"Millis":10,"Nanos":0,"IsDaemon":false,"IsInterrupted":false}
{"Timestamp":58447805,"EventClass":"MonitorEvent","ThreadId":1,"ThreadName":"main","TargetDescription":"Thread[ExampleThread.5,5,main]","JoinPointName":"void java.lang.Thread.join(long)","EventType":"AfterSynchronized","TimeoutMillis":0,"TimeoutNanos":0}
{"Timestamp":58469091,"EventClass":"ThreadEvent","ThreadId":1,"ThreadName":"main","TargetDescription":"Thread-6","JoinPointName":"<init>","EventType":"Create","NewName":null,"Runnable":"us.mattowens.sampleprograms.SemaphoreExample$1@85ede7b","ThreadGroup":null,"NewPriority":0,"Millis":0,"Nanos":0,"IsDaemon":false,"IsInterrupted":false}
{"Timestamp":58481921,"EventClass":"MonitorEvent","ThreadId":1,"ThreadName":"main","TargetDescription":"Thread[Thread-6,5,main]","JoinPointName":"void java.lang.Thread.setName(String)","EventType":"BeforeSynchronized","TimeoutMillis":0,"TimeoutNanos":0}
{"Timestamp":58487462,"EventClass":"ThreadEvent","ThreadId":1,"ThreadName":"main","TargetDescription":"Thread-6","JoinPointName":"setName","EventType":"NameChange","NewName":"ExampleThread.6","Runnable":null,"ThreadGroup":null,"NewPriority":0,"Millis":0,"Nanos":0,"IsDaemon":false,"IsInterrupted":false}
{"Timestamp":58495043,"EventClass":"MonitorEvent","ThreadId":1,"ThreadName":"main","TargetDescription":"Thread[ExampleThread.6,5,main]","JoinPointName":"void java.lang.Thread.setName(String)","EventType":"AfterSynchronized","TimeoutMillis":0,"TimeoutNanos":0}
{"Timestamp":58502333,"EventClass":"MonitorEvent","ThreadId":1,"ThreadName":"main","TargetDescription":"Thread[ExampleThread.6,5,main]","JoinPointName":"void java.lang.Thread.start()","EventType":"BeforeSynchronized","TimeoutMillis":0,"TimeoutNanos":0}
{"Timestamp":58508165,"EventClass":"ThreadEvent","ThreadId":1,"ThreadName":"main","TargetDescription":"ExampleThread.6","JoinPointName":"start","EventType":"Start","NewName":null,"Runnable":null,"ThreadGroup":null,"NewPriority":0,"Millis":0,"Nanos":0,"IsDaemon":false,"IsInterrupted":false}
{"Timestamp":58590102,"EventClass":"MonitorEvent","ThreadId":1,"ThreadName":"main","TargetDescription":"Thread[ExampleThread.6,5,main]","JoinPointName":"void java.lang.Thread.start()","EventType":"AfterSynchronized","TimeoutMillis":0,"TimeoutNanos":0}
{"Timestamp":58598850,"EventClass":"MonitorEvent","ThreadId":1,"ThreadName":"main","TargetDescription":"Thread[ExampleThread.6,5,main]","JoinPointName":"void java.lang.Thread.join(long)","EventType":"BeforeSynchronized","TimeoutMillis":0,"TimeoutNanos":0}
{"Timestamp":58604098,"EventClass":"ThreadEvent","ThreadId":1,"ThreadName":"main","TargetDescription":"ExampleThread.6","JoinPointName":"join","EventType":"BeforeJoin","NewName":null,"Runnable":null,"ThreadGroup":null,"NewPriority":0,"Millis":10,"Nanos":0,"IsDaemon":false,"IsInterrupted":false}
{"Timestamp":58653960,"EventClass":"RunnableEvent","ThreadId":16,"ThreadName":"ExampleThread.6","TargetDescription":"us.mattowens.sampleprograms.SemaphoreExample$1@85ede7b","JoinPointName":"run","EventType":"BeforeRun"}
{"Timestamp":68432196,"EventClass":"ThreadEvent","ThreadId":1,"ThreadName":"main","TargetDescription":"ExampleThread.6","JoinPointName":"join","EventType":"AfterJoin","NewName":null,"Runnable":null,"ThreadGroup":null,"NewPriority":0,"Millis":10,"Nanos":0,"IsDaemon":false,"IsInterrupted":false}
{"Timestamp":68447942,"EventClass":"MonitorEvent","ThreadId":1,"ThreadName":"main","TargetDescription":"Thread[ExampleThread.6,5,main]","JoinPointName":"void java.lang.Thread.join(long)","EventType":"AfterSynchronized","TimeoutMillis":0,"TimeoutNanos":0}
{"Timestamp":68473019,"EventClass":"ThreadEvent","ThreadId":1,"ThreadName":"main","TargetDescription":"Thread-7","JoinPointName":"<init>","EventType":"Create","NewName":null,"Runnable":"us.mattowens.sampleprograms.SemaphoreExample$1@5674cd4d","ThreadGroup":null,"NewPriority":0,"Millis":0,"Nanos":0,"IsDaemon":false,"IsInterrupted":false}
{"Timestamp":68487890,"EventClass":"MonitorEvent","ThreadId":1,"ThreadName":"main","TargetDescription":"Thread[Thread-7,5,main]","JoinPointName":"void java.lang.Thread.setName(String)","EventType":"BeforeSynchronized","TimeoutMillis":0,"TimeoutNanos":0}
{"Timestamp":68493722,"EventClass":"ThreadEvent","ThreadId":1,"ThreadName":"main","TargetDescription":"Thread-7","JoinPointName":"setName","EventType":"NameChange","NewName":"ExampleThread.7","Runnable":null,"ThreadGroup":null,"NewPriority":0,"Millis":0,"Nanos":0,"IsDaemon":false,"IsInterrupted":false}
{"Timestamp":68503928,"EventClass":"MonitorEvent","ThreadId":1,"ThreadName":"main","TargetDescription":"Thread[ExampleThread.7,5,main]","JoinPointName":"void java.lang.Thread.setName(String)","EventType":"AfterSynchronized","TimeoutMillis":0,"TimeoutNanos":0}
{"Timestamp":68511509,"EventClass":"MonitorEvent","ThreadId":1,"ThreadName":"main","TargetDescription":"Thread[ExampleThread.7,5,main]","JoinPointName":"void java.lang.Thread.start()","EventType":"BeforeSynchronized","TimeoutMillis":0,"TimeoutNanos":0}
{"Timestamp":68517341,"EventClass":"ThreadEvent","ThreadId":1,"ThreadName":"main","TargetDescription":"ExampleThread.7","JoinPointName":"start","EventType":"Start","NewName":null,"Runnable":null,"ThreadGroup":null,"NewPriority":0,"Millis":0,"Nanos":0,"IsDaemon":false,"IsInterrupted":false}
{"Timestamp":68610650,"EventClass":"MonitorEvent","ThreadId":1,"ThreadName":"main","TargetDescription":"Thread[ExampleThread.7,5,main]","JoinPointName":"void java.lang.Thread.start()","EventType":"AfterSynchronized","TimeoutMillis":0,"TimeoutNanos":0}
{"Timestamp":68624647,"EventClass":"MonitorEvent","ThreadId":1,"ThreadName":"main","TargetDescription":"Thread[ExampleThread.7,5,main]","JoinPointName":"void java.lang.Thread.join(long)","EventType":"BeforeSynchronized","TimeoutMillis":0,"TimeoutNanos":0}
{"Timestamp":68630770,"EventClass":"ThreadEvent","ThreadId":1,"ThreadName":"main","TargetDescription":"ExampleThread.7","JoinPointName":"join","EventType":"BeforeJoin","NewName":null,"Runnable":null,"ThreadGroup":null,"NewPriority":0,"Millis":10,"Nanos":0,"IsDaemon":false,"IsInterrupted":false}
{"Timestamp":68657305,"EventClass":"RunnableEvent","ThreadId":17,"ThreadName":"ExampleThread.7","TargetDescription":"us.mattowens.sampleprograms.SemaphoreExample$1@5674cd4d","JoinPointName":"run","EventType":"BeforeRun"}
{"Timestamp":78385970,"EventClass":"ThreadEvent","ThreadId":1,"ThreadName":"main","TargetDescription":"ExampleThread.7","JoinPointName":"join","EventType":"AfterJoin","NewName":null,"Runnable":null,"ThreadGroup":null,"NewPriority":0,"Millis":10,"Nanos":0,"IsDaemon":false,"IsInterrupted":false}
{"Timestamp":78402591,"EventClass":"MonitorEvent","ThreadId":1,"ThreadName":"main","TargetDescription":"Thread[ExampleThread.7,5,main]","JoinPointName":"void java.lang.Thread.join(long)","EventType":"AfterSynchronized","TimeoutMillis":0,"TimeoutNanos":0}
{"Timestamp":78425335,"EventClass":"ThreadEvent","ThreadId":1,"ThreadName":"main","TargetDescription":"Thread-8","JoinPointName":"<init>","EventType":"Create","NewName":null,"Runnable":"us.mattowens.sampleprograms.SemaphoreExample$1@63961c42","ThreadGroup":null,"NewPriority":0,"Millis":0,"Nanos":0,"IsDaemon":false,"IsInterrupted":false}
{"Timestamp":78441373,"EventClass":"MonitorEvent","ThreadId":1,"ThreadName":"main","TargetDescription":"Thread[Thread-8,5,main]","JoinPointName":"void java.lang.Thread.setName(String)","EventType":"BeforeSynchronized","TimeoutMillis":0,"TimeoutNanos":0}
{"Timestamp":78446913,"EventClass":"ThreadEvent","ThreadId":1,"ThreadName":"main","TargetDescription":"Thread-8","JoinPointName":"setName","EventType":"NameChange","NewName":"ExampleThread.8","Runnable":null,"ThreadGroup":null,"NewPriority":0,"Millis":0,"Nanos":0,"IsDaemon":false,"IsInterrupted":false}
{"Timestamp":78454494,"EventClass":"MonitorEvent","ThreadId":1,"ThreadName":"main","TargetDescription":"Thread[ExampleThread.8,5,main]","JoinPointName":"void java.lang.Thread.setName(String)","EventType":"AfterSynchronized","TimeoutMillis":0,"TimeoutNanos":0}
{"Timestamp":78462367,"EventClass":"MonitorEvent","ThreadId":1,"ThreadName":"main","TargetDescription":"Thread[ExampleThread.8,5,main]","JoinPointName":"void java.lang.Thread.start()","EventType":"BeforeSynchronized","TimeoutMillis":0,"TimeoutNanos":0}
{"Timestamp":78467907,"EventClass":"ThreadEvent","ThreadId":1,"ThreadName":"main","TargetDescription":"ExampleThread.8","JoinPointName":"start","EventType":"Start","NewName":null,"Runnable":null,"ThreadGroup":null,"NewPriority":0,"Millis":0,"Nanos":0,"IsDaemon":false,"IsInterrupted":false}
{"Timestamp":78548970,"EventClass":"MonitorEvent","ThreadId":1,"ThreadName":"main","TargetDescription":"Thread[ExampleThread.8,5,main]","JoinPointName":"void java.lang.Thread.start()","EventType":"AfterSynchronized","TimeoutMillis":0,"TimeoutNanos":0}
{"Timestamp":78557718,"EventClass":"MonitorEvent","ThreadId":1,"ThreadName":"main","TargetDescription":"Thread[ExampleThread.8,5,main]","JoinPointName":"void java.lang.Thread.join(long)","EventType":"BeforeSynchronized","TimeoutMillis":0,"TimeoutNanos":0}
{"Timestamp":78563258,"EventClass":"ThreadEvent","ThreadId":1,"ThreadName":"main","TargetDescription":"ExampleThread.8","JoinPointName":"join","EventType":"BeforeJoin","NewName":null,"Runnable":null,"ThreadGroup":null,"NewPriority":0,"Millis":10,"Nanos":0,"IsDaemon":false,"IsInterrupted":false}
{"Timestamp":78609621,"EventClass":"RunnableEvent","ThreadId":18,"ThreadName":"ExampleThread.8","TargetDescription":"us.mattowens.sampleprograms.SemaphoreExample$1@63961c42","JoinPointName":"run","EventType":"BeforeRun"}
{"Timestamp":87532910,"EventClass":"ThreadEvent","ThreadId":14,"ThreadName":"ExampleThread.4","TargetDescription":"ExampleThread.4","JoinPointName":"sleep","EventType":"AfterSleep","NewName":null,"Runnable":null,"ThreadGroup":null,"NewPriority":0,"Millis":49,"Nanos":0,"IsDaemon":false,"IsInterrupted":false}
{"Timestamp":87558278,"EventClass":"SemaphoreEvent","ThreadId":14,"ThreadName":"ExampleThread.4","TargetDescription":"java.util.concurrent.Semaphore@8efb846[Permits = 0]","JoinPointName":"release","EventType":"Release","Permits":1,"Timeout":0,"TimeoutUnit":null}
{"Timestamp":87640507,"EventClass":"SemaphoreEvent","ThreadId":16,"ThreadName":"ExampleThread.6","TargetDescription":"java.util.concurrent.Semaphore@8efb846[Permits = 0]","JoinPointName":"acquire","EventType":"Acquire","Permits":1,"Timeout":0,"TimeoutUnit":null}
{"Timestamp":87656545,"EventClass":"ThreadEvent","ThreadId":16,"ThreadName":"ExampleThread.6","TargetDescription":"ExampleThread.6","JoinPointName":"sleep","EventType":"BeforeSleep","NewName":null,"Runnable":null,"ThreadGroup":null,"NewPriority":0,"Millis":302,"Nanos":0,"IsDaemon":false,"IsInterrupted":false}
{"Timestamp":88433053,"EventClass":"ThreadEvent","ThreadId":1,"ThreadName":"main","TargetDescription":"ExampleThread.8","JoinPointName":"join","EventType":"AfterJoin","NewName":null,"Runnable":null,"ThreadGroup":null,"NewPriority":0,"Millis":10,"Nanos":0,"IsDaemon":false,"IsInterrupted":false}
{"Timestamp":88451132,"EventClass":"MonitorEvent","ThreadId":1,"ThreadName":"main","TargetDescription":"Thread[ExampleThread.8,5,main]","JoinPointName":"void java.lang.Thread.join(long)","EventType":"AfterSynchronized","TimeoutMillis":0,"TimeoutNanos":0}
{"Timestamp":88473293,"EventClass":"ThreadEvent","ThreadId":1,"ThreadName":"main","TargetDescription":"Thread-9","JoinPointName":"<init>","EventType":"Create","NewName":null,"Runnable":"us.mattowens.sampleprograms.SemaphoreExample$1@65b54208","ThreadGroup":null,"NewPriority":0,"Millis":0,"Nanos":0,"IsDaemon":false,"IsInterrupted":false}
{"Timestamp":88489622,"EventClass":"MonitorEvent","ThreadId":1,"ThreadName":"main","TargetDescription":"Thread[Thread-9,5,main]","JoinPointName":"void java.lang.Thread.setName(String)","EventType":"BeforeSynchronized","TimeoutMillis":0,"TimeoutNanos":0}
{"Timestamp":88495454,"EventClass":"ThreadEvent","ThreadId":1,"ThreadName":"main","TargetDescription":"Thread-9","JoinPointName":"setName","EventType":"NameChange","NewName":"ExampleThread.9","Runnable":null,"ThreadGroup":null,"NewPriority":0,"Millis":0,"Nanos":0,"IsDaemon":false,"IsInterrupted":false}
{"Timestamp":88503327,"EventClass":"MonitorEvent","ThreadId":1,"ThreadName":"main","TargetDescription":"Thread[ExampleThread.9,5,main]","JoinPointName":"void java.lang.Thread.setName(String)","EventType":"AfterSynchronized","TimeoutMillis":0,"TimeoutNanos":0}
{"Timestamp":88510908,"EventClass":"MonitorEvent","ThreadId":1,"ThreadName":"main","TargetDescription":"Thread[ExampleThread.9,5,main]","JoinPointName":"void java.lang.Thread.start()","EventType":"BeforeSynchronized","TimeoutMillis":0,"TimeoutNanos":0}
{"Timestamp":88517323,"EventClass":"ThreadEvent","ThreadId":1,"ThreadName":"main","TargetDescription":"ExampleThread.9","JoinPointName":"start","EventType":"Start","NewName":null,"Runnable":null,"ThreadGroup":null,"NewPriority":0,"Millis":0,"Nanos":0,"IsDaemon":false,"IsInterrupted":false}
{"Timestamp":88606259,"EventClass":"MonitorEvent","ThreadId":1,"ThreadName":"main","TargetDescription":"Thread[ExampleThread.9,5,main]","JoinPointName":"void java.lang.Thread.start()","EventType":"AfterSynchronized","TimeoutMillis":0,"TimeoutNanos":0}
{"Timestamp":88618506,"EventClass":"MonitorEvent","ThreadId":1,"ThreadName":"main","TargetDescription":"Thread[ExampleThread.9,5,main]","JoinPointName":"void java.lang.Thread.join(long)","EventType":"BeforeSynchronized","TimeoutMillis":0,"TimeoutNanos":0}
{"Timestamp":88623754,"EventClass":"ThreadEvent","ThreadId":1,"ThreadName":"main","TargetDescription":"ExampleThread.9","JoinPointName":"join","EventType":"BeforeJoin","NewName":null,"Runnable":null,"ThreadGroup":null,"NewPriority":0,"Millis":10,"Nanos":0,"IsDaemon":false,"IsInterrupted":false}
{"Timestamp":88687321,"EventClass":"RunnableEvent","ThreadId":19,"ThreadName":"ExampleThread.9","TargetDescription":"us.mattowens.sampleprograms.SemaphoreExample$1@65b54208","JoinPointName":"run","EventType":"BeforeRun"}
{"Timestamp":98439022,"EventClass":"ThreadEvent","ThreadId":1,"ThreadName":"main","TargetDescription":"ExampleThread.9","JoinPointName":"join","EventType":"AfterJoin","NewName":null,"Runnable":null,"ThreadGroup":null,"NewPriority":0,"Millis":10,"Nanos":0,"IsDaemon":false,"IsInterrupted":false}
{"Timestamp":98458851,"EventClass":"MonitorEvent","ThreadId":1,"ThreadName":"main","TargetDescription":"Thread[ExampleThread.9,5,main]","JoinPointName":"void java.lang.Thread.join(long)","EventType":"AfterSynchronized","TimeoutMillis":0,"TimeoutNanos":0}
{"Timestamp":98482469,"EventClass":"ThreadEvent","ThreadId":1,"ThreadName":"main","TargetDescription":"Thread-10","JoinPointName":"<init>","EventType":"Create","NewName":null,"Runnable":"us.mattowens.sampleprograms.SemaphoreExample$1@1be6f5c3","ThreadGroup":null,"NewPriority":0,"Millis":0,"Nanos":0,"IsDaemon":false,"IsInterrupted":false}
{"Timestamp":98499090,"EventClass":"MonitorEvent","ThreadId":1,"ThreadName":"main","TargetDescription":"Thread[Thread-10,5,main]","JoinPointName":"void java.lang.Thread.setName(String)","EventType":"BeforeSynchronized","TimeoutMillis":0,"TimeoutNanos":0}
{"Timestamp":98513378,"EventClass":"ThreadEvent","ThreadId":1,"ThreadName":"main","TargetDescription":"Thread-10","JoinPointName":"setName","EventType":"NameChange","NewName":"ExampleThread.10","Runnable":null,"ThreadGroup":null,"NewPriority":0,"Millis":0,"Nanos":0,"IsDaemon":false,"IsInterrupted":false}
{"Timestamp":98523584,"EventClass":"MonitorEvent","ThreadId":1,"ThreadName":"main","TargetDescription":"Thread[ExampleThread.10,5,main]","JoinPointName":"void java.lang.Thread.setName(String)","EventType":"AfterSynchronized","TimeoutMillis":0,"TimeoutNanos":0}
{"Timestamp":98531165,"EventClass":"MonitorEvent","ThreadId":1,"ThreadName":"main","TargetDescription":"Thread[ExampleThread.10,5,main]","JoinPointName":"void java.lang.Thread.start()","EventType":"BeforeSynchronized","TimeoutMillis":0,"TimeoutNanos":0}
{"Timestamp":98536706,"EventClass":"ThreadEvent","ThreadId":1,"ThreadName":"main","TargetDescription":"ExampleThread.10","JoinPointName":"start","EventType":"Start","NewName":null,"Runnable":null,"ThreadGroup":null,"NewPriority":0,"Millis":0,"Nanos":0,"IsDaemon":false,"IsInterrupted":false}
{"Timestamp":98620101,"EventClass":"MonitorEvent","ThreadId":1,"ThreadName":"main","TargetDescription":"Thread[ExampleThread.10,5,main]","JoinPointName":"void java.lang.Thread.start()","EventType":"AfterSynchronized","TimeoutMillis":0,"TimeoutNanos":0}
{"Timestamp":98629140,"EventClass":"MonitorEvent","ThreadId":1,"ThreadName":"main","TargetDescription":"Thread[ExampleThread.10,5,main]","JoinPointName":"void java.lang.Thread.join(long)","EventType":"BeforeSynchronized","TimeoutMillis":0,"TimeoutNanos":0}
{"Timestamp":98634389,"EventClass":"ThreadEvent","ThreadId":1,"ThreadName":"main","TargetDescription":"ExampleThread.10","JoinPointName":"join","EventType":"BeforeJoin","NewName":null,"Runnable":null,"ThreadGroup":null,"NewPriority":0,"Millis":10,"Nanos":0,"IsDaemon":false,"IsInterrupted":false}
{"Timestamp":98683668,"EventClass":"RunnableEvent","ThreadId":20,"ThreadName":"ExampleThread.10","TargetDescription":"us.mattowens.sampleprograms.SemaphoreExample$1@1be6f5c3","JoinPointName":"run","EventType":"BeforeRun"}
{"Timestamp":108441201,"EventClass":"ThreadEvent","ThreadId":1,"ThreadName":"main","TargetDescription":"ExampleThread.10","JoinPointName":"join","EventType":"AfterJoin","NewName":null,"Runnable":null,"ThreadGroup":null,"NewPriority":0,"Millis":10,"Nanos":0,"IsDaemon":false,"IsInterrupted":false}
{"Timestamp":108457821,"EventClass":"MonitorEvent","ThreadId":1,"ThreadName":"main","TargetDescription":"Thread[ExampleThread.10,5,main]","JoinPointName":"void java.lang.Thread.join(long)","EventType":"AfterSynchronized","TimeoutMillis":0,"TimeoutNanos":0}
{"Timestamp":118382728,"EventClass":"ThreadEvent","ThreadId":15,"ThreadName":"ExampleThread.5","TargetDescription":"ExampleThread.5","JoinPointName":"sleep","EventType":"AfterSleep","NewName":null,"Runnable":null,"ThreadGroup":null,"NewPriority":0,"Millis":70,"Nanos":0,"IsDaemon":false,"IsInterrupted":false}
{"Timestamp":118404305,"EventClass":"SemaphoreEvent","ThreadId":15,"ThreadName":"ExampleThread.5","TargetDescription":"java.util.concurrent.Semaphore@8efb846[Permits = 0]","JoinPointName":"release","EventType":"Release","Permits":1,"Timeout":0,"TimeoutUnit":null}
{"Timestamp":118438713,"EventClass":"SemaphoreEvent","ThreadId":15,"ThreadName":"ExampleThread.5","TargetDescription":"java.util.concurrent.Semaphore@8efb846[Permits = 0]","JoinPointName":"acquire","EventType":"Acquire","Permits":0,"Timeout":0,"TimeoutUnit":null}
{"Timestamp":118450377,"EventClass":"ThreadEvent","ThreadId":15,"ThreadName":"ExampleThread.5","TargetDescription":"ExampleThread.5","JoinPointName":"sleep","EventType":"BeforeSleep","NewName":null,"Runnable":null,"ThreadGroup":null,"NewPriority":0,"Millis":183,"Nanos":0,"IsDaemon":false,"IsInterrupted":false}
{"Timestamp":118447753,"EventClass":"SemaphoreEvent","ThreadId":17,"ThreadName":"ExampleThread.7","TargetDescription":"java.util.concurrent.Semaphore@8efb846[Permits = 0]","JoinPointName":"acquire","EventType":"Acquire","Permits":1,"Timeout":0,"TimeoutUnit":null}
{"Timestamp":118463790,"EventClass":"ThreadEvent","ThreadId":17,"ThreadName":"ExampleThread.7","TargetDescription":"ExampleThread.7","JoinPointName":"sleep","EventType":"BeforeSleep","NewName":null,"Runnable":null,"ThreadGroup":null,"NewPriority":0,"Millis":426,"Nanos":0,"IsDaemon":false,"IsInterrupted":false}
{"Timestamp":141453754,"EventClass":"ThreadEvent","ThreadId":11,"ThreadName":"ExampleThread.1","TargetDescription":"ExampleThread.1","JoinPointName":"sleep","EventType":"AfterSleep","NewName":null,"Runnable":null,"ThreadGroup":null,"NewPriority":0,"Millis":131,"Nanos":0,"IsDaemon":false,"IsInterrupted":false}
{"Timestamp":141493119,"EventClass":"SemaphoreEvent","ThreadId":11,"ThreadName":"ExampleThread.1","TargetDescription":"java.util.concurrent.Semaphore@8efb846[Permits = 0]","JoinPointName":"release","EventType":"Release","Permits":1,"Timeout":0,"TimeoutUnit":null}
{"Timestamp":141537441,"EventClass":"SemaphoreEvent","ThreadId":18,"ThreadName":"ExampleThread.8","TargetDescription":"java.util.concurrent.Semaphore@8efb846[Permits = 0]","JoinPointName":"acquire","EventType":"Acquire","Permits":1,"Timeout":0,"TimeoutUnit":null}
{"Timestamp":141553187,"EventClass":"ThreadEvent","ThreadId":18,"ThreadName":"ExampleThread.8","TargetDescription":"ExampleThread.8","JoinPointName":"sleep","EventType":"BeforeSleep","NewName":null,"Runnable":null,"ThreadGroup":null,"NewPriority":0,"Millis":50,"Nanos":0,"IsDaemon":false,"IsInterrupted":false}
{"Timestamp":191445983,"EventClass":"ThreadEvent","ThreadId":18,"ThreadName":"ExampleThread.8","TargetDescription":"ExampleThread.8","JoinPointName":"sleep","EventType":"AfterSleep","NewName":null,"Runnable":null,"ThreadGroup":null,"NewPriority":0,"Millis":50,"Nanos":0,"IsDaemon":false,"IsInterrupted":false}
{"Timestamp":191467561,"EventClass":"SemaphoreEvent","ThreadId":18,"ThreadName":"ExampleThread.8","TargetDescription":"java.util.concurrent.Semaphore@8efb846[Permits = 0]","JoinPointName":"release","EventType":"Release","Permits":1,"Timeout":0,"TimeoutUnit":null}
{"Timestamp":222388818,"EventClass":"ThreadEvent","ThreadId":12,"ThreadName":"ExampleThread.2","TargetDescription":"ExampleThread.2","JoinPointName":"sleep","EventType":"AfterSleep","NewName":null,"Runnable":null,"ThreadGroup":null,"NewPriority":0,"Millis":204,"Nanos":0,"IsDaemon":false,"IsInterrupted":false}
{"Timestamp":222412146,"EventClass":"SemaphoreEvent","ThreadId":12,"ThreadName":"ExampleThread.2","TargetDescription":"java.util.concurrent.Semaphore@8efb846[Permits = 1]","JoinPointName":"release","EventType":"Release","Permits":1,"Timeout":0,"TimeoutUnit":null}
{"Timestamp":230390678,"EventClass":"ThreadEvent","ThreadId":13,"ThreadName":"ExampleThread.3","TargetDescription":"ExampleThread.3","JoinPointName":"sleep","EventType":"AfterSleep","NewName":null,"Runnable":null,"ThreadGroup":null,"NewPriority":0,"Millis":202,"Nanos":0,"IsDaemon":false,"IsInterrupted":false}
{"Timestamp":230414588,"EventClass":"SemaphoreEvent","ThreadId":13,"ThreadName":"ExampleThread.3","TargetDescription":"java.util.concurrent.Semaphore@8efb846[Permits = 2]","JoinPointName":"release","EventType":"Release","Permits":1,"Timeout":0,"TimeoutUnit":null}
{"Timestamp":230458035,"EventClass":"SemaphoreEvent","ThreadId":14,"ThreadName":"ExampleThread.4","TargetDescription":"java.util.concurrent.Semaphore@8efb846[Permits = 0]","JoinPointName":"acquire","EventType":"Acquire","Permits":3,"Timeout":0,"TimeoutUnit":null}
{"Timestamp":230473781,"EventClass":"ThreadEvent","ThreadId":14,"ThreadName":"ExampleThread.4","TargetDescription":"ExampleThread.4","JoinPointName":"sleep","EventType":"BeforeSleep","NewName":null,"Runnable":null,"ThreadGroup":null,"NewPriority":0,"Millis":125,"Nanos":0,"IsDaemon":false,"IsInterrupted":false}
{"Timestamp":301514557,"EventClass":"ThreadEvent","ThreadId":15,"ThreadName":"ExampleThread.5","TargetDescription":"ExampleThread.5","JoinPointName":"sleep","EventType":"AfterSleep","NewName":null,"Runnable":null,"ThreadGroup":null,"NewPriority":0,"Millis":183,"Nanos":0,"IsDaemon":false,"IsInterrupted":false}
{"Timestamp":301566168,"EventClass":"SemaphoreEvent","ThreadId":15,"ThreadName":"ExampleThread.5","TargetDescription":"java.util.concurrent.Semaphore@8efb846[Permits = 0]","JoinPointName":"release","EventType":"Release","Permits":0,"Timeout":0,"TimeoutUnit":null}
{"Timestamp":301597077,"EventClass":"SemaphoreEvent","ThreadId":15,"ThreadName":"ExampleThread.5","TargetDescription":"java.util.concurrent.Semaphore@8efb846[Permits = 0]","JoinPointName":"tryAcquire","EventType":"TryAcquireFailure","Permits":1,"Timeout":0,"TimeoutUnit":null}
{"Timestamp":355458145,"EventClass":"ThreadEvent","ThreadId":14,"ThreadName":"ExampleThread.4","TargetDescription":"ExampleThread.4","JoinPointName":"sleep","EventType":"AfterSleep","NewName":null,"Runnable":null,"ThreadGroup":null,"NewPriority":0,"Millis":125,"Nanos":0,"IsDaemon":false,"IsInterrupted":false}
{"Timestamp":355478556,"EventClass":"SemaphoreEvent","ThreadId":14,"ThreadName":"ExampleThread.4","TargetDescription":"java.util.concurrent.Semaphore@8efb846[Permits = 0]","JoinPointName":"release","EventType":"Release","Permits":3,"Timeout":0,"TimeoutUnit":null}
{"Timestamp":355500425,"EventClass":"SemaphoreEvent","ThreadId":14,"ThreadName":"ExampleThread.4","TargetDescription":"java.util.concurrent.Semaphore@8efb846[Permits = 2]","JoinPointName":"tryAcquire","EventType":"Acquire","Permits":1,"Timeout":0,"TimeoutUnit":null}
{"Timestamp":355512381,"EventClass":"ThreadEvent","ThreadId":14,"ThreadName":"ExampleThread.4","TargetDescription":"ExampleThread.4","JoinPointName":"sleep","EventType":"BeforeSleep","NewName":null,"Runnable":null,"ThreadGroup":null,"NewPriority":0,"Millis":367,"Nanos":0,"IsDaemon":false,"IsInterrupted":false}
{"Timestamp":355527252,"EventClass":"SemaphoreEvent","ThreadId":19,"ThreadName":"ExampleThread.9","TargetDescription":"java.util.concurrent.Semaphore@8efb846[Permits = 1]","JoinPointName":"acquire","EventType":"Acquire","Permits":1,"Timeout":0,"TimeoutUnit":null}
{"Timestamp":355543581,"EventClass":"ThreadEvent","ThreadId":19,"ThreadName":"ExampleThread.9","TargetDescription":"ExampleThread.9","JoinPointName":"sleep","EventType":"BeforeSleep","NewName":null,"Runnable":null,"ThreadGroup":null,"NewPriority":0,"Millis":186,"Nanos":0,"IsDaemon":false,"IsInterrupted":false}
{"Timestamp":355548538,"EventClass":"SemaphoreEvent","ThreadId":20,"ThreadName":"ExampleThread.10","TargetDescription":"java.util.concurrent.Semaphore@8efb846[Permits = 0]","JoinPointName":"acquire","EventType":"Acquire","Permits":1,"Timeout":0,"TimeoutUnit":null}
{"Timestamp":355564867,"EventClass":"ThreadEvent","ThreadId":20,"ThreadName":"ExampleThread.10","TargetDescription":"ExampleThread.10","JoinPointName":"sleep","EventType":"BeforeSleep","NewName":null,"Runnable":null,"ThreadGroup":null,"NewPriority":0,"Millis":364,"Nanos":0,"IsDaemon":false,"IsInterrupted":false}
{"Timestamp":389476106,"EventClass":"ThreadEvent","ThreadId":16,"ThreadName":"ExampleThread.6","TargetDescription":"ExampleThread.6","JoinPointName":"sleep","EventType":"AfterSleep","NewName":null,"Runnable":null,"ThreadGroup":null,"NewPriority":0,"Millis":302,"Nanos":0,"IsDaemon":false,"IsInterrupted":false}
{"Timestamp":389515763,"EventClass":"SemaphoreEvent","ThreadId":16,"ThreadName":"ExampleThread.6","TargetDescription":"java.util.concurrent.Semaphore@8efb846[Permits = 0]","JoinPointName":"release","EventType":"Release","Permits":1,"Timeout":0,"TimeoutUnit":null}
{"Timestamp":541474107,"EventClass":"ThreadEvent","ThreadId":19,"ThreadName":"ExampleThread.9","TargetDescription":"ExampleThread.9","JoinPointName":"sleep","EventType":"AfterSleep","NewName":null,"Runnable":null,"ThreadGroup":null,"NewPriority":0,"Millis":186,"Nanos":0,"IsDaemon":false,"IsInterrupted":false}
{"Timestamp":541507348,"EventClass":"SemaphoreEvent","ThreadId":19,"ThreadName":"ExampleThread.9","TargetDescription":"java.util.concurrent.Semaphore@8efb846[Permits = 1]","JoinPointName":"release","EventType":"Release","Permits":1,"Timeout":0,"TimeoutUnit":null}
{"Timestamp":541738289,"EventClass":"SemaphoreEvent","ThreadId":19,"ThreadName":"ExampleThread.9","TargetDescription":"java.util.concurrent.Semaphore@8efb846[Permits = 1]","JoinPointName":"acquire","EventType":"Acquire","Permits":1,"Timeout":0,"TimeoutUnit":null}
{"Timestamp":541748203,"EventClass":"ThreadEvent","ThreadId":19,"ThreadName":"ExampleThread.9","TargetDescription":"ExampleThread.9","JoinPointName":"sleep","EventType":"BeforeSleep","NewName":null,"Runnable":null,"ThreadGroup":null,"NewPriority":0,"Millis":347,"Nanos":0,"IsDaemon":false,"IsInterrupted":false}
{"Timestamp":544508702,"EventClass":"ThreadEvent","ThreadId":17,"ThreadName":"ExampleThread.7","TargetDescription":"ExampleThread.7","JoinPointName":"sleep","EventType":"AfterSleep","NewName":null,"Runnable":null,"ThreadGroup":null,"NewPriority":0,"Millis":426,"Nanos":0,"IsDaemon":false,"IsInterrupted":false}
{"Timestamp":544531154,"EventClass":"SemaphoreEvent","ThreadId":17,"ThreadName":"ExampleThread.7","TargetDescription":"java.util.concurrent.Semaphore@8efb846[Permits = 1]","JoinPointName":"release","EventType":"Release","Permits":1,"Timeout":0,"TimeoutUnit":null}
{"Timestamp":544559147,"EventClass":"SemaphoreEvent","ThreadId":17,"ThreadName":"ExampleThread.7","TargetDescription":"java.util.concurrent.Semaphore@8efb846[Permits = 2]","JoinPointName":"acquire","EventType":"Acquire","Permits":0,"Timeout":0,"TimeoutUnit":null}
{"Timestamp":544568186,"EventClass":"ThreadEvent","ThreadId":17,"ThreadName":"ExampleThread.7","TargetDescription":"ExampleThread.7","JoinPointName":"sleep","EventType":"BeforeSleep","NewName":null,"Runnable":null,"ThreadGroup":null,"NewPriority":0,"Millis":348,"Nanos":0,"IsDaemon":false,"IsInterrupted":false}
{"Timestamp":719515911,"EventClass":"ThreadEvent","ThreadId":20,"ThreadName":"ExampleThread.10","TargetDescription":"ExampleThread.10","JoinPointName":"sleep","EventType":"AfterSleep","NewName":null,"Runnable":null,"ThreadGroup":null,"NewPriority":0,"Millis":364,"Nanos":0,"IsDaemon":false,"IsInterrupted":false}
{"Timestamp":719536031,"EventClass":"SemaphoreEvent","ThreadId":20,"ThreadName":"ExampleThread.10","TargetDescription":"java.util.concurrent.Semaphore@8efb846[Permits = 2]","JoinPointName":"release","EventType":"Release","Permits":1,"Timeout":0,"TimeoutUnit":null}
{"Timestamp":719562858,"EventClass":"SemaphoreEvent","ThreadId":20,"ThreadName":"ExampleThread.10","TargetDescription":"java.util.concurrent.Semaphore@8efb846[Permits = 0]","JoinPointName":"acquire","EventType":"Acquire","Permits":3,"Timeout":0,"TimeoutUnit":null}
{"Timestamp":719571897,"EventClass":"ThreadEvent","ThreadId":20,"ThreadName":"ExampleThread.10","TargetDescription":"ExampleThread.10","JoinPointName":"sleep","EventType":"BeforeSleep","NewName":null,"Runnable":null,"ThreadGroup":null,"NewPriority":0,"Millis":392,"Nanos":0,"IsDaemon":false,"IsInterrupted":false}
{"Timestamp":722523971,"EventClass":"ThreadEvent","ThreadId":14,"ThreadName":"ExampleThread.4","TargetDescription":"ExampleThread.4","JoinPointName":"sleep","EventType":"AfterSleep","NewName":null,"Runnable":null,"ThreadGroup":null,"NewPriority":0,"Millis":367,"Nanos":0,"IsDaemon":false,"IsInterrupted":false}
{"Timestamp":722552256,"EventClass":"SemaphoreEvent","ThreadId":14,"ThreadName":"ExampleThread.4","TargetDescription":"java.util.concurrent.Semaphore@8efb846[Permits = 0]","JoinPointName":"release","EventType":"Release","Permits":1,"Timeout":0,"TimeoutUnit":null}
{"Timestamp":722575291,"EventClass":"SemaphoreEvent","ThreadId":14,"ThreadName":"ExampleThread.4","TargetDescription":"java.util.concurrent.Semaphore@8efb846[Permits = 0]","JoinPointName":"acquire","EventType":"Acquire","Permits":1,"Timeout":0,"TimeoutUnit":null}
{"Timestamp":722585497,"EventClass":"ThreadEvent","ThreadId":14,"ThreadName":"ExampleThread.4","TargetDescription":"ExampleThread.4","JoinPointName":"sleep","EventType":"BeforeSleep","NewName":null,"Runnable":null,"ThreadGroup":null,"NewPriority":0,"Millis":492,"Nanos":0,"IsDaemon":false,"IsInterrupted":false}
{"Timestamp":888489214,"EventClass":"ThreadEvent","ThreadId":19,"ThreadName":"ExampleThread.9","TargetDescription":"ExampleThread.9","JoinPointName":"sleep","EventType":"AfterSleep","NewName":null,"Runnable":null,"ThreadGroup":null,"NewPriority":0,"Millis":347,"Nanos":0,"IsDaemon":false,"IsInterrupted":false}
{"Timestamp":888516915,"EventClass":"SemaphoreEvent","ThreadId":19,"ThreadName":"ExampleThread.9","TargetDescription":"java.util.concurrent.Semaphore@8efb846[Permits = 0]","JoinPointName":"release","EventType":"Release","Permits":1,"Timeout":0,"TimeoutUnit":null}
{"Timestamp":888535285,"EventClass":"SemaphoreEvent","ThreadId":19,"ThreadName":"ExampleThread.9","TargetDescription":"java.util.concurrent.Semaphore@8efb846[Permits = 0]","JoinPointName":"tryAcquire","EventType":"Acquire","Permits":1,"Timeout":0,"TimeoutUnit":null}
{"Timestamp":888544616,"EventClass":"ThreadEvent","ThreadId":19,"ThreadName":"ExampleThread.9","TargetDescription":"ExampleThread.9","JoinPointName":"sleep","EventType":"BeforeSleep","NewName":null,"Runnable":null,"ThreadGroup":null,"NewPriority":0,"Millis":288,"Nanos":0,"IsDaemon":false,"IsInterrupted":false}
{"Timestamp":892524260,"EventClass":"ThreadEvent","ThreadId":17,"ThreadName":"ExampleThread.7","TargetDescription":"ExampleThread.7","JoinPointName":"sleep","EventType":"AfterSleep","NewName":null,"Runnable":null,"ThreadGroup":null,"NewPriority":0,"Millis":348,"Nanos":0,"IsDaemon":false,"IsInterrupted":false}
{"Timestamp":892544088,"EventClass":"SemaphoreEvent","ThreadId":17,"ThreadName":"ExampleThread.7","TargetDescription":"java.util.concurrent.Semaphore@8efb846[Permits = 0]","JoinPointName":"release","EventType":"Release","Permits":0,"Timeout":0,"TimeoutUnit":null}
{"Timestamp":892564208,"EventClass":"SemaphoreEvent","ThreadId":17,"ThreadName":"ExampleThread.7","TargetDescription":"java.util.concurrent.Semaphore@8efb846[Permits = 0]","JoinPointName":"tryAcquire","EventType":"TryAcquireFailure","Permits":1,"Timeout":0,"TimeoutUnit":null}
{"Timestamp":1111560648,"EventClass":"ThreadEvent","ThreadId":20,"ThreadName":"ExampleThread.10","TargetDescription":"ExampleThread.10","JoinPointName":"sleep","EventType":"AfterSleep","NewName":null,"Runnable":null,"ThreadGroup":null,"NewPriority":0,"Millis":392,"Nanos":0,"IsDaemon":false,"IsInterrupted":false}
{"Timestamp":1111614301,"EventClass":"SemaphoreEvent","ThreadId":20,"ThreadName":"ExampleThread.10","TargetDescription":"java.util.concurrent.Semaphore@8efb846[Permits = 0]","JoinPointName":"release","EventType":"Release","Permits":3,"Timeout":0,"TimeoutUnit":null}
{"Timestamp":1111635296,"EventClass":"SemaphoreEvent","ThreadId":20,"ThreadName":"ExampleThread.10","TargetDescription":"java.util.concurrent.Semaphore@8efb846[Permits = 2]","JoinPointName":"tryAcquire","EventType":"Acquire","Permits":1,"Timeout":0,"TimeoutUnit":null}
{"Timestamp":1111644627,"EventClass":"ThreadEvent","ThreadId":20,"ThreadName":"ExampleThread.10","TargetDescription":"ExampleThread.10","JoinPointName":"sleep","EventType":"BeforeSleep","NewName":null,"Runnable":null,"ThreadGroup":null,"NewPriority":0,"Millis":21,"Nanos":0,"IsDaemon":false,"IsInterrupted":false}
{"Timestamp":1132535714,"EventClass":"ThreadEvent","ThreadId":20,"ThreadName":"ExampleThread.10","TargetDescription":"ExampleThread.10","JoinPointName":"sleep","EventType":"AfterSleep","NewName":null,"Runnable":null,"ThreadGroup":null,"NewPriority":0,"Millis":21,"Nanos":0,"IsDaemon":false,"IsInterrupted":false}
{"Timestamp":1132560790,"EventClass":"SemaphoreEvent","ThreadId":20,"ThreadName":"ExampleThread.10","TargetDescription":"java.util.concurrent.Semaphore@8efb846[Permits = 2]","JoinPointName":"release","EventType":"Release","Permits":1,"Timeout":0,"TimeoutUnit":null}
{"Timestamp":1132597239,"EventClass":"SemaphoreEvent","ThreadId":20,"ThreadName":"ExampleThread.10","TargetDescription":"java.util.concurrent.Semaphore@8efb846[Permits = 2]","JoinPointName":"acquire","EventType":"Acquire","Permits":1,"Timeout":0,"TimeoutUnit":null}
{"Timestamp":1132608320,"EventClass":"ThreadEvent","ThreadId":20,"ThreadName":"ExampleThread.10","TargetDescription":"ExampleThread.10","JoinPointName":"sleep","EventType":"BeforeSleep","NewName":null,"Runnable":null,"ThreadGroup":null,"NewPriority":0,"Millis":485,"Nanos":0,"IsDaemon":false,"IsInterrupted":false}
{"Timestamp":1176496077,"EventClass":"ThreadEvent","ThreadId":19,"ThreadName":"ExampleThread.9","TargetDescription":"ExampleThread.9","JoinPointName":"sleep","EventType":"AfterSleep","NewName":null,"Runnable":null,"ThreadGroup":null,"NewPriority":0,"Millis":288,"Nanos":0,"IsDaemon":false,"IsInterrupted":false}
{"Timestamp":1176567808,"EventClass":"SemaphoreEvent","ThreadId":19,"ThreadName":"ExampleThread.9","TargetDescription":"java.util.concurrent.Semaphore@8efb846[Permits = 2]","JoinPointName":"release","EventType":"Release","Permits":1,"Timeout":0,"TimeoutUnit":null}
{"Timestamp":1176593760,"EventClass":"SemaphoreEvent","ThreadId":19,"ThreadName":"ExampleThread.9","TargetDescription":"java.util.concurrent.Semaphore@8efb846[Permits = 2]","JoinPointName":"acquire","EventType":"Acquire","Permits":1,"Timeout":0,"TimeoutUnit":null}
{"Timestamp":1176605424,"EventClass":"ThreadEvent","ThreadId":19,"ThreadName":"ExampleThread.9","TargetDescription":"ExampleThread.9","JoinPointName":"sleep","EventType":"BeforeSleep","NewName":null,"Runnable":null,"ThreadGroup":null,"NewPriority":0,"Millis":186,"Nanos":0,"IsDaemon":false,"IsInterrupted":false}
{"Timestamp":1214495140,"EventClass":"ThreadEvent","ThreadId":14,"ThreadName":"ExampleThread.4","TargetDescription":"ExampleThread.4","JoinPointName":"sleep","EventType":"AfterSleep","NewName":null,"Runnable":null,"ThreadGroup":null,"NewPriority":0,"Millis":492,"Nanos":0,"IsDaemon":false,"IsInterrupted":false}
{"Timestamp":1214513802,"EventClass":"SemaphoreEvent","ThreadId":14,"ThreadName":"ExampleThread.4","TargetDescription":"java.util.concurrent.Semaphore@8efb846[Permits = 2]","JoinPointName":"release","EventType":"Release","Permits":1,"Timeout":0,"TimeoutUnit":null}
{"Timestamp":1214540045,"EventClass":"SemaphoreEvent","ThreadId":14,"ThreadName":"ExampleThread.4","TargetDescription":"java.util.concurrent.Semaphore@8efb846[Permits = 0]","JoinPointName":"acquire","EventType":"Acquire","Permits":3,"Timeout":0,"TimeoutUnit":null}
{"Timestamp":1214549667,"EventClass":"ThreadEvent","ThreadId":14,"ThreadName":"ExampleThread.4","TargetDescription":"ExampleThread.4","JoinPointName":"sleep","EventType":"BeforeSleep","NewName":null,"Runnable":null,"ThreadGroup":null,"NewPriority":0,"Millis":16,"Nanos":0,"IsDaemon":false,"IsInterrupted":false}
{"Timestamp":1230497692,"EventClass":"ThreadEvent","ThreadId":14,"ThreadName":"ExampleThread.4","TargetDescription":"ExampleThread.4","JoinPointName":"sleep","EventType":"AfterSleep","NewName":null,"Runnable":null,"ThreadGroup":null,"NewPriority":0,"Millis":16,"Nanos":0,"IsDaemon":false,"IsInterrupted":false}
{"Timestamp":1230516937,"EventClass":"SemaphoreEvent","ThreadId":14,"ThreadName":"ExampleThread.4","TargetDescription":"java.util.concurrent.Semaphore@8efb846[Permits = 0]","JoinPointName":"release","EventType":"Release","Permits":3,"Timeout":0,"TimeoutUnit":null}
{"Timestamp":1230537931,"EventClass":"SemaphoreEvent","ThreadId":14,"ThreadName":"ExampleThread.4","TargetDescription":"java.util.concurrent.Semaphore@8efb846[Permits = 2]","JoinPointName":"acquire","EventType":"Acquire","Permits":1,"Timeout":0,"TimeoutUnit":null}
{"Timestamp":1230557760,"EventClass":"ThreadEvent","ThreadId":14,"ThreadName":"ExampleThread.4","TargetDescription":"ExampleThread.4","JoinPointName":"sleep","EventType":"BeforeSleep","NewName":null,"Runnable":null,"ThreadGroup":null,"NewPriority":0,"Millis":130,"Nanos":0,"IsDaemon":false,"IsInterrupted":false}
{"Timestamp":1360499182,"EventClass":"ThreadEvent","ThreadId":14,"ThreadName":"ExampleThread.4","TargetDescription":"ExampleThread.4","JoinPointName":"sleep","EventType":"AfterSleep","NewName":null,"Runnable":null,"ThreadGroup":null,"NewPriority":0,"Millis":130,"Nanos":0,"IsDaemon":false,"IsInterrupted":false}
{"Timestamp":1360517260,"EventClass":"SemaphoreEvent","ThreadId":14,"ThreadName":"ExampleThread.4","TargetDescription":"java.util.concurrent.Semaphore@8efb846[Permits = 2]","JoinPointName":"release","EventType":"Release","Permits":1,"Timeout":0,"TimeoutUnit":null}
{"Timestamp":1360545253,"EventClass":"SemaphoreEvent","ThreadId":14,"ThreadName":"ExampleThread.4","TargetDescription":"java.util.concurrent.Semaphore@8efb846[Permits = 2]","JoinPointName":"tryAcquire","EventType":"Acquire","Permits":1,"Timeout":0,"TimeoutUnit":null}
{"Timestamp":1360552251,"EventClass":"ThreadEvent","ThreadId":14,"ThreadName":"ExampleThread.4","TargetDescription":"ExampleThread.4","JoinPointName":"sleep","EventType":"BeforeSleep","NewName":null,"Runnable":null,"ThreadGroup":null,"NewPriority":0,"Millis":209,"Nanos":0,"IsDaemon":false,"IsInterrupted":false}
{"Timestamp":1362497460,"EventClass":"ThreadEvent","ThreadId":19,"ThreadName":"ExampleThread.9","TargetDescription":"ExampleThread.9","JoinPointName":"sleep","EventType":"AfterSleep","NewName":null,"Runnable":null,"ThreadGroup":null,"NewPriority":0,"Millis":186,"Nanos":0,"IsDaemon":false,"IsInterrupted":false}
{"Timestamp":1362517871,"EventClass":"SemaphoreEvent","ThreadId":19,"ThreadName":"ExampleThread.9","TargetDescription":"java.util.concurrent.Semaphore@8efb846[Permits = 2]","JoinPointName":"release","EventType":"Release","Permits":1,"Timeout":0,"TimeoutUnit":null}
{"Timestamp":1362548780,"EventClass":"SemaphoreEvent","ThreadId":19,"ThreadName":"ExampleThread.9","TargetDescription":"java.util.concurrent.Semaphore@8efb846[Permits = 2]","JoinPointName":"acquire","EventType":"Acquire","Permits":1,"Timeout":0,"TimeoutUnit":null}
{"Timestamp":1362556944,"EventClass":"ThreadEvent","ThreadId":19,"ThreadName":"ExampleThread.9","TargetDescription":"ExampleThread.9","JoinPointName":"sleep","EventType":"BeforeSleep","NewName":null,"Runnable":null,"ThreadGroup":null,"NewPriority":0,"Millis":34,"Nanos":0,"IsDaemon":false,"IsInterrupted":false}
{"Timestamp":1396508714,"EventClass":"ThreadEvent","ThreadId":19,"ThreadName":"ExampleThread.9","TargetDescription":"ExampleThread.9","JoinPointName":"sleep","EventType":"AfterSleep","NewName":null,"Runnable":null,"ThreadGroup":null,"NewPriority":0,"Millis":34,"Nanos":0,"IsDaemon":false,"IsInterrupted":false}
{"Timestamp":1396527668,"EventClass":"SemaphoreEvent","ThreadId":19,"ThreadName":"ExampleThread.9","TargetDescription":"java.util.concurrent.Semaphore@8efb846[Permits = 2]","JoinPointName":"release","EventType":"Release","Permits":1,"Timeout":0,"TimeoutUnit":null}
{"Timestamp":1396552162,"EventClass":"SemaphoreEvent","ThreadId":19,"ThreadName":"ExampleThread.9","TargetDescription":"java.util.concurrent.Semaphore@8efb846[Permits = 2]","JoinPointName":"acquire","EventType":"Acquire","Permits":1,"Timeout":0,"TimeoutUnit":null}
{"Timestamp":1396563825,"EventClass":"ThreadEvent","ThreadId":19,"ThreadName":"ExampleThread.9","TargetDescription":"ExampleThread.9","JoinPointName":"sleep","EventType":"BeforeSleep","NewName":null,"Runnable":null,"ThreadGroup":null,"NewPriority":0,"Millis":409,"Nanos":0,"IsDaemon":false,"IsInterrupted":false}
{"Timestamp":1569506566,"EventClass":"ThreadEvent","ThreadId":14,"ThreadName":"ExampleThread.4","TargetDescription":"ExampleThread.4","JoinPointName":"sleep","EventType":"AfterSleep","NewName":null,"Runnable":null,"ThreadGroup":null,"NewPriority":0,"Millis":209,"Nanos":0,"IsDaemon":false,"IsInterrupted":false}
{"Timestamp":1569525811,"EventClass":"SemaphoreEvent","ThreadId":14,"ThreadName":"ExampleThread.4","TargetDescription":"java.util.concurrent.Semaphore@8efb846[Permits = 2]","JoinPointName":"release","EventType":"Release","Permits":1,"Timeout":0,"TimeoutUnit":null}
{"Timestamp":1569551471,"EventClass":"SemaphoreEvent","ThreadId":11,"ThreadName":"ExampleThread.1","TargetDescription":"java.util.concurrent.Semaphore@8efb846[Permits = 0]","JoinPointName":"acquire","EventType":"Acquire","Permits":3,"Timeout":0,"TimeoutUnit":null}
{"Timestamp":1569562843,"EventClass":"ThreadEvent","ThreadId":11,"ThreadName":"ExampleThread.1","TargetDescription":"ExampleThread.1","JoinPointName":"sleep","EventType":"BeforeSleep","NewName":null,"Runnable":null,"ThreadGroup":null,"NewPriority":0,"Millis":207,"Nanos":0,"IsDaemon":false,"IsInterrupted":false}
{"Timestamp":1617527635,"EventClass":"ThreadEvent","ThreadId":20,"ThreadName":"ExampleThread.10","TargetDescription":"ExampleThread.10","JoinPointName":"sleep","EventType":"AfterSleep","NewName":null,"Runnable":null,"ThreadGroup":null,"NewPriority":0,"Millis":485,"Nanos":0,"IsDaemon":false,"IsInterrupted":false}
{"Timestamp":1617570207,"EventClass":"SemaphoreEvent","ThreadId":20,"ThreadName":"ExampleThread.10","TargetDescription":"java.util.concurrent.Semaphore@8efb846[Permits = 0]","JoinPointName":"release","EventType":"Release","Permits":1,"Timeout":0,"TimeoutUnit":null}
{"Timestamp":1776470475,"EventClass":"ThreadEvent","ThreadId":11,"ThreadName":"ExampleThread.1","TargetDescription":"ExampleThread.1","JoinPointName":"sleep","EventType":"AfterSleep","NewName":null,"Runnable":null,"ThreadGroup":null,"NewPriority":0,"Millis":207,"Nanos":0,"IsDaemon":false,"IsInterrupted":false}
{"Timestamp":1776489429,"EventClass":"SemaphoreEvent","ThreadId":11,"ThreadName":"ExampleThread.1","TargetDescription":"java.util.concurrent.Semaphore@8efb846[Permits = 1]","JoinPointName":"release","EventType":"Release","Permits":3,"Timeout":0,"TimeoutUnit":null}
{"Timestamp":1776518296,"EventClass":"SemaphoreEvent","ThreadId":11,"ThreadName":"ExampleThread.1","TargetDescription":"java.util.concurrent.Semaphore@8efb846[Permits = 3]","JoinPointName":"tryAcquire","EventType":"Acquire","Permits":1,"Timeout":0,"TimeoutUnit":null}
{"Timestamp":1776525586,"EventClass":"ThreadEvent","ThreadId":11,"ThreadName":"ExampleThread.1","TargetDescription":"ExampleThread.1","JoinPointName":"sleep","EventType":"BeforeSleep","NewName":null,"Runnable":null,"ThreadGroup":null,"NewPriority":0,"Millis":242,"Nanos":0,"IsDaemon":false,"IsInterrupted":false}
{"Timestamp":1776616271,"EventClass":"SemaphoreEvent","ThreadId":18,"ThreadName":"ExampleThread.8","TargetDescription":"java.util.concurrent.Semaphore@8efb846[Permits = 1]","JoinPointName":"acquire","EventType":"Acquire","Permits":2,"Timeout":0,"TimeoutUnit":null}
{"Timestamp":1776631725,"EventClass":"ThreadEvent","ThreadId":18,"ThreadName":"ExampleThread.8","TargetDescription":"ExampleThread.8","JoinPointName":"sleep","EventType":"BeforeSleep","NewName":null,"Runnable":null,"ThreadGroup":null,"NewPriority":0,"Millis":72,"Nanos":0,"IsDaemon":false,"IsInterrupted":false}
{"Timestamp":1805520297,"EventClass":"ThreadEvent","ThreadId":19,"ThreadName":"ExampleThread.9","TargetDescription":"ExampleThread.9","JoinPointName":"sleep","EventType":"AfterSleep","NewName":null,"Runnable":null,"ThreadGroup":null,"NewPriority":0,"Millis":409,"Nanos":0,"IsDaemon":false,"IsInterrupted":false}
{"Timestamp":1805538668,"EventClass":"SemaphoreEvent","ThreadId":19,"ThreadName":"ExampleThread.9","TargetDescription":"java.util.concurrent.Semaphore@8efb846[Permits = 1]","JoinPointName":"release","EventType":"Release","Permits":1,"Timeout":0,"TimeoutUnit":null}
{"Timestamp":1805565786,"EventClass":"SemaphoreEvent","ThreadId":19,"ThreadName":"ExampleThread.9","TargetDescription":"java.util.concurrent.Semaphore@8efb846[Permits = 1]","JoinPointName":"tryAcquire","EventType":"Acquire","Permits":1,"Timeout":0,"TimeoutUnit":null}
{"Timestamp":1805572784,"EventClass":"ThreadEvent","ThreadId":19,"ThreadName":"ExampleThread.9","TargetDescription":"ExampleThread.9","JoinPointName":"sleep","EventType":"BeforeSleep","NewName":null,"Runnable":null,"ThreadGroup":null,"NewPriority":0,"Millis":251,"Nanos":0,"IsDaemon":false,"IsInterrupted":false}
{"Timestamp":1848537653,"EventClass":"ThreadEvent","ThreadId":18,"ThreadName":"ExampleThread.8","TargetDescription":"ExampleThread.8","JoinPointName":"sleep","EventType":"AfterSleep","NewName":null,"Runnable":null,"ThreadGroup":null,"NewPriority":0,"Millis":72,"Nanos":0,"IsDaemon":false,"IsInterrupted":false}
{"Timestamp":1848558648,"EventClass":"SemaphoreEvent","ThreadId":18,"ThreadName":"ExampleThread.8","TargetDescription":"java.util.concurrent.Semaphore@8efb846[Permits = 1]","JoinPointName":"release","EventType":"Release","Permits":2,"Timeout":0,"TimeoutUnit":null}
{"Timestamp":1848575560,"EventClass":"SemaphoreEvent","ThreadId":18,"ThreadName":"ExampleThread.8","TargetDescription":"java.util.concurrent.Semaphore@8efb846[Permits = 2]","JoinPointName":"tryAcquire","EventType":"Acquire","Permits":1,"Timeout":0,"TimeoutUnit":null}
{"Timestamp":1848583433,"EventClass":"ThreadEvent","ThreadId":18,"ThreadName":"ExampleThread.8","TargetDescription":"ExampleThread.8","JoinPointName":"sleep","EventType":"BeforeSleep","NewName":null,"Runnable":null,"ThreadGroup":null,"NewPriority":0,"Millis":277,"Nanos":0,"IsDaemon":false,"IsInterrupted":false}
{"Timestamp":2018582555,"EventClass":"ThreadEvent","ThreadId":11,"ThreadName":"ExampleThread.1","TargetDescription":"ExampleThread.1","JoinPointName":"sleep","EventType":"AfterSleep","NewName":null,"Runnable":null,"ThreadGroup":null,"NewPriority":0,"Millis":242,"Nanos":0,"IsDaemon":false,"IsInterrupted":false}
{"Timestamp":2018602092,"EventClass":"SemaphoreEvent","ThreadId":11,"ThreadName":"ExampleThread.1","TargetDescription":"java.util.concurrent.Semaphore@8efb846[Permits = 2]","JoinPointName":"release","EventType":"Release","Permits":1,"Timeout":0,"TimeoutUnit":null}
{"Timestamp":2018622503,"EventClass":"SemaphoreEvent","ThreadId":11,"ThreadName":"ExampleThread.1","TargetDescription":"java.util.concurrent.Semaphore@8efb846[Permits = 2]","JoinPointName":"acquire","EventType":"Acquire","Permits":1,"Timeout":0,"TimeoutUnit":null}
{"Timestamp":2018632418,"EventClass":"ThreadEvent","ThreadId":11,"ThreadName":"ExampleThread.1","TargetDescription":"ExampleThread.1","JoinPointName":"sleep","EventType":"BeforeSleep","NewName":null,"Runnable":null,"ThreadGroup":null,"NewPriority":0,"Millis":175,"Nanos":0,"IsDaemon":false,"IsInterrupted":false}
{"Timestamp":2056559166,"EventClass":"ThreadEvent","ThreadId":19,"ThreadName":"ExampleThread.9","TargetDescription":"ExampleThread.9","JoinPointName":"sleep","EventType":"AfterSleep","NewName":null,"Runnable":null,"ThreadGroup":null,"NewPriority":0,"Millis":251,"Nanos":0,"IsDaemon":false,"IsInterrupted":false}
{"Timestamp":2056595031,"EventClass":"SemaphoreEvent","ThreadId":19,"ThreadName":"ExampleThread.9","TargetDescription":"java.util.concurrent.Semaphore@8efb846[Permits = 2]","JoinPointName":"release","EventType":"Release","Permits":1,"Timeout":0,"TimeoutUnit":null}
{"Timestamp":2056616318,"EventClass":"SemaphoreEvent","ThreadId":19,"ThreadName":"ExampleThread.9","TargetDescription":"java.util.concurrent.Semaphore@8efb846[Permits = 2]","JoinPointName":"acquire","EventType":"Acquire","Permits":1,"Timeout":0,"TimeoutUnit":null}
{"Timestamp":2056626232,"EventClass":"ThreadEvent","ThreadId":19,"ThreadName":"ExampleThread.9","TargetDescription":"ExampleThread.9","JoinPointName":"sleep","EventType":"BeforeSleep","NewName":null,"Runnable":null,"ThreadGroup":null,"NewPriority":0,"Millis":192,"Nanos":0,"IsDaemon":false,"IsInterrupted":false}
{"Timestamp":2125552967,"EventClass":"ThreadEvent","ThreadId":18,"ThreadName":"ExampleThread.8","TargetDescription":"ExampleThread.8","JoinPointName":"sleep","EventType":"AfterSleep","NewName":null,"Runnable":null,"ThreadGroup":null,"NewPriority":0,"Millis":277,"Nanos":0,"IsDaemon":false,"IsInterrupted":false}
{"Timestamp":2125588542,"EventClass":"SemaphoreEvent","ThreadId":18,"ThreadName":"ExampleThread.8","TargetDescription":"java.util.concurrent.Semaphore@8efb846[Permits = 2]","JoinPointName":"release","EventType":"Release","Permits":1,"Timeout":0,"TimeoutUnit":null}
{"Timestamp":2125613327,"EventClass":"SemaphoreEvent","ThreadId":12,"ThreadName":"ExampleThread.2","TargetDescription":"java.util.concurrent.Semaphore@8efb846[Permits = 0]","JoinPointName":"acquire","EventType":"Acquire","Permits":3,"Timeout":0,"TimeoutUnit":null}
{"Timestamp":2125626740,"EventClass":"ThreadEvent","ThreadId":12,"ThreadName":"ExampleThread.2","TargetDescription":"ExampleThread.2","JoinPointName":"sleep","EventType":"BeforeSleep","NewName":null,"Runnable":null,"ThreadGroup":null,"NewPriority":0,"Millis":211,"Nanos":0,"IsDaemon":false,"IsInterrupted":false}
{"Timestamp":2193551275,"EventClass":"ThreadEvent","ThreadId":11,"ThreadName":"ExampleThread.1","TargetDescription":"ExampleThread.1","JoinPointName":"sleep","EventType":"AfterSleep","NewName":null,"Runnable":null,"ThreadGroup":null,"NewPriority":0,"Millis":175,"Nanos":0,"IsDaemon":false,"IsInterrupted":false}
{"Timestamp":2193580434,"EventClass":"SemaphoreEvent","ThreadId":11,"ThreadName":"ExampleThread.1","TargetDescription":"java.util.concurrent.Semaphore@8efb846[Permits = 0]","JoinPointName":"release","EventType":"Release","Permits":1,"Timeout":0,"TimeoutUnit":null}
{"Timestamp":2248592123,"EventClass":"ThreadEvent","ThreadId":19,"ThreadName":"ExampleThread.9","TargetDescription":"ExampleThread.9","JoinPointName":"sleep","EventType":"AfterSleep","NewName":null,"Runnable":null,"ThreadGroup":null,"NewPriority":0,"Millis":192,"Nanos":0,"IsDaemon":false,"IsInterrupted":false}
{"Timestamp":2248610201,"EventClass":"SemaphoreEvent","ThreadId":19,"ThreadName":"ExampleThread.9","TargetDescription":"java.util.concurrent.Semaphore@8efb846[Permits = 1]","JoinPointName":"release","EventType":"Release","Permits":1,"Timeout":0,"TimeoutUnit":null}
{"Timestamp":2248634403,"EventClass":"SemaphoreEvent","ThreadId":19,"ThreadName":"ExampleThread.9","TargetDescription":"java.util.concurrent.Semaphore@8efb846[Permits = 2]","JoinPointName":"acquire","EventType":"Acquire","Permits":0,"Timeout":0,"TimeoutUnit":null}
{"Timestamp":2248642276,"EventClass":"ThreadEvent","ThreadId":19,"ThreadName":"ExampleThread.9","TargetDescription":"ExampleThread.9","JoinPointName":"sleep","EventType":"BeforeSleep","NewName":null,"Runnable":null,"ThreadGroup":null,"NewPriority":0,"Millis":15,"Nanos":0,"IsDaemon":false,"IsInterrupted":false}
{"Timestamp":2263595098,"EventClass":"ThreadEvent","ThreadId":19,"ThreadName":"ExampleThread.9","TargetDescription":"ExampleThread.9","JoinPointName":"sleep","EventType":"AfterSleep","NewName":null,"Runnable":null,"ThreadGroup":null,"NewPriority":0,"Millis":15,"Nanos":0,"IsDaemon":false,"IsInterrupted":false}
{"Timestamp":2263613469,"EventClass":"SemaphoreEvent","ThreadId":19,"ThreadName":"ExampleThread.9","TargetDescription":"java.util.concurrent.Semaphore@8efb846[Permits = 2]","JoinPointName":"release","EventType":"Release","Permits":0,"Timeout":0,"TimeoutUnit":null}
{"Timestamp":2263633880,"EventClass":"SemaphoreEvent","ThreadId":19,"ThreadName":"ExampleThread.9","TargetDescription":"java.util.concurrent.Semaphore@8efb846[Permits = 1]","JoinPointName":"acquire","EventType":"Acquire","Permits":1,"Timeout":0,"TimeoutUnit":null}
{"Timestamp":2263642628,"EventClass":"ThreadEvent","ThreadId":19,"ThreadName":"ExampleThread.9","TargetDescription":"ExampleThread.9","JoinPointName":"sleep","EventType":"BeforeSleep","NewName":null,"Runnable":null,"ThreadGroup":null,"NewPriority":0,"Millis":294,"Nanos":0,"IsDaemon":false,"IsInterrupted":false}
{"Timestamp":2336613448,"EventClass":"ThreadEvent","ThreadId":12,"ThreadName":"ExampleThread.2","TargetDescription":"ExampleThread.2","JoinPointName":"sleep","EventType":"AfterSleep","NewName":null,"Runnable":null,"ThreadGroup":null,"NewPriority":0,"Millis":211,"Nanos":0,"IsDaemon":false,"IsInterrupted":false}
{"Timestamp":2336654854,"EventClass":"SemaphoreEvent","ThreadId":12,"ThreadName":"ExampleThread.2","TargetDescription":"java.util.concurrent.Semaphore@8efb846[Permits = 1]","JoinPointName":"release","EventType":"Release","Permits":3,"Timeout":0,"TimeoutUnit":null}
{"Timestamp":2336672933,"EventClass":"SemaphoreEvent","ThreadId":12,"ThreadName":"ExampleThread.2","TargetDescription":"java.util.concurrent.Semaphore@8efb846[Permits = 3]","JoinPointName":"tryAcquire","EventType":"Acquire","Permits":1,"Timeout":0,"TimeoutUnit":null}
{"Timestamp":2336680223,"EventClass":"ThreadEvent","ThreadId":12,"ThreadName":"ExampleThread.2","TargetDescription":"ExampleThread.2","JoinPointName":"sleep","EventType":"BeforeSleep","NewName":null,"Runnable":null,"ThreadGroup":null,"NewPriority":0,"Millis":70,"Nanos":0,"IsDaemon":false,"IsInterrupted":false}
{"Timestamp":2406550841,"EventClass":"ThreadEvent","ThreadId":12,"ThreadName":"ExampleThread.2","TargetDescription":"ExampleThread.2","JoinPointName":"sleep","EventType":"AfterSleep","NewName":null,"Runnable":null,"ThreadGroup":null,"NewPriority":0,"Millis":70,"Nanos":0,"IsDaemon":false,"IsInterrupted":false}
{"Timestamp":2406568628,"EventClass":"SemaphoreEvent","ThreadId":12,"ThreadName":"ExampleThread.2","TargetDescription":"java.util.concurrent.Semaphore@8efb846[Permits = 3]","JoinPointName":"release","EventType":"Release","Permits":1,"Timeout":0,"TimeoutUnit":null}
{"Timestamp":2406589039,"EventClass":"SemaphoreEvent","ThreadId":12,"ThreadName":"ExampleThread.2","TargetDescription":"java.util.concurrent.Semaphore@8efb846[Permits = 3]","JoinPointName":"acquire","EventType":"Acquire","Permits":1,"Timeout":0,"TimeoutUnit":null}
{"Timestamp":2406598079,"EventClass":"ThreadEvent","ThreadId":12,"ThreadName":"ExampleThread.2","TargetDescription":"ExampleThread.2","JoinPointName":"sleep","EventType":"BeforeSleep","NewName":null,"Runnable":null,"ThreadGroup":null,"NewPriority":0,"Millis":180,"Nanos":0,"IsDaemon":false,"IsInterrupted":false}
{"Timestamp":2557571135,"EventClass":"ThreadEvent","ThreadId":19,"ThreadName":"ExampleThread.9","TargetDescription":"ExampleThread.9","JoinPointName":"sleep","EventType":"AfterSleep","NewName":null,"Runnable":null,"ThreadGroup":null,"NewPriority":0,"Millis":294,"Nanos":0,"IsDaemon":false,"IsInterrupted":false}
{"Timestamp":2557616331,"EventClass":"SemaphoreEvent","ThreadId":19,"ThreadName":"ExampleThread.9","TargetDescription":"java.util.concurrent.Semaphore@8efb846[Permits = 3]","JoinPointName":"release","EventType":"Release","Permits":1,"Timeout":0,"TimeoutUnit":null}
{"Timestamp":2557653947,"EventClass":"SemaphoreEvent","ThreadId":13,"ThreadName":"ExampleThread.3","TargetDescription":"java.util.concurrent.Semaphore@8efb846[Permits = 0]","JoinPointName":"acquire","EventType":"Acquire","Permits":4,"Timeout":0,"TimeoutUnit":null}
{"Timestamp":2557663861,"EventClass":"ThreadEvent","ThreadId":13,"ThreadName":"ExampleThread.3","TargetDescription":"ExampleThread.3","JoinPointName":"sleep","EventType":"BeforeSleep","NewName":null,"Runnable":null,"ThreadGroup":null,"NewPriority":0,"Millis":421,"Nanos":0,"IsDaemon":false,"IsInterrupted":false}
{"Timestamp":2557690979,"EventClass":"SemaphoreEvent","ThreadId":19,"ThreadName":"ExampleThread.9","TargetDescription":"java.util.concurrent.Semaphore@8efb846[Permits = 0]","JoinPointName":"tryAcquire","EventType":"TryAcquireFailure","Permits":1,"Timeout":0,"TimeoutUnit":null}
{"Timestamp":2586570803,"EventClass":"ThreadEvent","ThreadId":12,"ThreadName":"ExampleThread.2","TargetDescription":"ExampleThread.2","JoinPointName":"sleep","EventType":"AfterSleep","NewName":null,"Runnable":null,"ThreadGroup":null,"NewPriority":0,"Millis":180,"Nanos":0,"IsDaemon":false,"IsInterrupted":false}
{"Timestamp":2586621832,"EventClass":"SemaphoreEvent","ThreadId":12,"ThreadName":"ExampleThread.2","TargetDescription":"java.util.concurrent.Semaphore@8efb846[Permits = 0]","JoinPointName":"release","EventType":"Release","Permits":1,"Timeout":0,"TimeoutUnit":null}
{"Timestamp":2586666737,"EventClass":"SemaphoreEvent","ThreadId":15,"ThreadName":"ExampleThread.5","TargetDescription":"java.util.concurrent.Semaphore@8efb846[Permits = 0]","JoinPointName":"acquire","EventType":"Acquire","Permits":1,"Timeout":0,"TimeoutUnit":null}
{"Timestamp":2586683357,"EventClass":"ThreadEvent","ThreadId":15,"ThreadName":"ExampleThread.5","TargetDescription":"ExampleThread.5","JoinPointName":"sleep","EventType":"BeforeSleep","NewName":null,"Runnable":null,"ThreadGroup":null,"NewPriority":0,"Millis":264,"Nanos":0,"IsDaemon":false,"IsInterrupted":false}
{"Timestamp":2850578795,"EventClass":"ThreadEvent","ThreadId":15,"ThreadName":"ExampleThread.5","TargetDescription":"ExampleThread.5","JoinPointName":"sleep","EventType":"AfterSleep","NewName":null,"Runnable":null,"ThreadGroup":null,"NewPriority":0,"Millis":264,"Nanos":0,"IsDaemon":false,"IsInterrupted":false}
{"Timestamp":2850596291,"EventClass":"SemaphoreEvent","ThreadId":15,"ThreadName":"ExampleThread.5","TargetDescription":"java.util.concurrent.Semaphore@8efb846[Permits = 0]","JoinPointName":"release","EventType":"Release","Permits":1,"Timeout":0,"TimeoutUnit":null}
{"Timestamp":2978591921,"EventClass":"ThreadEvent","ThreadId":13,"ThreadName":"ExampleThread.3","TargetDescription":"ExampleThread.3","JoinPointName":"sleep","EventType":"AfterSleep","NewName":null,"Runnable":null,"ThreadGroup":null,"NewPriority":0,"Millis":421,"Nanos":0,"IsDaemon":false,"IsInterrupted":false}
{"Timestamp":2978610583,"EventClass":"SemaphoreEvent","ThreadId":13,"ThreadName":"ExampleThread.3","TargetDescription":"java.util.concurrent.Semaphore@8efb846[Permits = 1]","JoinPointName":"release","EventType":"Release","Permits":4,"Timeout":0,"TimeoutUnit":null}
{"Timestamp":2978643825,"EventClass":"SemaphoreEvent","ThreadId":16,"ThreadName":"ExampleThread.6","TargetDescription":"java.util.concurrent.Semaphore@8efb846[Permits = 2]","JoinPointName":"acquire","EventType":"Acquire","Permits":3,"Timeout":0,"TimeoutUnit":null}
{"Timestamp":2978653156,"EventClass":"ThreadEvent","ThreadId":16,"ThreadName":"ExampleThread.6","TargetDescription":"ExampleThread.6","JoinPointName":"sleep","EventType":"BeforeSleep","NewName":null,"Runnable":null,"ThreadGroup":null,"NewPriority":0,"Millis":236,"Nanos":0,"IsDaemon":false,"IsInterrupted":false}
{"Timestamp":2978672401,"EventClass":"SemaphoreEvent","ThreadId":13,"ThreadName":"ExampleThread.3","TargetDescription":"java.util.concurrent.Semaphore@8efb846[Permits = 0]","JoinPointName":"tryAcquire","EventType":"Acquire","Permits":1,"Timeout":0,"TimeoutUnit":null}
{"Timestamp":2978678524,"EventClass":"ThreadEvent","ThreadId":13,"ThreadName":"ExampleThread.3","TargetDescription":"ExampleThread.3","JoinPointName":"sleep","EventType":"BeforeSleep","NewName":null,"Runnable":null,"ThreadGroup":null,"NewPriority":0,"Millis":453,"Nanos":0,"IsDaemon":false,"IsInterrupted":false}
{"Timestamp":2978672984,"EventClass":"SemaphoreEvent","ThreadId":17,"ThreadName":"ExampleThread.7","TargetDescription":"java.util.concurrent.Semaphore@8efb846[Permits = 0]","JoinPointName":"acquire","EventType":"Acquire","Permits":1,"Timeout":0,"TimeoutUnit":null}
{"Timestamp":2978687272,"EventClass":"ThreadEvent","ThreadId":17,"ThreadName":"ExampleThread.7","TargetDescription":"ExampleThread.7","JoinPointName":"sleep","EventType":"BeforeSleep","NewName":null,"Runnable":null,"ThreadGroup":null,"NewPriority":0,"Millis":234,"Nanos":0,"IsDaemon":false,"IsInterrupted":false}
{"Timestamp":3212660153,"EventClass":"ThreadEvent","ThreadId":17,"ThreadName":"ExampleThread.7","TargetDescription":"ExampleThread.7","JoinPointName":"sleep","EventType":"AfterSleep","NewName":null,"Runnable":null,"ThreadGroup":null,"NewPriority":0,"Millis":234,"Nanos":0,"IsDaemon":false,"IsInterrupted":false}
{"Timestamp":3212696311,"EventClass":"SemaphoreEvent","ThreadId":17,"ThreadName":"ExampleThread.7","TargetDescription":"java.util.concurrent.Semaphore@8efb846[Permits = 0]","JoinPointName":"release","EventType":"Release","Permits":1,"Timeout":0,"TimeoutUnit":null}
{"Timestamp":3212740049,"EventClass":"SemaphoreEvent","ThreadId":14,"ThreadName":"ExampleThread.4","TargetDescription":"java.util.concurrent.Semaphore@8efb846[Permits = 0]","JoinPointName":"acquire","EventType":"Acquire","Permits":1,"Timeout":0,"TimeoutUnit":null}
{"Timestamp":3212754337,"EventClass":"ThreadEvent","ThreadId":14,"ThreadName":"ExampleThread.4","TargetDescription":"ExampleThread.4","JoinPointName":"sleep","EventType":"BeforeSleep","NewName":null,"Runnable":null,"ThreadGroup":null,"NewPriority":0,"Millis":188,"Nanos":0,"IsDaemon":false,"IsInterrupted":false}
{"Timestamp":3214610610,"EventClass":"ThreadEvent","ThreadId":16,"ThreadName":"ExampleThread.6","TargetDescription":"ExampleThread.6","JoinPointName":"sleep","EventType":"AfterSleep","NewName":null,"Runnable":null,"ThreadGroup":null,"NewPriority":0,"Millis":236,"Nanos":0,"IsDaemon":false,"IsInterrupted":false}
{"Timestamp":3214627522,"EventClass":"SemaphoreEvent","ThreadId":16,"ThreadName":"ExampleThread.6","TargetDescription":"java.util.concurrent.Semaphore@8efb846[Permits = 0]","JoinPointName":"release","EventType":"Release","Permits":3,"Timeout":0,"TimeoutUnit":null}
{"Timestamp":3214649975,"EventClass":"SemaphoreEvent","ThreadId":16,"ThreadName":"ExampleThread.6","TargetDescription":"java.util.concurrent.Semaphore@8efb846[Permits = 2]","JoinPointName":"tryAcquire","EventType":"Acquire","Permits":1,"Timeout":0,"TimeoutUnit":null}
{"Timestamp":3214656682,"EventClass":"ThreadEvent","ThreadId":16,"ThreadName":"ExampleThread.6","TargetDescription":"ExampleThread.6","JoinPointName":"sleep","EventType":"BeforeSleep","NewName":null,"Runnable":null,"ThreadGroup":null,"NewPriority":0,"Millis":73,"Nanos":0,"IsDaemon":false,"IsInterrupted":false}
{"Timestamp":3287556354,"EventClass":"ThreadEvent","ThreadId":16,"ThreadName":"ExampleThread.6","TargetDescription":"ExampleThread.6","JoinPointName":"sleep","EventType":"AfterSleep","NewName":null,"Runnable":null,"ThreadGroup":null,"NewPriority":0,"Millis":73,"Nanos":0,"IsDaemon":false,"IsInterrupted":false}
{"Timestamp":3287572100,"EventClass":"SemaphoreEvent","ThreadId":16,"ThreadName":"ExampleThread.6","TargetDescription":"java.util.concurrent.Semaphore@8efb846[Permits = 2]","JoinPointName":"release","EventType":"Release","Permits":1,"Timeout":0,"TimeoutUnit":null}
{"Timestamp":3287602425,"EventClass":"SemaphoreEvent","ThreadId":16,"ThreadName":"ExampleThread.6","TargetDescription":"java.util.concurrent.Semaphore@8efb846[Permits = 2]","JoinPointName":"acquire","EventType":"Acquire","Permits":1,"Timeout":0,"TimeoutUnit":null}
{"Timestamp":3287610298,"EventClass":"ThreadEvent","ThreadId":16,"ThreadName":"ExampleThread.6","TargetDescription":"ExampleThread.6","JoinPointName":"sleep","EventType":"BeforeSleep","NewName":null,"Runnable":null,"ThreadGroup":null,"NewPriority":0,"Millis":451,"Nanos":0,"IsDaemon":false,"IsInterrupted":false}
{"Timestamp":3400581376,"EventClass":"ThreadEvent","ThreadId":14,"ThreadName":"ExampleThread.4","TargetDescription":"ExampleThread.4","JoinPointName":"sleep","EventType":"AfterSleep","NewName":null,"Runnable":null,"ThreadGroup":null,"NewPriority":0,"Millis":188,"Nanos":0,"IsDaemon":false,"IsInterrupted":false}
{"Timestamp":3400599746,"EventClass":"SemaphoreEvent","ThreadId":14,"ThreadName":"ExampleThread.4","TargetDescription":"java.util.concurrent.Semaphore@8efb846[Permits = 2]","JoinPointName":"release","EventType":"Release","Permits":1,"Timeout":0,"TimeoutUnit":null}
{"Timestamp":3400622782,"EventClass":"SemaphoreEvent","ThreadId":14,"ThreadName":"ExampleThread.4","TargetDescription":"java.util.concurrent.Semaphore@8efb846[Permits = 3]","JoinPointName":"acquire","EventType":"Acquire","Permits":0,"Timeout":0,"TimeoutUnit":null}
{"Timestamp":3400632404,"EventClass":"ThreadEvent","ThreadId":14,"ThreadName":"ExampleThread.4","TargetDescription":"ExampleThread.4","JoinPointName":"sleep","EventType":"BeforeSleep","NewName":null,"Runnable":null,"ThreadGroup":null,"NewPriority":0,"Millis":269,"Nanos":0,"IsDaemon":false,"IsInterrupted":false}
{"Timestamp":3431625393,"EventClass":"ThreadEvent","ThreadId":13,"ThreadName":"ExampleThread.3","TargetDescription":"ExampleThread.3","JoinPointName":"sleep","EventType":"AfterSleep","NewName":null,"Runnable":null,"ThreadGroup":null,"NewPriority":0,"Millis":453,"Nanos":0,"IsDaemon":false,"IsInterrupted":false}
{"Timestamp":3431662717,"EventClass":"SemaphoreEvent","ThreadId":13,"ThreadName":"ExampleThread.3","TargetDescription":"java.util.concurrent.Semaphore@8efb846[Permits = 3]","JoinPointName":"release","EventType":"Release","Permits":1,"Timeout":0,"TimeoutUnit":null}
{"Timestamp":3431686045,"EventClass":"SemaphoreEvent","ThreadId":13,"ThreadName":"ExampleThread.3","TargetDescription":"java.util.concurrent.Semaphore@8efb846[Permits = 3]","JoinPointName":"acquire","EventType":"Acquire","Permits":1,"Timeout":0,"TimeoutUnit":null}
{"Timestamp":3431694792,"EventClass":"ThreadEvent","ThreadId":13,"ThreadName":"ExampleThread.3","TargetDescription":"ExampleThread.3","JoinPointName":"sleep","EventType":"BeforeSleep","NewName":null,"Runnable":null,"ThreadGroup":null,"NewPriority":0,"Millis":450,"Nanos":0,"IsDaemon":false,"IsInterrupted":false}
{"Timestamp":3669575585,"EventClass":"ThreadEvent","ThreadId":14,"ThreadName":"ExampleThread.4","TargetDescription":"ExampleThread.4","JoinPointName":"sleep","EventType":"AfterSleep","NewName":null,"Runnable":null,"ThreadGroup":null,"NewPriority":0,"Millis":269,"Nanos":0,"IsDaemon":false,"IsInterrupted":false}
{"Timestamp":3669592789,"EventClass":"SemaphoreEvent","ThreadId":14,"ThreadName":"ExampleThread.4","TargetDescription":"java.util.concurrent.Semaphore@8efb846[Permits = 3]","JoinPointName":"release","EventType":"Release","Permits":0,"Timeout":0,"TimeoutUnit":null}
{"Timestamp":3669616992,"EventClass":"SemaphoreEvent","ThreadId":14,"ThreadName":"ExampleThread.4","TargetDescription":"java.util.concurrent.Semaphore@8efb846[Permits = 2]","JoinPointName":"acquire","EventType":"Acquire","Permits":1,"Timeout":0,"TimeoutUnit":null}
{"Timestamp":3669625448,"EventClass":"ThreadEvent","ThreadId":14,"ThreadName":"ExampleThread.4","TargetDescription":"ExampleThread.4","JoinPointName":"sleep","EventType":"BeforeSleep","NewName":null,"Runnable":null,"ThreadGroup":null,"NewPriority":0,"Millis":321,"Nanos":0,"IsDaemon":false,"IsInterrupted":false}
{"Timestamp":3738667945,"EventClass":"ThreadEvent","ThreadId":16,"ThreadName":"ExampleThread.6","TargetDescription":"ExampleThread.6","JoinPointName":"sleep","EventType":"AfterSleep","NewName":null,"Runnable":null,"ThreadGroup":null,"NewPriority":0,"Millis":451,"Nanos":0,"IsDaemon":false,"IsInterrupted":false}
{"Timestamp":3738687773,"EventClass":"SemaphoreEvent","ThreadId":16,"ThreadName":"ExampleThread.6","TargetDescription":"java.util.concurrent.Semaphore@8efb846[Permits = 2]","JoinPointName":"release","EventType":"Release","Permits":1,"Timeout":0,"TimeoutUnit":null}
{"Timestamp":3738711101,"EventClass":"SemaphoreEvent","ThreadId":16,"ThreadName":"ExampleThread.6","TargetDescription":"java.util.concurrent.Semaphore@8efb846[Permits = 2]","JoinPointName":"acquire","EventType":"Acquire","Permits":1,"Timeout":0,"TimeoutUnit":null}
{"Timestamp":3738718974,"EventClass":"ThreadEvent","ThreadId":16,"ThreadName":"ExampleThread.6","TargetDescription":"ExampleThread.6","JoinPointName":"sleep","EventType":"BeforeSleep","NewName":null,"Runnable":null,"ThreadGroup":null,"NewPriority":0,"Millis":341,"Nanos":0,"IsDaemon":false,"IsInterrupted":false}
{"Timestamp":3881680548,"EventClass":"ThreadEvent","ThreadId":13,"ThreadName":"ExampleThread.3","TargetDescription":"ExampleThread.3","JoinPointName":"sleep","EventType":"AfterSleep","NewName":null,"Runnable":null,"ThreadGroup":null,"NewPriority":0,"Millis":450,"Nanos":0,"IsDaemon":false,"IsInterrupted":false}
{"Timestamp":3881698335,"EventClass":"SemaphoreEvent","ThreadId":13,"ThreadName":"ExampleThread.3","TargetDescription":"java.util.concurrent.Semaphore@8efb846[Permits = 2]","JoinPointName":"release","EventType":"Release","Permits":1,"Timeout":0,"TimeoutUnit":null}
{"Timestamp":3881721662,"EventClass":"SemaphoreEvent","ThreadId":13,"ThreadName":"ExampleThread.3","TargetDescription":"java.util.concurrent.Semaphore@8efb846[Permits = 3]","JoinPointName":"acquire","EventType":"Acquire","Permits":0,"Timeout":0,"TimeoutUnit":null}
{"Timestamp":3881729535,"EventClass":"ThreadEvent","ThreadId":13,"ThreadName":"ExampleThread.3","TargetDescription":"ExampleThread.3","JoinPointName":"sleep","EventType":"BeforeSleep","NewName":null,"Runnable":null,"ThreadGroup":null,"NewPriority":0,"Millis":272,"Nanos":0,"IsDaemon":false,"IsInterrupted":false}
{"Timestamp":3990806697,"EventClass":"ThreadEvent","ThreadId":14,"ThreadName":"ExampleThread.4","TargetDescription":"ExampleThread.4","JoinPointName":"sleep","EventType":"AfterSleep","NewName":null,"Runnable":null,"ThreadGroup":null,"NewPriority":0,"Millis":321,"Nanos":0,"IsDaemon":false,"IsInterrupted":false}
{"Timestamp":3990843146,"EventClass":"SemaphoreEvent","ThreadId":14,"ThreadName":"ExampleThread.4","TargetDescription":"java.util.concurrent.Semaphore@8efb846[Permits = 3]","JoinPointName":"release","EventType":"Release","Permits":1,"Timeout":0,"TimeoutUnit":null}
{"Timestamp":3990862974,"EventClass":"SemaphoreEvent","ThreadId":14,"ThreadName":"ExampleThread.4","TargetDescription":"java.util.concurrent.Semaphore@8efb846[Permits = 3]","JoinPointName":"tryAcquire","EventType":"Acquire","Permits":1,"Timeout":0,"TimeoutUnit":null}
{"Timestamp":3990871139,"EventClass":"ThreadEvent","ThreadId":14,"ThreadName":"ExampleThread.4","TargetDescription":"ExampleThread.4","JoinPointName":"sleep","EventType":"BeforeSleep","NewName":null,"Runnable":null,"ThreadGroup":null,"NewPriority":0,"Millis":19,"Nanos":0,"IsDaemon":false,"IsInterrupted":false}
{"Timestamp":4009641479,"EventClass":"ThreadEvent","ThreadId":14,"ThreadName":"ExampleThread.4","TargetDescription":"ExampleThread.4","JoinPointName":"sleep","EventType":"AfterSleep","NewName":null,"Runnable":null,"ThreadGroup":null,"NewPriority":0,"Millis":19,"Nanos":0,"IsDaemon":false,"IsInterrupted":false}
{"Timestamp":4009657517,"EventClass":"SemaphoreEvent","ThreadId":14,"ThreadName":"ExampleThread.4","TargetDescription":"java.util.concurrent.Semaphore@8efb846[Permits = 3]","JoinPointName":"release","EventType":"Release","Permits":1,"Timeout":0,"TimeoutUnit":null}
{"Timestamp":4009690467,"EventClass":"SemaphoreEvent","ThreadId":14,"ThreadName":"ExampleThread.4","TargetDescription":"java.util.concurrent.Semaphore@8efb846[Permits = 3]","JoinPointName":"acquire","EventType":"Acquire","Permits":1,"Timeout":0,"TimeoutUnit":null}
{"Timestamp":4009702130,"EventClass":"ThreadEvent","ThreadId":14,"ThreadName":"ExampleThread.4","TargetDescription":"ExampleThread.4","JoinPointName":"sleep","EventType":"BeforeSleep","NewName":null,"Runnable":null,"ThreadGroup":null,"NewPriority":0,"Millis":136,"Nanos":0,"IsDaemon":false,"IsInterrupted":false}
{"Timestamp":4079689093,"EventClass":"ThreadEvent","ThreadId":16,"ThreadName":"ExampleThread.6","TargetDescription":"ExampleThread.6","JoinPointName":"sleep","EventType":"AfterSleep","NewName":null,"Runnable":null,"ThreadGroup":null,"NewPriority":0,"Millis":341,"Nanos":0,"IsDaemon":false,"IsInterrupted":false}
{"Timestamp":4079716211,"EventClass":"SemaphoreEvent","ThreadId":16,"ThreadName":"ExampleThread.6","TargetDescription":"java.util.concurrent.Semaphore@8efb846[Permits = 3]","JoinPointName":"release","EventType":"Release","Permits":1,"Timeout":0,"TimeoutUnit":null}
{"Timestamp":4079742455,"EventClass":"SemaphoreEvent","ThreadId":16,"ThreadName":"ExampleThread.6","TargetDescription":"java.util.concurrent.Semaphore@8efb846[Permits = 3]","JoinPointName":"acquire","EventType":"Acquire","Permits":1,"Timeout":0,"TimeoutUnit":null}
{"Timestamp":4079751202,"EventClass":"ThreadEvent","ThreadId":16,"ThreadName":"ExampleThread.6","TargetDescription":"ExampleThread.6","JoinPointName":"sleep","EventType":"BeforeSleep","NewName":null,"Runnable":null,"ThreadGroup":null,"NewPriority":0,"Millis":13,"Nanos":0,"IsDaemon":false,"IsInterrupted":false}
{"Timestamp":4092652968,"EventClass":"ThreadEvent","ThreadId":16,"ThreadName":"ExampleThread.6","TargetDescription":"ExampleThread.6","JoinPointName":"sleep","EventType":"AfterSleep","NewName":null,"Runnable":null,"ThreadGroup":null,"NewPriority":0,"Millis":13,"Nanos":0,"IsDaemon":false,"IsInterrupted":false}
{"Timestamp":4092669881,"EventClass":"SemaphoreEvent","ThreadId":16,"ThreadName":"ExampleThread.6","TargetDescription":"java.util.concurrent.Semaphore@8efb846[Permits = 3]","JoinPointName":"release","EventType":"Release","Permits":1,"Timeout":0,"TimeoutUnit":null}
{"Timestamp":4092687959,"EventClass":"SemaphoreEvent","ThreadId":16,"ThreadName":"ExampleThread.6","TargetDescription":"java.util.concurrent.Semaphore@8efb846[Permits = 3]","JoinPointName":"tryAcquire","EventType":"Acquire","Permits":1,"Timeout":0,"TimeoutUnit":null}
{"Timestamp":4092694083,"EventClass":"ThreadEvent","ThreadId":16,"ThreadName":"ExampleThread.6","TargetDescription":"ExampleThread.6","JoinPointName":"sleep","EventType":"BeforeSleep","NewName":null,"Runnable":null,"ThreadGroup":null,"NewPriority":0,"Millis":450,"Nanos":0,"IsDaemon":false,"IsInterrupted":false}
{"Timestamp":4145643635,"EventClass":"ThreadEvent","ThreadId":14,"ThreadName":"ExampleThread.4","TargetDescription":"ExampleThread.4","JoinPointName":"sleep","EventType":"AfterSleep","NewName":null,"Runnable":null,"ThreadGroup":null,"NewPriority":0,"Millis":136,"Nanos":0,"IsDaemon":false,"IsInterrupted":false}
{"Timestamp":4145663463,"EventClass":"SemaphoreEvent","ThreadId":14,"ThreadName":"ExampleThread.4","TargetDescription":"java.util.concurrent.Semaphore@8efb846[Permits = 3]","JoinPointName":"release","EventType":"Release","Permits":1,"Timeout":0,"TimeoutUnit":null}
{"Timestamp":4145705452,"EventClass":"SemaphoreEvent","ThreadId":20,"ThreadName":"ExampleThread.10","TargetDescription":"java.util.concurrent.Semaphore@8efb846[Permits = 0]","JoinPointName":"acquire","EventType":"Acquire","Permits":4,"Timeout":0,"TimeoutUnit":null}
{"Timestamp":4145721781,"EventClass":"ThreadEvent","ThreadId":20,"ThreadName":"ExampleThread.10","TargetDescription":"ExampleThread.10","JoinPointName":"sleep","EventType":"BeforeSleep","NewName":null,"Runnable":null,"ThreadGroup":null,"NewPriority":0,"Millis":51,"Nanos":0,"IsDaemon":false,"IsInterrupted":false}
{"Timestamp":4145852414,"EventClass":"RunnableEvent","ThreadId":14,"ThreadName":"ExampleThread.4","TargetDescription":"us.mattowens.sampleprograms.SemaphoreExample$1@3a71f4dd","JoinPointName":"run","EventType":"AfterRun"}
{"Timestamp":4153704396,"EventClass":"ThreadEvent","ThreadId":13,"ThreadName":"ExampleThread.3","TargetDescription":"ExampleThread.3","JoinPointName":"sleep","EventType":"AfterSleep","NewName":null,"Runnable":null,"ThreadGroup":null,"NewPriority":0,"Millis":272,"Nanos":0,"IsDaemon":false,"IsInterrupted":false}
{"Timestamp":4153727140,"EventClass":"SemaphoreEvent","ThreadId":13,"ThreadName":"ExampleThread.3","TargetDescription":"java.util.concurrent.Semaphore@8efb846[Permits = 0]","JoinPointName":"release","EventType":"Release","Permits":0,"Timeout":0,"TimeoutUnit":null}
{"Timestamp":4196595784,"EventClass":"ThreadEvent","ThreadId":20,"ThreadName":"ExampleThread.10","TargetDescription":"ExampleThread.10","JoinPointName":"sleep","EventType":"AfterSleep","NewName":null,"Runnable":null,"ThreadGroup":null,"NewPriority":0,"Millis":51,"Nanos":0,"IsDaemon":false,"IsInterrupted":false}
{"Timestamp":4196616195,"EventClass":"SemaphoreEvent","ThreadId":20,"ThreadName":"ExampleThread.10","TargetDescription":"java.util.concurrent.Semaphore@8efb846[Permits = 0]","JoinPointName":"release","EventType":"Release","Permits":4,"Timeout":0,"TimeoutUnit":null}
{"Timestamp":4196645646,"EventClass":"SemaphoreEvent","ThreadId":20,"ThreadName":"ExampleThread.10","TargetDescription":"java.util.concurrent.Semaphore@8efb846[Permits = 3]","JoinPointName":"acquire","EventType":"Acquire","Permits":1,"Timeout":0,"TimeoutUnit":null}
{"Timestamp":4196654102,"EventClass":"ThreadEvent","ThreadId":20,"ThreadName":"ExampleThread.10","TargetDescription":"ExampleThread.10","JoinPointName":"sleep","EventType":"BeforeSleep","NewName":null,"Runnable":null,"ThreadGroup":null,"NewPriority":0,"Millis":174,"Nanos":0,"IsDaemon":false,"IsInterrupted":false}
{"Timestamp":4196709213,"EventClass":"SemaphoreEvent","ThreadId":18,"ThreadName":"ExampleThread.8","TargetDescription":"java.util.concurrent.Semaphore@8efb846[Permits = 2]","JoinPointName":"acquire","EventType":"Acquire","Permits":1,"Timeout":0,"TimeoutUnit":null}
{"Timestamp":4196723793,"EventClass":"ThreadEvent","ThreadId":18,"ThreadName":"ExampleThread.8","TargetDescription":"ExampleThread.8","JoinPointName":"sleep","EventType":"BeforeSleep","NewName":null,"Runnable":null,"ThreadGroup":null,"NewPriority":0,"Millis":327,"Nanos":0,"IsDaemon":false,"IsInterrupted":false}
{"Timestamp":4370715680,"EventClass":"ThreadEvent","ThreadId":20,"ThreadName":"ExampleThread.10","TargetDescription":"ExampleThread.10","JoinPointName":"sleep","EventType":"AfterSleep","NewName":null,"Runnable":null,"ThreadGroup":null,"NewPriority":0,"Millis":174,"Nanos":0,"IsDaemon":false,"IsInterrupted":false}
{"Timestamp":4370746880,"EventClass":"SemaphoreEvent","ThreadId":20,"ThreadName":"ExampleThread.10","TargetDescription":"java.util.concurrent.Semaphore@8efb846[Permits = 2]","JoinPointName":"release","EventType":"Release","Permits":1,"Timeout":0,"TimeoutUnit":null}
{"Timestamp":4370769624,"EventClass":"SemaphoreEvent","ThreadId":20,"ThreadName":"ExampleThread.10","TargetDescription":"java.util.concurrent.Semaphore@8efb846[Permits = 2]","JoinPointName":"tryAcquire","EventType":"Acquire","Permits":1,"Timeout":0,"TimeoutUnit":null}
{"Timestamp":4370777497,"EventClass":"ThreadEvent","ThreadId":20,"ThreadName":"ExampleThread.10","TargetDescription":"ExampleThread.10","JoinPointName":"sleep","EventType":"BeforeSleep","NewName":null,"Runnable":null,"ThreadGroup":null,"NewPriority":0,"Millis":175,"Nanos":0,"IsDaemon":false,"IsInterrupted":false}
{"Timestamp":4523711799,"EventClass":"ThreadEvent","ThreadId":18,"ThreadName":"ExampleThread.8","TargetDescription":"ExampleThread.8","JoinPointName":"sleep","EventType":"AfterSleep","NewName":null,"Runnable":null,"ThreadGroup":null,"NewPriority":0,"Millis":327,"Nanos":0,"IsDaemon":false,"IsInterrupted":false}
{"Timestamp":4523737459,"EventClass":"SemaphoreEvent","ThreadId":18,"ThreadName":"ExampleThread.8","TargetDescription":"java.util.concurrent.Semaphore@8efb846[Permits = 2]","JoinPointName":"release","EventType":"Release","Permits":1,"Timeout":0,"TimeoutUnit":null}
{"Timestamp":4523764286,"EventClass":"SemaphoreEvent","ThreadId":18,"ThreadName":"ExampleThread.8","TargetDescription":"java.util.concurrent.Semaphore@8efb846[Permits = 0]","JoinPointName":"acquire","EventType":"Acquire","Permits":3,"Timeout":0,"TimeoutUnit":null}
{"Timestamp":4523772742,"EventClass":"ThreadEvent","ThreadId":18,"ThreadName":"ExampleThread.8","TargetDescription":"ExampleThread.8","JoinPointName":"sleep","EventType":"BeforeSleep","NewName":null,"Runnable":null,"ThreadGroup":null,"NewPriority":0,"Millis":177,"Nanos":0,"IsDaemon":false,"IsInterrupted":false}
{"Timestamp":4542668466,"EventClass":"ThreadEvent","ThreadId":16,"ThreadName":"ExampleThread.6","TargetDescription":"ExampleThread.6","JoinPointName":"sleep","EventType":"AfterSleep","NewName":null,"Runnable":null,"ThreadGroup":null,"NewPriority":0,"Millis":450,"Nanos":0,"IsDaemon":false,"IsInterrupted":false}
{"Timestamp":4542690627,"EventClass":"SemaphoreEvent","ThreadId":16,"ThreadName":"ExampleThread.6","TargetDescription":"java.util.concurrent.Semaphore@8efb846[Permits = 0]","JoinPointName":"release","EventType":"Release","Permits":1,"Timeout":0,"TimeoutUnit":null}
{"Timestamp":4542728534,"EventClass":"SemaphoreEvent","ThreadId":16,"ThreadName":"ExampleThread.6","TargetDescription":"java.util.concurrent.Semaphore@8efb846[Permits = 0]","JoinPointName":"acquire","EventType":"Acquire","Permits":1,"Timeout":0,"TimeoutUnit":null}
{"Timestamp":4542737574,"EventClass":"ThreadEvent","ThreadId":16,"ThreadName":"ExampleThread.6","TargetDescription":"ExampleThread.6","JoinPointName":"sleep","EventType":"BeforeSleep","NewName":null,"Runnable":null,"ThreadGroup":null,"NewPriority":0,"Millis":214,"Nanos":0,"IsDaemon":false,"IsInterrupted":false}
{"Timestamp":4545616750,"EventClass":"ThreadEvent","ThreadId":20,"ThreadName":"ExampleThread.10","TargetDescription":"ExampleThread.10","JoinPointName":"sleep","EventType":"AfterSleep","NewName":null,"Runnable":null,"ThreadGroup":null,"NewPriority":0,"Millis":175,"Nanos":0,"IsDaemon":false,"IsInterrupted":false}
{"Timestamp":4545649117,"EventClass":"SemaphoreEvent","ThreadId":20,"ThreadName":"ExampleThread.10","TargetDescription":"java.util.concurrent.Semaphore@8efb846[Permits = 0]","JoinPointName":"release","EventType":"Release","Permits":1,"Timeout":0,"TimeoutUnit":null}
{"Timestamp":4545668653,"EventClass":"SemaphoreEvent","ThreadId":20,"ThreadName":"ExampleThread.10","TargetDescription":"java.util.concurrent.Semaphore@8efb846[Permits = 0]","JoinPointName":"acquire","EventType":"Acquire","Permits":1,"Timeout":0,"TimeoutUnit":null}
{"Timestamp":4545677984,"EventClass":"ThreadEvent","ThreadId":20,"ThreadName":"ExampleThread.10","TargetDescription":"ExampleThread.10","JoinPointName":"sleep","EventType":"BeforeSleep","NewName":null,"Runnable":null,"ThreadGroup":null,"NewPriority":0,"Millis":0,"Nanos":0,"IsDaemon":false,"IsInterrupted":false}
{"Timestamp":4545682650,"EventClass":"ThreadEvent","ThreadId":20,"ThreadName":"ExampleThread.10","TargetDescription":"ExampleThread.10","JoinPointName":"sleep","EventType":"AfterSleep","NewName":null,"Runnable":null,"ThreadGroup":null,"NewPriority":0,"Millis":0,"Nanos":0,"IsDaemon":false,"IsInterrupted":false}
{"Timestamp":4545692272,"EventClass":"SemaphoreEvent","ThreadId":20,"ThreadName":"ExampleThread.10","TargetDescription":"java.util.concurrent.Semaphore@8efb846[Permits = 0]","JoinPointName":"release","EventType":"Release","Permits":1,"Timeout":0,"TimeoutUnit":null}
{"Timestamp":4700718453,"EventClass":"ThreadEvent","ThreadId":18,"ThreadName":"ExampleThread.8","TargetDescription":"ExampleThread.8","JoinPointName":"sleep","EventType":"AfterSleep","NewName":null,"Runnable":null,"ThreadGroup":null,"NewPriority":0,"Millis":177,"Nanos":0,"IsDaemon":false,"IsInterrupted":false}
{"Timestamp":4700735657,"EventClass":"SemaphoreEvent","ThreadId":18,"ThreadName":"ExampleThread.8","TargetDescription":"java.util.concurrent.Semaphore@8efb846[Permits = 1]","JoinPointName":"release","EventType":"Release","Permits":3,"Timeout":0,"TimeoutUnit":null}
{"Timestamp":4700759567,"EventClass":"SemaphoreEvent","ThreadId":18,"ThreadName":"ExampleThread.8","TargetDescription":"java.util.concurrent.Semaphore@8efb846[Permits = 0]","JoinPointName":"acquire","EventType":"Acquire","Permits":1,"Timeout":0,"TimeoutUnit":null}
{"Timestamp":4700768898,"EventClass":"ThreadEvent","ThreadId":18,"ThreadName":"ExampleThread.8","TargetDescription":"ExampleThread.8","JoinPointName":"sleep","EventType":"BeforeSleep","NewName":null,"Runnable":null,"ThreadGroup":null,"NewPriority":0,"Millis":54,"Nanos":0,"IsDaemon":false,"IsInterrupted":false}
{"Timestamp":4700774730,"EventClass":"SemaphoreEvent","ThreadId":11,"ThreadName":"ExampleThread.1","TargetDescription":"java.util.concurrent.Semaphore@8efb846[Permits = 0]","JoinPointName":"acquire","EventType":"Acquire","Permits":3,"Timeout":0,"TimeoutUnit":null}
{"Timestamp":4700789601,"EventClass":"ThreadEvent","ThreadId":11,"ThreadName":"ExampleThread.1","TargetDescription":"ExampleThread.1","JoinPointName":"sleep","EventType":"BeforeSleep","NewName":null,"Runnable":null,"ThreadGroup":null,"NewPriority":0,"Millis":340,"Nanos":0,"IsDaemon":false,"IsInterrupted":false}
{"Timestamp":4754692658,"EventClass":"ThreadEvent","ThreadId":18,"ThreadName":"ExampleThread.8","TargetDescription":"ExampleThread.8","JoinPointName":"sleep","EventType":"AfterSleep","NewName":null,"Runnable":null,"ThreadGroup":null,"NewPriority":0,"Millis":54,"Nanos":0,"IsDaemon":false,"IsInterrupted":false}
{"Timestamp":4754725608,"EventClass":"SemaphoreEvent","ThreadId":18,"ThreadName":"ExampleThread.8","TargetDescription":"java.util.concurrent.Semaphore@8efb846[Permits = 0]","JoinPointName":"release","EventType":"Release","Permits":1,"Timeout":0,"TimeoutUnit":null}
{"Timestamp":4754744270,"EventClass":"SemaphoreEvent","ThreadId":18,"ThreadName":"ExampleThread.8","TargetDescription":"java.util.concurrent.Semaphore@8efb846[Permits = 0]","JoinPointName":"tryAcquire","EventType":"Acquire","Permits":1,"Timeout":0,"TimeoutUnit":null}
{"Timestamp":4754750976,"EventClass":"ThreadEvent","ThreadId":18,"ThreadName":"ExampleThread.8","TargetDescription":"ExampleThread.8","JoinPointName":"sleep","EventType":"BeforeSleep","NewName":null,"Runnable":null,"ThreadGroup":null,"NewPriority":0,"Millis":490,"Nanos":0,"IsDaemon":false,"IsInterrupted":false}
{"Timestamp":4756690353,"EventClass":"ThreadEvent","ThreadId":16,"ThreadName":"ExampleThread.6","TargetDescription":"ExampleThread.6","JoinPointName":"sleep","EventType":"AfterSleep","NewName":null,"Runnable":null,"ThreadGroup":null,"NewPriority":0,"Millis":214,"Nanos":0,"IsDaemon":false,"IsInterrupted":false}
{"Timestamp":4756722428,"EventClass":"SemaphoreEvent","ThreadId":16,"ThreadName":"ExampleThread.6","TargetDescription":"java.util.concurrent.Semaphore@8efb846[Permits = 0]","JoinPointName":"release","EventType":"Release","Permits":1,"Timeout":0,"TimeoutUnit":null}
{"Timestamp":5040638551,"EventClass":"ThreadEvent","ThreadId":11,"ThreadName":"ExampleThread.1","TargetDescription":"ExampleThread.1","JoinPointName":"sleep","EventType":"AfterSleep","NewName":null,"Runnable":null,"ThreadGroup":null,"NewPriority":0,"Millis":340,"Nanos":0,"IsDaemon":false,"IsInterrupted":false}
{"Timestamp":5040682581,"EventClass":"SemaphoreEvent","ThreadId":11,"ThreadName":"ExampleThread.1","TargetDescription":"java.util.concurrent.Semaphore@8efb846[Permits = 1]","JoinPointName":"release","EventType":"Release","Permits":3,"Timeout":0,"TimeoutUnit":null}
{"Timestamp":5040705909,"EventClass":"SemaphoreEvent","ThreadId":11,"ThreadName":"ExampleThread.1","TargetDescription":"java.util.concurrent.Semaphore@8efb846[Permits = 3]","JoinPointName":"acquire","EventType":"Acquire","Permits":1,"Timeout":0,"TimeoutUnit":null}
{"Timestamp":5040714656,"EventClass":"ThreadEvent","ThreadId":11,"ThreadName":"ExampleThread.1","TargetDescription":"ExampleThread.1","JoinPointName":"sleep","EventType":"BeforeSleep","NewName":null,"Runnable":null,"ThreadGroup":null,"NewPriority":0,"Millis":132,"Nanos":0,"IsDaemon":false,"IsInterrupted":false}
{"Timestamp":5040735651,"EventClass":"SemaphoreEvent","ThreadId":19,"ThreadName":"ExampleThread.9","TargetDescription":"java.util.concurrent.Semaphore@8efb846[Permits = 0]","JoinPointName":"acquire","EventType":"Acquire","Permits":3,"Timeout":0,"TimeoutUnit":null}
{"Timestamp":5040750814,"EventClass":"ThreadEvent","ThreadId":19,"ThreadName":"ExampleThread.9","TargetDescription":"ExampleThread.9","JoinPointName":"sleep","EventType":"BeforeSleep","NewName":null,"Runnable":null,"ThreadGroup":null,"NewPriority":0,"Millis":350,"Nanos":0,"IsDaemon":false,"IsInterrupted":false}
{"Timestamp":5172758163,"EventClass":"ThreadEvent","ThreadId":11,"ThreadName":"ExampleThread.1","TargetDescription":"ExampleThread.1","JoinPointName":"sleep","EventType":"AfterSleep","NewName":null,"Runnable":null,"ThreadGroup":null,"NewPriority":0,"Millis":132,"Nanos":0,"IsDaemon":false,"IsInterrupted":false}
{"Timestamp":5172791404,"EventClass":"SemaphoreEvent","ThreadId":11,"ThreadName":"ExampleThread.1","TargetDescription":"java.util.concurrent.Semaphore@8efb846[Permits = 0]","JoinPointName":"release","EventType":"Release","Permits":1,"Timeout":0,"TimeoutUnit":null}
{"Timestamp":5172818231,"EventClass":"SemaphoreEvent","ThreadId":11,"ThreadName":"ExampleThread.1","TargetDescription":"java.util.concurrent.Semaphore@8efb846[Permits = 0]","JoinPointName":"tryAcquire","EventType":"Acquire","Permits":1,"Timeout":0,"TimeoutUnit":null}
{"Timestamp":5172823480,"EventClass":"ThreadEvent","ThreadId":11,"ThreadName":"ExampleThread.1","TargetDescription":"ExampleThread.1","JoinPointName":"sleep","EventType":"BeforeSleep","NewName":null,"Runnable":null,"ThreadGroup":null,"NewPriority":0,"Millis":492,"Nanos":0,"IsDaemon":false,"IsInterrupted":false}
{"Timestamp":5244711620,"EventClass":"ThreadEvent","ThreadId":18,"ThreadName":"ExampleThread.8","TargetDescription":"ExampleThread.8","JoinPointName":"sleep","EventType":"AfterSleep","NewName":null,"Runnable":null,"ThreadGroup":null,"NewPriority":0,"Millis":490,"Nanos":0,"IsDaemon":false,"IsInterrupted":false}
{"Timestamp":5244745737,"EventClass":"SemaphoreEvent","ThreadId":18,"ThreadName":"ExampleThread.8","TargetDescription":"java.util.concurrent.Semaphore@8efb846[Permits = 0]","JoinPointName":"release","EventType":"Release","Permits":1,"Timeout":0,"TimeoutUnit":null}
{"Timestamp":5244763524,"EventClass":"SemaphoreEvent","ThreadId":18,"ThreadName":"ExampleThread.8","TargetDescription":"java.util.concurrent.Semaphore@8efb846[Permits = 0]","JoinPointName":"acquire","EventType":"Acquire","Permits":1,"Timeout":0,"TimeoutUnit":null}
{"Timestamp":5244771105,"EventClass":"ThreadEvent","ThreadId":18,"ThreadName":"ExampleThread.8","TargetDescription":"ExampleThread.8","JoinPointName":"sleep","EventType":"BeforeSleep","NewName":null,"Runnable":null,"ThreadGroup":null,"NewPriority":0,"Millis":329,"Nanos":0,"IsDaemon":false,"IsInterrupted":false}
{"Timestamp":5390762317,"EventClass":"ThreadEvent","ThreadId":19,"ThreadName":"ExampleThread.9","TargetDescription":"ExampleThread.9","JoinPointName":"sleep","EventType":"AfterSleep","NewName":null,"Runnable":null,"ThreadGroup":null,"NewPriority":0,"Millis":350,"Nanos":0,"IsDaemon":false,"IsInterrupted":false}
{"Timestamp":5390780104,"EventClass":"SemaphoreEvent","ThreadId":19,"ThreadName":"ExampleThread.9","TargetDescription":"java.util.concurrent.Semaphore@8efb846[Permits = 0]","JoinPointName":"release","EventType":"Release","Permits":3,"Timeout":0,"TimeoutUnit":null}
{"Timestamp":5390846587,"EventClass":"RunnableEvent","ThreadId":19,"ThreadName":"ExampleThread.9","TargetDescription":"us.mattowens.sampleprograms.SemaphoreExample$1@65b54208","JoinPointName":"run","EventType":"AfterRun"}
{"Timestamp":5573736103,"EventClass":"ThreadEvent","ThreadId":18,"ThreadName":"ExampleThread.8","TargetDescription":"ExampleThread.8","JoinPointName":"sleep","EventType":"AfterSleep","NewName":null,"Runnable":null,"ThreadGroup":null,"NewPriority":0,"Millis":329,"Nanos":0,"IsDaemon":false,"IsInterrupted":false}
{"Timestamp":5573772844,"EventClass":"SemaphoreEvent","ThreadId":18,"ThreadName":"ExampleThread.8","TargetDescription":"java.util.concurrent.Semaphore@8efb846[Permits = 3]","JoinPointName":"release","EventType":"Release","Permits":1,"Timeout":0,"TimeoutUnit":null}
{"Timestamp":5573801128,"EventClass":"SemaphoreEvent","ThreadId":18,"ThreadName":"ExampleThread.8","TargetDescription":"java.util.concurrent.Semaphore@8efb846[Permits = 2]","JoinPointName":"acquire","EventType":"Acquire","Permits":2,"Timeout":0,"TimeoutUnit":null}
{"Timestamp":5573807835,"EventClass":"ThreadEvent","ThreadId":18,"ThreadName":"ExampleThread.8","TargetDescription":"ExampleThread.8","JoinPointName":"sleep","EventType":"BeforeSleep","NewName":null,"Runnable":null,"ThreadGroup":null,"NewPriority":0,"Millis":242,"Nanos":0,"IsDaemon":false,"IsInterrupted":false}
{"Timestamp":5664783859,"EventClass":"ThreadEvent","ThreadId":11,"ThreadName":"ExampleThread.1","TargetDescription":"ExampleThread.1","JoinPointName":"sleep","EventType":"AfterSleep","NewName":null,"Runnable":null,"ThreadGroup":null,"NewPriority":0,"Millis":492,"Nanos":0,"IsDaemon":false,"IsInterrupted":false}
{"Timestamp":5664822641,"EventClass":"SemaphoreEvent","ThreadId":11,"ThreadName":"ExampleThread.1","TargetDescription":"java.util.concurrent.Semaphore@8efb846[Permits = 2]","JoinPointName":"release","EventType":"Release","Permits":1,"Timeout":0,"TimeoutUnit":null}
{"Timestamp":5664843636,"EventClass":"SemaphoreEvent","ThreadId":11,"ThreadName":"ExampleThread.1","TargetDescription":"java.util.concurrent.Semaphore@8efb846[Permits = 2]","JoinPointName":"acquire","EventType":"Acquire","Permits":1,"Timeout":0,"TimeoutUnit":null}
{"Timestamp":5664855882,"EventClass":"ThreadEvent","ThreadId":11,"ThreadName":"ExampleThread.1","TargetDescription":"ExampleThread.1","JoinPointName":"sleep","EventType":"BeforeSleep","NewName":null,"Runnable":null,"ThreadGroup":null,"NewPriority":0,"Millis":442,"Nanos":0,"IsDaemon":false,"IsInterrupted":false}
{"Timestamp":5815721050,"EventClass":"ThreadEvent","ThreadId":18,"ThreadName":"ExampleThread.8","TargetDescription":"ExampleThread.8","JoinPointName":"sleep","EventType":"AfterSleep","NewName":null,"Runnable":null,"ThreadGroup":null,"NewPriority":0,"Millis":242,"Nanos":0,"IsDaemon":false,"IsInterrupted":false}
{"Timestamp":5815737962,"EventClass":"SemaphoreEvent","ThreadId":18,"ThreadName":"ExampleThread.8","TargetDescription":"java.util.concurrent.Semaphore@8efb846[Permits = 2]","JoinPointName":"release","EventType":"Release","Permits":2,"Timeout":0,"TimeoutUnit":null}
{"Timestamp":5815760123,"EventClass":"SemaphoreEvent","ThreadId":18,"ThreadName":"ExampleThread.8","TargetDescription":"java.util.concurrent.Semaphore@8efb846[Permits = 3]","JoinPointName":"acquire","EventType":"Acquire","Permits":1,"Timeout":0,"TimeoutUnit":null}
{"Timestamp":5815766829,"EventClass":"ThreadEvent","ThreadId":18,"ThreadName":"ExampleThread.8","TargetDescription":"ExampleThread.8","JoinPointName":"sleep","EventType":"BeforeSleep","NewName":null,"Runnable":null,"ThreadGroup":null,"NewPriority":0,"Millis":405,"Nanos":0,"IsDaemon":false,"IsInterrupted":false}
{"Timestamp":6106701564,"EventClass":"ThreadEvent","ThreadId":11,"ThreadName":"ExampleThread.1","TargetDescription":"ExampleThread.1","JoinPointName":"sleep","EventType":"AfterSleep","NewName":null,"Runnable":null,"ThreadGroup":null,"NewPriority":0,"Millis":442,"Nanos":0,"IsDaemon":false,"IsInterrupted":false}
{"Timestamp":6106728974,"EventClass":"SemaphoreEvent","ThreadId":11,"ThreadName":"ExampleThread.1","TargetDescription":"java.util.concurrent.Semaphore@8efb846[Permits = 3]","JoinPointName":"release","EventType":"Release","Permits":1,"Timeout":0,"TimeoutUnit":null}
{"Timestamp":6106760758,"EventClass":"SemaphoreEvent","ThreadId":11,"ThreadName":"ExampleThread.1","TargetDescription":"java.util.concurrent.Semaphore@8efb846[Permits = 0]","JoinPointName":"acquire","EventType":"Acquire","Permits":4,"Timeout":0,"TimeoutUnit":null}
{"Timestamp":6106767464,"EventClass":"ThreadEvent","ThreadId":11,"ThreadName":"ExampleThread.1","TargetDescription":"ExampleThread.1","JoinPointName":"sleep","EventType":"BeforeSleep","NewName":null,"Runnable":null,"ThreadGroup":null,"NewPriority":0,"Millis":121,"Nanos":0,"IsDaemon":false,"IsInterrupted":false}
{"Timestamp":6220705460,"EventClass":"ThreadEvent","ThreadId":18,"ThreadName":"ExampleThread.8","TargetDescription":"ExampleThread.8","JoinPointName":"sleep","EventType":"AfterSleep","NewName":null,"Runnable":null,"ThreadGroup":null,"NewPriority":0,"Millis":405,"Nanos":0,"IsDaemon":false,"IsInterrupted":false}
{"Timestamp":6220731411,"EventClass":"SemaphoreEvent","ThreadId":18,"ThreadName":"ExampleThread.8","TargetDescription":"java.util.concurrent.Semaphore@8efb846[Permits = 0]","JoinPointName":"release","EventType":"Release","Permits":1,"Timeout":0,"TimeoutUnit":null}
{"Timestamp":6220748907,"EventClass":"SemaphoreEvent","ThreadId":18,"ThreadName":"ExampleThread.8","TargetDescription":"java.util.concurrent.Semaphore@8efb846[Permits = 0]","JoinPointName":"tryAcquire","EventType":"Acquire","Permits":1,"Timeout":0,"TimeoutUnit":null}
{"Timestamp":6220757946,"EventClass":"ThreadEvent","ThreadId":18,"ThreadName":"ExampleThread.8","TargetDescription":"ExampleThread.8","JoinPointName":"sleep","EventType":"BeforeSleep","NewName":null,"Runnable":null,"ThreadGroup":null,"NewPriority":0,"Millis":40,"Nanos":0,"IsDaemon":false,"IsInterrupted":false}
{"Timestamp":6227703077,"EventClass":"ThreadEvent","ThreadId":11,"ThreadName":"ExampleThread.1","TargetDescription":"ExampleThread.1","JoinPointName":"sleep","EventType":"AfterSleep","NewName":null,"Runnable":null,"ThreadGroup":null,"NewPriority":0,"Millis":121,"Nanos":0,"IsDaemon":false,"IsInterrupted":false}
{"Timestamp":6227718240,"EventClass":"SemaphoreEvent","ThreadId":11,"ThreadName":"ExampleThread.1","TargetDescription":"java.util.concurrent.Semaphore@8efb846[Permits = 0]","JoinPointName":"release","EventType":"Release","Permits":4,"Timeout":0,"TimeoutUnit":null}
{"Timestamp":6227738943,"EventClass":"SemaphoreEvent","ThreadId":11,"ThreadName":"ExampleThread.1","TargetDescription":"java.util.concurrent.Semaphore@8efb846[Permits = 3]","JoinPointName":"acquire","EventType":"Acquire","Permits":1,"Timeout":0,"TimeoutUnit":null}
{"Timestamp":6227746524,"EventClass":"ThreadEvent","ThreadId":11,"ThreadName":"ExampleThread.1","TargetDescription":"ExampleThread.1","JoinPointName":"sleep","EventType":"BeforeSleep","NewName":null,"Runnable":null,"ThreadGroup":null,"NewPriority":0,"Millis":499,"Nanos":0,"IsDaemon":false,"IsInterrupted":false}
{"Timestamp":6260694636,"EventClass":"ThreadEvent","ThreadId":18,"ThreadName":"ExampleThread.8","TargetDescription":"ExampleThread.8","JoinPointName":"sleep","EventType":"AfterSleep","NewName":null,"Runnable":null,"ThreadGroup":null,"NewPriority":0,"Millis":40,"Nanos":0,"IsDaemon":false,"IsInterrupted":false}
{"Timestamp":6260706299,"EventClass":"SemaphoreEvent","ThreadId":18,"ThreadName":"ExampleThread.8","TargetDescription":"java.util.concurrent.Semaphore@8efb846[Permits = 3]","JoinPointName":"release","EventType":"Release","Permits":1,"Timeout":0,"TimeoutUnit":null}
{"Timestamp":6260734875,"EventClass":"SemaphoreEvent","ThreadId":18,"ThreadName":"ExampleThread.8","TargetDescription":"java.util.concurrent.Semaphore@8efb846[Permits = 2]","JoinPointName":"acquire","EventType":"Acquire","Permits":2,"Timeout":0,"TimeoutUnit":null}
{"Timestamp":6260740416,"EventClass":"ThreadEvent","ThreadId":18,"ThreadName":"ExampleThread.8","TargetDescription":"ExampleThread.8","JoinPointName":"sleep","EventType":"BeforeSleep","NewName":null,"Runnable":null,"ThreadGroup":null,"NewPriority":0,"Millis":349,"Nanos":0,"IsDaemon":false,"IsInterrupted":false}
{"Timestamp":6609770713,"EventClass":"ThreadEvent","ThreadId":18,"ThreadName":"ExampleThread.8","TargetDescription":"ExampleThread.8","JoinPointName":"sleep","EventType":"AfterSleep","NewName":null,"Runnable":null,"ThreadGroup":null,"NewPriority":0,"Millis":349,"Nanos":0,"IsDaemon":false,"IsInterrupted":false}
{"Timestamp":6609797248,"EventClass":"SemaphoreEvent","ThreadId":18,"ThreadName":"ExampleThread.8","TargetDescription":"java.util.concurrent.Semaphore@8efb846[Permits = 2]","JoinPointName":"release","EventType":"Release","Permits":2,"Timeout":0,"TimeoutUnit":null}
{"Timestamp":6609927881,"EventClass":"RunnableEvent","ThreadId":18,"ThreadName":"ExampleThread.8","TargetDescription":"us.mattowens.sampleprograms.SemaphoreExample$1@63961c42","JoinPointName":"run","EventType":"AfterRun"}
{"Timestamp":6610075135,"EventClass":"SemaphoreEvent","ThreadId":12,"ThreadName":"ExampleThread.2","TargetDescription":"java.util.concurrent.Semaphore@8efb846[Permits = 0]","JoinPointName":"acquire","EventType":"Acquire","Permits":4,"Timeout":0,"TimeoutUnit":null}
{"Timestamp":6610084174,"EventClass":"ThreadEvent","ThreadId":12,"ThreadName":"ExampleThread.2","TargetDescription":"ExampleThread.2","JoinPointName":"sleep","EventType":"BeforeSleep","NewName":null,"Runnable":null,"ThreadGroup":null,"NewPriority":0,"Millis":313,"Nanos":0,"IsDaemon":false,"IsInterrupted":false}
{"Timestamp":6726819700,"EventClass":"ThreadEvent","ThreadId":11,"ThreadName":"ExampleThread.1","TargetDescription":"ExampleThread.1","JoinPointName":"sleep","EventType":"AfterSleep","NewName":null,"Runnable":null,"ThreadGroup":null,"NewPriority":0,"Millis":499,"Nanos":0,"IsDaemon":false,"IsInterrupted":false}
{"Timestamp":6726842152,"EventClass":"SemaphoreEvent","ThreadId":11,"ThreadName":"ExampleThread.1","TargetDescription":"java.util.concurrent.Semaphore@8efb846[Permits = 0]","JoinPointName":"release","EventType":"Release","Permits":1,"Timeout":0,"TimeoutUnit":null}
{"Timestamp":6726858190,"EventClass":"SemaphoreEvent","ThreadId":11,"ThreadName":"ExampleThread.1","TargetDescription":"java.util.concurrent.Semaphore@8efb846[Permits = 0]","JoinPointName":"tryAcquire","EventType":"Acquire","Permits":1,"Timeout":0,"TimeoutUnit":null}
{"Timestamp":6726864313,"EventClass":"ThreadEvent","ThreadId":11,"ThreadName":"ExampleThread.1","TargetDescription":"ExampleThread.1","JoinPointName":"sleep","EventType":"BeforeSleep","NewName":null,"Runnable":null,"ThreadGroup":null,"NewPriority":0,"Millis":116,"Nanos":0,"IsDaemon":false,"IsInterrupted":false}
{"Timestamp":6842839952,"EventClass":"ThreadEvent","ThreadId":11,"ThreadName":"ExampleThread.1","TargetDescription":"ExampleThread.1","JoinPointName":"sleep","EventType":"AfterSleep","NewName":null,"Runnable":null,"ThreadGroup":null,"NewPriority":0,"Millis":116,"Nanos":0,"IsDaemon":false,"IsInterrupted":false}
{"Timestamp":6842888356,"EventClass":"SemaphoreEvent","ThreadId":11,"ThreadName":"ExampleThread.1","TargetDescription":"java.util.concurrent.Semaphore@8efb846[Permits = 0]","JoinPointName":"release","EventType":"Release","Permits":1,"Timeout":0,"TimeoutUnit":null}
{"Timestamp":6842910808,"EventClass":"SemaphoreEvent","ThreadId":11,"ThreadName":"ExampleThread.1","TargetDescription":"java.util.concurrent.Semaphore@8efb846[Permits = 1]","JoinPointName":"acquire","EventType":"Acquire","Permits":0,"Timeout":0,"TimeoutUnit":null}
{"Timestamp":6842916932,"EventClass":"ThreadEvent","ThreadId":11,"ThreadName":"ExampleThread.1","TargetDescription":"ExampleThread.1","JoinPointName":"sleep","EventType":"BeforeSleep","NewName":null,"Runnable":null,"ThreadGroup":null,"NewPriority":0,"Millis":19,"Nanos":0,"IsDaemon":false,"IsInterrupted":false}
{"Timestamp":6861723429,"EventClass":"ThreadEvent","ThreadId":11,"ThreadName":"ExampleThread.1","TargetDescription":"ExampleThread.1","JoinPointName":"sleep","EventType":"AfterSleep","NewName":null,"Runnable":null,"ThreadGroup":null,"NewPriority":0,"Millis":19,"Nanos":0,"IsDaemon":false,"IsInterrupted":false}
{"Timestamp":6861753172,"EventClass":"SemaphoreEvent","ThreadId":11,"ThreadName":"ExampleThread.1","TargetDescription":"java.util.concurrent.Semaphore@8efb846[Permits = 1]","JoinPointName":"release","EventType":"Release","Permits":0,"Timeout":0,"TimeoutUnit":null}
{"Timestamp":6861814989,"EventClass":"RunnableEvent","ThreadId":11,"ThreadName":"ExampleThread.1","TargetDescription":"us.mattowens.sampleprograms.SemaphoreExample$1@23fc625e","JoinPointName":"run","EventType":"AfterRun"}
{"Timestamp":6922790019,"EventClass":"ThreadEvent","ThreadId":12,"ThreadName":"ExampleThread.2","TargetDescription":"ExampleThread.2","JoinPointName":"sleep","EventType":"AfterSleep","NewName":null,"Runnable":null,"ThreadGroup":null,"NewPriority":0,"Millis":313,"Nanos":0,"IsDaemon":false,"IsInterrupted":false}
{"Timestamp":6922804307,"EventClass":"SemaphoreEvent","ThreadId":12,"ThreadName":"ExampleThread.2","TargetDescription":"java.util.concurrent.Semaphore@8efb846[Permits = 1]","JoinPointName":"release","EventType":"Release","Permits":4,"Timeout":0,"TimeoutUnit":null}
{"Timestamp":6922827343,"EventClass":"SemaphoreEvent","ThreadId":12,"ThreadName":"ExampleThread.2","TargetDescription":"java.util.concurrent.Semaphore@8efb846[Permits = 4]","JoinPointName":"acquire","EventType":"Acquire","Permits":1,"Timeout":0,"TimeoutUnit":null}
{"Timestamp":6922834050,"EventClass":"ThreadEvent","ThreadId":12,"ThreadName":"ExampleThread.2","TargetDescription":"ExampleThread.2","JoinPointName":"sleep","EventType":"BeforeSleep","NewName":null,"Runnable":null,"ThreadGroup":null,"NewPriority":0,"Millis":333,"Nanos":0,"IsDaemon":false,"IsInterrupted":false}
{"Timestamp":6922851837,"EventClass":"SemaphoreEvent","ThreadId":15,"ThreadName":"ExampleThread.5","TargetDescription":"java.util.concurrent.Semaphore@8efb846[Permits = 1]","JoinPointName":"acquire","EventType":"Acquire","Permits":3,"Timeout":0,"TimeoutUnit":null}
{"Timestamp":6922864084,"EventClass":"ThreadEvent","ThreadId":15,"ThreadName":"ExampleThread.5","TargetDescription":"ExampleThread.5","JoinPointName":"sleep","EventType":"BeforeSleep","NewName":null,"Runnable":null,"ThreadGroup":null,"NewPriority":0,"Millis":399,"Nanos":0,"IsDaemon":false,"IsInterrupted":false}
{"Timestamp":7255850131,"EventClass":"ThreadEvent","ThreadId":12,"ThreadName":"ExampleThread.2","TargetDescription":"ExampleThread.2","JoinPointName":"sleep","EventType":"AfterSleep","NewName":null,"Runnable":null,"ThreadGroup":null,"NewPriority":0,"Millis":333,"Nanos":0,"IsDaemon":false,"IsInterrupted":false}
{"Timestamp":7255872584,"EventClass":"SemaphoreEvent","ThreadId":12,"ThreadName":"ExampleThread.2","TargetDescription":"java.util.concurrent.Semaphore@8efb846[Permits = 1]","JoinPointName":"release","EventType":"Release","Permits":1,"Timeout":0,"TimeoutUnit":null}
{"Timestamp":7255891537,"EventClass":"SemaphoreEvent","ThreadId":12,"ThreadName":"ExampleThread.2","TargetDescription":"java.util.concurrent.Semaphore@8efb846[Permits = 1]","JoinPointName":"tryAcquire","EventType":"Acquire","Permits":1,"Timeout":0,"TimeoutUnit":null}
{"Timestamp":7255897661,"EventClass":"ThreadEvent","ThreadId":12,"ThreadName":"ExampleThread.2","TargetDescription":"ExampleThread.2","JoinPointName":"sleep","EventType":"BeforeSleep","NewName":null,"Runnable":null,"ThreadGroup":null,"NewPriority":0,"Millis":301,"Nanos":0,"IsDaemon":false,"IsInterrupted":false}
{"Timestamp":7321804090,"EventClass":"ThreadEvent","ThreadId":15,"ThreadName":"ExampleThread.5","TargetDescription":"ExampleThread.5","JoinPointName":"sleep","EventType":"AfterSleep","NewName":null,"Runnable":null,"ThreadGroup":null,"NewPriority":0,"Millis":399,"Nanos":0,"IsDaemon":false,"IsInterrupted":false}
{"Timestamp":7321818378,"EventClass":"SemaphoreEvent","ThreadId":15,"ThreadName":"ExampleThread.5","TargetDescription":"java.util.concurrent.Semaphore@8efb846[Permits = 1]","JoinPointName":"release","EventType":"Release","Permits":3,"Timeout":0,"TimeoutUnit":null}
{"Timestamp":7321837623,"EventClass":"SemaphoreEvent","ThreadId":15,"ThreadName":"ExampleThread.5","TargetDescription":"java.util.concurrent.Semaphore@8efb846[Permits = 3]","JoinPointName":"acquire","EventType":"Acquire","Permits":1,"Timeout":0,"TimeoutUnit":null}
{"Timestamp":7321861533,"EventClass":"SemaphoreEvent","ThreadId":13,"ThreadName":"ExampleThread.3","TargetDescription":"java.util.concurrent.Semaphore@8efb846[Permits = 0]","JoinPointName":"acquire","EventType":"Acquire","Permits":1,"Timeout":0,"TimeoutUnit":null}
{"Timestamp":7321858617,"EventClass":"SemaphoreEvent","ThreadId":17,"ThreadName":"ExampleThread.7","TargetDescription":"java.util.concurrent.Semaphore@8efb846[Permits = 0]","JoinPointName":"acquire","EventType":"Acquire","Permits":2,"Timeout":0,"TimeoutUnit":null}
{"Timestamp":7321872030,"EventClass":"ThreadEvent","ThreadId":13,"ThreadName":"ExampleThread.3","TargetDescription":"ExampleThread.3","JoinPointName":"sleep","EventType":"BeforeSleep","NewName":null,"Runnable":null,"ThreadGroup":null,"NewPriority":0,"Millis":210,"Nanos":0,"IsDaemon":false,"IsInterrupted":false}
{"Timestamp":7321874946,"EventClass":"ThreadEvent","ThreadId":17,"ThreadName":"ExampleThread.7","TargetDescription":"ExampleThread.7","JoinPointName":"sleep","EventType":"BeforeSleep","NewName":null,"Runnable":null,"ThreadGroup":null,"NewPriority":0,"Millis":303,"Nanos":0,"IsDaemon":false,"IsInterrupted":false}
{"Timestamp":7321878154,"EventClass":"ThreadEvent","ThreadId":15,"ThreadName":"ExampleThread.5","TargetDescription":"ExampleThread.5","JoinPointName":"sleep","EventType":"BeforeSleep","NewName":null,"Runnable":null,"ThreadGroup":null,"NewPriority":0,"Millis":265,"Nanos":0,"IsDaemon":false,"IsInterrupted":false}
{"Timestamp":7531804343,"EventClass":"ThreadEvent","ThreadId":13,"ThreadName":"ExampleThread.3","TargetDescription":"ExampleThread.3","JoinPointName":"sleep","EventType":"AfterSleep","NewName":null,"Runnable":null,"ThreadGroup":null,"NewPriority":0,"Millis":210,"Nanos":0,"IsDaemon":false,"IsInterrupted":false}
{"Timestamp":7531839626,"EventClass":"SemaphoreEvent","ThreadId":13,"ThreadName":"ExampleThread.3","TargetDescription":"java.util.concurrent.Semaphore@8efb846[Permits = 0]","JoinPointName":"release","EventType":"Release","Permits":1,"Timeout":0,"TimeoutUnit":null}
{"Timestamp":7531859746,"EventClass":"SemaphoreEvent","ThreadId":13,"ThreadName":"ExampleThread.3","TargetDescription":"java.util.concurrent.Semaphore@8efb846[Permits = 0]","JoinPointName":"tryAcquire","EventType":"Acquire","Permits":1,"Timeout":0,"TimeoutUnit":null}
{"Timestamp":7531865578,"EventClass":"ThreadEvent","ThreadId":13,"ThreadName":"ExampleThread.3","TargetDescription":"ExampleThread.3","JoinPointName":"sleep","EventType":"BeforeSleep","NewName":null,"Runnable":null,"ThreadGroup":null,"NewPriority":0,"Millis":81,"Nanos":0,"IsDaemon":false,"IsInterrupted":false}
{"Timestamp":7556826409,"EventClass":"ThreadEvent","ThreadId":12,"ThreadName":"ExampleThread.2","TargetDescription":"ExampleThread.2","JoinPointName":"sleep","EventType":"AfterSleep","NewName":null,"Runnable":null,"ThreadGroup":null,"NewPriority":0,"Millis":301,"Nanos":0,"IsDaemon":false,"IsInterrupted":false}
{"Timestamp":7556860817,"EventClass":"SemaphoreEvent","ThreadId":12,"ThreadName":"ExampleThread.2","TargetDescription":"java.util.concurrent.Semaphore@8efb846[Permits = 0]","JoinPointName":"release","EventType":"Release","Permits":1,"Timeout":0,"TimeoutUnit":null}
{"Timestamp":7556879479,"EventClass":"SemaphoreEvent","ThreadId":12,"ThreadName":"ExampleThread.2","TargetDescription":"java.util.concurrent.Semaphore@8efb846[Permits = 0]","JoinPointName":"acquire","EventType":"Acquire","Permits":1,"Timeout":0,"TimeoutUnit":null}
{"Timestamp":7556885894,"EventClass":"ThreadEvent","ThreadId":12,"ThreadName":"ExampleThread.2","TargetDescription":"ExampleThread.2","JoinPointName":"sleep","EventType":"BeforeSleep","NewName":null,"Runnable":null,"ThreadGroup":null,"NewPriority":0,"Millis":30,"Nanos":0,"IsDaemon":false,"IsInterrupted":false}
{"Timestamp":7586821864,"EventClass":"ThreadEvent","ThreadId":12,"ThreadName":"ExampleThread.2","TargetDescription":"ExampleThread.2","JoinPointName":"sleep","EventType":"AfterSleep","NewName":null,"Runnable":null,"ThreadGroup":null,"NewPriority":0,"Millis":30,"Nanos":0,"IsDaemon":false,"IsInterrupted":false}
{"Timestamp":7586835568,"EventClass":"SemaphoreEvent","ThreadId":12,"ThreadName":"ExampleThread.2","TargetDescription":"java.util.concurrent.Semaphore@8efb846[Permits = 0]","JoinPointName":"release","EventType":"Release","Permits":1,"Timeout":0,"TimeoutUnit":null}
{"Timestamp":7586832069,"EventClass":"ThreadEvent","ThreadId":15,"ThreadName":"ExampleThread.5","TargetDescription":"ExampleThread.5","JoinPointName":"sleep","EventType":"AfterSleep","NewName":null,"Runnable":null,"ThreadGroup":null,"NewPriority":0,"Millis":265,"Nanos":0,"IsDaemon":false,"IsInterrupted":false}
{"Timestamp":7586865894,"EventClass":"SemaphoreEvent","ThreadId":12,"ThreadName":"ExampleThread.2","TargetDescription":"java.util.concurrent.Semaphore@8efb846[Permits = 0]","JoinPointName":"acquire","EventType":"Acquire","Permits":1,"Timeout":0,"TimeoutUnit":null}
{"Timestamp":7586872601,"EventClass":"ThreadEvent","ThreadId":12,"ThreadName":"ExampleThread.2","TargetDescription":"ExampleThread.2","JoinPointName":"sleep","EventType":"BeforeSleep","NewName":null,"Runnable":null,"ThreadGroup":null,"NewPriority":0,"Millis":10,"Nanos":0,"IsDaemon":false,"IsInterrupted":false}
{"Timestamp":7586875225,"EventClass":"SemaphoreEvent","ThreadId":15,"ThreadName":"ExampleThread.5","TargetDescription":"java.util.concurrent.Semaphore@8efb846[Permits = 0]","JoinPointName":"release","EventType":"Release","Permits":1,"Timeout":0,"TimeoutUnit":null}
{"Timestamp":7586888930,"EventClass":"SemaphoreEvent","ThreadId":15,"ThreadName":"ExampleThread.5","TargetDescription":"java.util.concurrent.Semaphore@8efb846[Permits = 0]","JoinPointName":"tryAcquire","EventType":"Acquire","Permits":1,"Timeout":0,"TimeoutUnit":null}
{"Timestamp":7586894178,"EventClass":"ThreadEvent","ThreadId":15,"ThreadName":"ExampleThread.5","TargetDescription":"ExampleThread.5","JoinPointName":"sleep","EventType":"BeforeSleep","NewName":null,"Runnable":null,"ThreadGroup":null,"NewPriority":0,"Millis":273,"Nanos":0,"IsDaemon":false,"IsInterrupted":false}
{"Timestamp":7596815586,"EventClass":"ThreadEvent","ThreadId":12,"ThreadName":"ExampleThread.2","TargetDescription":"ExampleThread.2","JoinPointName":"sleep","EventType":"AfterSleep","NewName":null,"Runnable":null,"ThreadGroup":null,"NewPriority":0,"Millis":10,"Nanos":0,"IsDaemon":false,"IsInterrupted":false}
{"Timestamp":7596833373,"EventClass":"SemaphoreEvent","ThreadId":12,"ThreadName":"ExampleThread.2","TargetDescription":"java.util.concurrent.Semaphore@8efb846[Permits = 0]","JoinPointName":"release","EventType":"Release","Permits":1,"Timeout":0,"TimeoutUnit":null}
{"Timestamp":7596851160,"EventClass":"SemaphoreEvent","ThreadId":12,"ThreadName":"ExampleThread.2","TargetDescription":"java.util.concurrent.Semaphore@8efb846[Permits = 0]","JoinPointName":"acquire","EventType":"Acquire","Permits":1,"Timeout":0,"TimeoutUnit":null}
{"Timestamp":7596857866,"EventClass":"ThreadEvent","ThreadId":12,"ThreadName":"ExampleThread.2","TargetDescription":"ExampleThread.2","JoinPointName":"sleep","EventType":"BeforeSleep","NewName":null,"Runnable":null,"ThreadGroup":null,"NewPriority":0,"Millis":121,"Nanos":0,"IsDaemon":false,"IsInterrupted":false}
{"Timestamp":7612816680,"EventClass":"ThreadEvent","ThreadId":13,"ThreadName":"ExampleThread.3","TargetDescription":"ExampleThread.3","JoinPointName":"sleep","EventType":"AfterSleep","NewName":null,"Runnable":null,"ThreadGroup":null,"NewPriority":0,"Millis":81,"Nanos":0,"IsDaemon":false,"IsInterrupted":false}
{"Timestamp":7612830384,"EventClass":"SemaphoreEvent","ThreadId":13,"ThreadName":"ExampleThread.3","TargetDescription":"java.util.concurrent.Semaphore@8efb846[Permits = 0]","JoinPointName":"release","EventType":"Release","Permits":1,"Timeout":0,"TimeoutUnit":null}
{"Timestamp":7612881705,"EventClass":"SemaphoreEvent","ThreadId":13,"ThreadName":"ExampleThread.3","TargetDescription":"java.util.concurrent.Semaphore@8efb846[Permits = 1]","JoinPointName":"acquire","EventType":"Acquire","Permits":1,"Timeout":0,"TimeoutUnit":null}
{"Timestamp":7613718281,"EventClass":"SemaphoreEvent","ThreadId":13,"ThreadName":"ExampleThread.3","TargetDescription":"java.util.concurrent.Semaphore@8efb846[Permits = 1]","JoinPointName":"release","EventType":"Release","Permits":1,"Timeout":0,"TimeoutUnit":null}
{"Timestamp":7613909857,"EventClass":"SemaphoreEvent","ThreadId":20,"ThreadName":"ExampleThread.10","TargetDescription":"java.util.concurrent.Semaphore@8efb846[Permits = 0]","JoinPointName":"release","EventType":"Release","Permits":2,"Timeout":0,"TimeoutUnit":null}
{"Timestamp":7613920646,"EventClass":"SemaphoreEvent","ThreadId":20,"ThreadName":"ExampleThread.10","TargetDescription":"java.util.concurrent.Semaphore@8efb846[Permits = 1]","JoinPointName":"acquire","EventType":"Acquire","Permits":1,"Timeout":0,"TimeoutUnit":null}
{"Timestamp":7613927061,"EventClass":"ThreadEvent","ThreadId":20,"ThreadName":"ExampleThread.10","TargetDescription":"ExampleThread.10","JoinPointName":"sleep","EventType":"BeforeSleep","NewName":null,"Runnable":null,"ThreadGroup":null,"NewPriority":0,"Millis":23,"Nanos":0,"IsDaemon":false,"IsInterrupted":false}
{"Timestamp":7613939891,"EventClass":"SemaphoreEvent","ThreadId":13,"ThreadName":"ExampleThread.3","TargetDescription":"java.util.concurrent.Semaphore@8efb846[Permits = 1]","JoinPointName":"acquire","EventType":"Acquire","Permits":0,"Timeout":0,"TimeoutUnit":null}
{"Timestamp":7613944848,"EventClass":"ThreadEvent","ThreadId":13,"ThreadName":"ExampleThread.3","TargetDescription":"ExampleThread.3","JoinPointName":"sleep","EventType":"BeforeSleep","NewName":null,"Runnable":null,"ThreadGroup":null,"NewPriority":0,"Millis":294,"Nanos":0,"IsDaemon":false,"IsInterrupted":false}
{"Timestamp":7624818010,"EventClass":"ThreadEvent","ThreadId":17,"ThreadName":"ExampleThread.7","TargetDescription":"ExampleThread.7","JoinPointName":"sleep","EventType":"AfterSleep","NewName":null,"Runnable":null,"ThreadGroup":null,"NewPriority":0,"Millis":303,"Nanos":0,"IsDaemon":false,"IsInterrupted":false}
{"Timestamp":7624832298,"EventClass":"SemaphoreEvent","ThreadId":17,"ThreadName":"ExampleThread.7","TargetDescription":"java.util.concurrent.Semaphore@8efb846[Permits = 1]","JoinPointName":"release","EventType":"Release","Permits":2,"Timeout":0,"TimeoutUnit":null}
{"Timestamp":7624848336,"EventClass":"SemaphoreEvent","ThreadId":17,"ThreadName":"ExampleThread.7","TargetDescription":"java.util.concurrent.Semaphore@8efb846[Permits = 2]","JoinPointName":"acquire","EventType":"Acquire","Permits":1,"Timeout":0,"TimeoutUnit":null}
{"Timestamp":7624854751,"EventClass":"ThreadEvent","ThreadId":17,"ThreadName":"ExampleThread.7","TargetDescription":"ExampleThread.7","JoinPointName":"sleep","EventType":"BeforeSleep","NewName":null,"Runnable":null,"ThreadGroup":null,"NewPriority":0,"Millis":173,"Nanos":0,"IsDaemon":false,"IsInterrupted":false}
{"Timestamp":7624865248,"EventClass":"SemaphoreEvent","ThreadId":16,"ThreadName":"ExampleThread.6","TargetDescription":"java.util.concurrent.Semaphore@8efb846[Permits = 0]","JoinPointName":"acquire","EventType":"Acquire","Permits":2,"Timeout":0,"TimeoutUnit":null}
{"Timestamp":7624876912,"EventClass":"ThreadEvent","ThreadId":16,"ThreadName":"ExampleThread.6","TargetDescription":"ExampleThread.6","JoinPointName":"sleep","EventType":"BeforeSleep","NewName":null,"Runnable":null,"ThreadGroup":null,"NewPriority":0,"Millis":441,"Nanos":0,"IsDaemon":false,"IsInterrupted":false}
{"Timestamp":7636817883,"EventClass":"ThreadEvent","ThreadId":20,"ThreadName":"ExampleThread.10","TargetDescription":"ExampleThread.10","JoinPointName":"sleep","EventType":"AfterSleep","NewName":null,"Runnable":null,"ThreadGroup":null,"NewPriority":0,"Millis":23,"Nanos":0,"IsDaemon":false,"IsInterrupted":false}
{"Timestamp":7636846168,"EventClass":"SemaphoreEvent","ThreadId":20,"ThreadName":"ExampleThread.10","TargetDescription":"java.util.concurrent.Semaphore@8efb846[Permits = 0]","JoinPointName":"release","EventType":"Release","Permits":1,"Timeout":0,"TimeoutUnit":null}
{"Timestamp":7636855207,"EventClass":"SemaphoreEvent","ThreadId":20,"ThreadName":"ExampleThread.10","TargetDescription":"java.util.concurrent.Semaphore@8efb846[Permits = 0]","JoinPointName":"tryAcquire","EventType":"Acquire","Permits":1,"Timeout":0,"TimeoutUnit":null}
{"Timestamp":7636860456,"EventClass":"ThreadEvent","ThreadId":20,"ThreadName":"ExampleThread.10","TargetDescription":"ExampleThread.10","JoinPointName":"sleep","EventType":"BeforeSleep","NewName":null,"Runnable":null,"ThreadGroup":null,"NewPriority":0,"Millis":203,"Nanos":0,"IsDaemon":false,"IsInterrupted":false}
{"Timestamp":7717779483,"EventClass":"ThreadEvent","ThreadId":12,"ThreadName":"ExampleThread.2","TargetDescription":"ExampleThread.2","JoinPointName":"sleep","EventType":"AfterSleep","NewName":null,"Runnable":null,"ThreadGroup":null,"NewPriority":0,"Millis":121,"Nanos":0,"IsDaemon":false,"IsInterrupted":false}
{"Timestamp":7717796687,"EventClass":"SemaphoreEvent","ThreadId":12,"ThreadName":"ExampleThread.2","TargetDescription":"java.util.concurrent.Semaphore@8efb846[Permits = 0]","JoinPointName":"release","EventType":"Release","Permits":1,"Timeout":0,"TimeoutUnit":null}
{"Timestamp":7717805726,"EventClass":"SemaphoreEvent","ThreadId":12,"ThreadName":"ExampleThread.2","TargetDescription":"java.util.concurrent.Semaphore@8efb846[Permits = 0]","JoinPointName":"tryAcquire","EventType":"Acquire","Permits":1,"Timeout":0,"TimeoutUnit":null}
{"Timestamp":7717813016,"EventClass":"ThreadEvent","ThreadId":12,"ThreadName":"ExampleThread.2","TargetDescription":"ExampleThread.2","JoinPointName":"sleep","EventType":"BeforeSleep","NewName":null,"Runnable":null,"ThreadGroup":null,"NewPriority":0,"Millis":438,"Nanos":0,"IsDaemon":false,"IsInterrupted":false}
{"Timestamp":7797892259,"EventClass":"ThreadEvent","ThreadId":17,"ThreadName":"ExampleThread.7","TargetDescription":"ExampleThread.7","JoinPointName":"sleep","EventType":"AfterSleep","NewName":null,"Runnable":null,"ThreadGroup":null,"NewPriority":0,"Millis":173,"Nanos":0,"IsDaemon":false,"IsInterrupted":false}
{"Timestamp":7797933956,"EventClass":"SemaphoreEvent","ThreadId":17,"ThreadName":"ExampleThread.7","TargetDescription":"java.util.concurrent.Semaphore@8efb846[Permits = 0]","JoinPointName":"release","EventType":"Release","Permits":1,"Timeout":0,"TimeoutUnit":null}
{"Timestamp":7797944454,"EventClass":"SemaphoreEvent","ThreadId":17,"ThreadName":"ExampleThread.7","TargetDescription":"java.util.concurrent.Semaphore@8efb846[Permits = 0]","JoinPointName":"tryAcquire","EventType":"Acquire","Permits":1,"Timeout":0,"TimeoutUnit":null}
{"Timestamp":7797950577,"EventClass":"ThreadEvent","ThreadId":17,"ThreadName":"ExampleThread.7","TargetDescription":"ExampleThread.7","JoinPointName":"sleep","EventType":"BeforeSleep","NewName":null,"Runnable":null,"ThreadGroup":null,"NewPriority":0,"Millis":265,"Nanos":0,"IsDaemon":false,"IsInterrupted":false}
{"Timestamp":7839877380,"EventClass":"ThreadEvent","ThreadId":20,"ThreadName":"ExampleThread.10","TargetDescription":"ExampleThread.10","JoinPointName":"sleep","EventType":"AfterSleep","NewName":null,"Runnable":null,"ThreadGroup":null,"NewPriority":0,"Millis":203,"Nanos":0,"IsDaemon":false,"IsInterrupted":false}
{"Timestamp":7839913537,"EventClass":"SemaphoreEvent","ThreadId":20,"ThreadName":"ExampleThread.10","TargetDescription":"java.util.concurrent.Semaphore@8efb846[Permits = 0]","JoinPointName":"release","EventType":"Release","Permits":1,"Timeout":0,"TimeoutUnit":null}
{"Timestamp":7859779679,"EventClass":"ThreadEvent","ThreadId":15,"ThreadName":"ExampleThread.5","TargetDescription":"ExampleThread.5","JoinPointName":"sleep","EventType":"AfterSleep","NewName":null,"Runnable":null,"ThreadGroup":null,"NewPriority":0,"Millis":273,"Nanos":0,"IsDaemon":false,"IsInterrupted":false}
{"Timestamp":7859817295,"EventClass":"SemaphoreEvent","ThreadId":15,"ThreadName":"ExampleThread.5","TargetDescription":"java.util.concurrent.Semaphore@8efb846[Permits = 1]","JoinPointName":"release","EventType":"Release","Permits":1,"Timeout":0,"TimeoutUnit":null}
{"Timestamp":7859842080,"EventClass":"SemaphoreEvent","ThreadId":15,"ThreadName":"ExampleThread.5","TargetDescription":"java.util.concurrent.Semaphore@8efb846[Permits = 1]","JoinPointName":"acquire","EventType":"Acquire","Permits":1,"Timeout":0,"TimeoutUnit":null}
{"Timestamp":7859851994,"EventClass":"ThreadEvent","ThreadId":15,"ThreadName":"ExampleThread.5","TargetDescription":"ExampleThread.5","JoinPointName":"sleep","EventType":"BeforeSleep","NewName":null,"Runnable":null,"ThreadGroup":null,"NewPriority":0,"Millis":312,"Nanos":0,"IsDaemon":false,"IsInterrupted":false}
{"Timestamp":7907840405,"EventClass":"ThreadEvent","ThreadId":13,"ThreadName":"ExampleThread.3","TargetDescription":"ExampleThread.3","JoinPointName":"sleep","EventType":"AfterSleep","NewName":null,"Runnable":null,"ThreadGroup":null,"NewPriority":0,"Millis":294,"Nanos":0,"IsDaemon":false,"IsInterrupted":false}
{"Timestamp":7907855568,"EventClass":"SemaphoreEvent","ThreadId":13,"ThreadName":"ExampleThread.3","TargetDescription":"java.util.concurrent.Semaphore@8efb846[Permits = 1]","JoinPointName":"release","EventType":"Release","Permits":0,"Timeout":0,"TimeoutUnit":null}
{"Timestamp":7907882686,"EventClass":"SemaphoreEvent","ThreadId":13,"ThreadName":"ExampleThread.3","TargetDescription":"java.util.concurrent.Semaphore@8efb846[Permits = 0]","JoinPointName":"acquire","EventType":"Acquire","Permits":1,"Timeout":0,"TimeoutUnit":null}
{"Timestamp":7907942170,"EventClass":"ThreadEvent","ThreadId":13,"ThreadName":"ExampleThread.3","TargetDescription":"ExampleThread.3","JoinPointName":"sleep","EventType":"BeforeSleep","NewName":null,"Runnable":null,"ThreadGroup":null,"NewPriority":0,"Millis":47,"Nanos":0,"IsDaemon":false,"IsInterrupted":false}
{"Timestamp":7954859565,"EventClass":"ThreadEvent","ThreadId":13,"ThreadName":"ExampleThread.3","TargetDescription":"ExampleThread.3","JoinPointName":"sleep","EventType":"AfterSleep","NewName":null,"Runnable":null,"ThreadGroup":null,"NewPriority":0,"Millis":47,"Nanos":0,"IsDaemon":false,"IsInterrupted":false}
{"Timestamp":7954888141,"EventClass":"SemaphoreEvent","ThreadId":13,"ThreadName":"ExampleThread.3","TargetDescription":"java.util.concurrent.Semaphore@8efb846[Permits = 0]","JoinPointName":"release","EventType":"Release","Permits":1,"Timeout":0,"TimeoutUnit":null}
{"Timestamp":7954903596,"EventClass":"SemaphoreEvent","ThreadId":13,"ThreadName":"ExampleThread.3","TargetDescription":"java.util.concurrent.Semaphore@8efb846[Permits = 0]","JoinPointName":"tryAcquire","EventType":"Acquire","Permits":1,"Timeout":0,"TimeoutUnit":null}
{"Timestamp":7954907969,"EventClass":"ThreadEvent","ThreadId":13,"ThreadName":"ExampleThread.3","TargetDescription":"ExampleThread.3","JoinPointName":"sleep","EventType":"BeforeSleep","NewName":null,"Runnable":null,"ThreadGroup":null,"NewPriority":0,"Millis":392,"Nanos":0,"IsDaemon":false,"IsInterrupted":false}
{"Timestamp":8062887580,"EventClass":"ThreadEvent","ThreadId":17,"ThreadName":"ExampleThread.7","TargetDescription":"ExampleThread.7","JoinPointName":"sleep","EventType":"AfterSleep","NewName":null,"Runnable":null,"ThreadGroup":null,"NewPriority":0,"Millis":265,"Nanos":0,"IsDaemon":false,"IsInterrupted":false}
{"Timestamp":8062900410,"EventClass":"SemaphoreEvent","ThreadId":17,"ThreadName":"ExampleThread.7","TargetDescription":"java.util.concurrent.Semaphore@8efb846[Permits = 0]","JoinPointName":"release","EventType":"Release","Permits":1,"Timeout":0,"TimeoutUnit":null}
{"Timestamp":8062919364,"EventClass":"SemaphoreEvent","ThreadId":17,"ThreadName":"ExampleThread.7","TargetDescription":"java.util.concurrent.Semaphore@8efb846[Permits = 0]","JoinPointName":"acquire","EventType":"Acquire","Permits":1,"Timeout":0,"TimeoutUnit":null}
{"Timestamp":8062924904,"EventClass":"ThreadEvent","ThreadId":17,"ThreadName":"ExampleThread.7","TargetDescription":"ExampleThread.7","JoinPointName":"sleep","EventType":"BeforeSleep","NewName":null,"Runnable":null,"ThreadGroup":null,"NewPriority":0,"Millis":318,"Nanos":0,"IsDaemon":false,"IsInterrupted":false}
{"Timestamp":8065901763,"EventClass":"ThreadEvent","ThreadId":16,"ThreadName":"ExampleThread.6","TargetDescription":"ExampleThread.6","JoinPointName":"sleep","EventType":"AfterSleep","NewName":null,"Runnable":null,"ThreadGroup":null,"NewPriority":0,"Millis":441,"Nanos":0,"IsDaemon":false,"IsInterrupted":false}
{"Timestamp":8065934130,"EventClass":"SemaphoreEvent","ThreadId":16,"ThreadName":"ExampleThread.6","TargetDescription":"java.util.concurrent.Semaphore@8efb846[Permits = 0]","JoinPointName":"release","EventType":"Release","Permits":2,"Timeout":0,"TimeoutUnit":null}
{"Timestamp":8065950168,"EventClass":"SemaphoreEvent","ThreadId":16,"ThreadName":"ExampleThread.6","TargetDescription":"java.util.concurrent.Semaphore@8efb846[Permits = 1]","JoinPointName":"acquire","EventType":"Acquire","Permits":1,"Timeout":0,"TimeoutUnit":null}
{"Timestamp":8065955708,"EventClass":"ThreadEvent","ThreadId":16,"ThreadName":"ExampleThread.6","TargetDescription":"ExampleThread.6","JoinPointName":"sleep","EventType":"BeforeSleep","NewName":null,"Runnable":null,"ThreadGroup":null,"NewPriority":0,"Millis":445,"Nanos":0,"IsDaemon":false,"IsInterrupted":false}
{"Timestamp":8155891042,"EventClass":"ThreadEvent","ThreadId":12,"ThreadName":"ExampleThread.2","TargetDescription":"ExampleThread.2","JoinPointName":"sleep","EventType":"AfterSleep","NewName":null,"Runnable":null,"ThreadGroup":null,"NewPriority":0,"Millis":438,"Nanos":0,"IsDaemon":false,"IsInterrupted":false}
{"Timestamp":8155903580,"EventClass":"SemaphoreEvent","ThreadId":12,"ThreadName":"ExampleThread.2","TargetDescription":"java.util.concurrent.Semaphore@8efb846[Permits = 1]","JoinPointName":"release","EventType":"Release","Permits":1,"Timeout":0,"TimeoutUnit":null}
{"Timestamp":8171892136,"EventClass":"ThreadEvent","ThreadId":15,"ThreadName":"ExampleThread.5","TargetDescription":"ExampleThread.5","JoinPointName":"sleep","EventType":"AfterSleep","NewName":null,"Runnable":null,"ThreadGroup":null,"NewPriority":0,"Millis":312,"Nanos":0,"IsDaemon":false,"IsInterrupted":false}
{"Timestamp":8171904383,"EventClass":"SemaphoreEvent","ThreadId":15,"ThreadName":"ExampleThread.5","TargetDescription":"java.util.concurrent.Semaphore@8efb846[Permits = 2]","JoinPointName":"release","EventType":"Release","Permits":1,"Timeout":0,"TimeoutUnit":null}
{"Timestamp":8171933542,"EventClass":"SemaphoreEvent","ThreadId":15,"ThreadName":"ExampleThread.5","TargetDescription":"java.util.concurrent.Semaphore@8efb846[Permits = 0]","JoinPointName":"acquire","EventType":"Acquire","Permits":3,"Timeout":0,"TimeoutUnit":null}
{"Timestamp":8171940832,"EventClass":"ThreadEvent","ThreadId":15,"ThreadName":"ExampleThread.5","TargetDescription":"ExampleThread.5","JoinPointName":"sleep","EventType":"BeforeSleep","NewName":null,"Runnable":null,"ThreadGroup":null,"NewPriority":0,"Millis":171,"Nanos":0,"IsDaemon":false,"IsInterrupted":false}
{"Timestamp":8342865466,"EventClass":"ThreadEvent","ThreadId":15,"ThreadName":"ExampleThread.5","TargetDescription":"ExampleThread.5","JoinPointName":"sleep","EventType":"AfterSleep","NewName":null,"Runnable":null,"ThreadGroup":null,"NewPriority":0,"Millis":171,"Nanos":0,"IsDaemon":false,"IsInterrupted":false}
{"Timestamp":8342896666,"EventClass":"SemaphoreEvent","ThreadId":15,"ThreadName":"ExampleThread.5","TargetDescription":"java.util.concurrent.Semaphore@8efb846[Permits = 0]","JoinPointName":"release","EventType":"Release","Permits":3,"Timeout":0,"TimeoutUnit":null}
{"Timestamp":8342912995,"EventClass":"SemaphoreEvent","ThreadId":15,"ThreadName":"ExampleThread.5","TargetDescription":"java.util.concurrent.Semaphore@8efb846[Permits = 2]","JoinPointName":"acquire","EventType":"Acquire","Permits":1,"Timeout":0,"TimeoutUnit":null}
{"Timestamp":8342918827,"EventClass":"ThreadEvent","ThreadId":15,"ThreadName":"ExampleThread.5","TargetDescription":"ExampleThread.5","JoinPointName":"sleep","EventType":"BeforeSleep","NewName":null,"Runnable":null,"ThreadGroup":null,"NewPriority":0,"Millis":452,"Nanos":0,"IsDaemon":false,"IsInterrupted":false}
{"Timestamp":8346849192,"EventClass":"ThreadEvent","ThreadId":13,"ThreadName":"ExampleThread.3","TargetDescription":"ExampleThread.3","JoinPointName":"sleep","EventType":"AfterSleep","NewName":null,"Runnable":null,"ThreadGroup":null,"NewPriority":0,"Millis":392,"Nanos":0,"IsDaemon":false,"IsInterrupted":false}
{"Timestamp":8346861730,"EventClass":"SemaphoreEvent","ThreadId":13,"ThreadName":"ExampleThread.3","TargetDescription":"java.util.concurrent.Semaphore@8efb846[Permits = 2]","JoinPointName":"release","EventType":"Release","Permits":1,"Timeout":0,"TimeoutUnit":null}
{"Timestamp":8346879809,"EventClass":"SemaphoreEvent","ThreadId":13,"ThreadName":"ExampleThread.3","TargetDescription":"java.util.concurrent.Semaphore@8efb846[Permits = 2]","JoinPointName":"acquire","EventType":"Acquire","Permits":1,"Timeout":0,"TimeoutUnit":null}
{"Timestamp":8346895263,"EventClass":"ThreadEvent","ThreadId":13,"ThreadName":"ExampleThread.3","TargetDescription":"ExampleThread.3","JoinPointName":"sleep","EventType":"BeforeSleep","NewName":null,"Runnable":null,"ThreadGroup":null,"NewPriority":0,"Millis":486,"Nanos":0,"IsDaemon":false,"IsInterrupted":false}
{"Timestamp":8380869486,"EventClass":"ThreadEvent","ThreadId":17,"ThreadName":"ExampleThread.7","TargetDescription":"ExampleThread.7","JoinPointName":"sleep","EventType":"AfterSleep","NewName":null,"Runnable":null,"ThreadGroup":null,"NewPriority":0,"Millis":318,"Nanos":0,"IsDaemon":false,"IsInterrupted":false}
{"Timestamp":8380882316,"EventClass":"SemaphoreEvent","ThreadId":17,"ThreadName":"ExampleThread.7","TargetDescription":"java.util.concurrent.Semaphore@8efb846[Permits = 2]","JoinPointName":"release","EventType":"Release","Permits":1,"Timeout":0,"TimeoutUnit":null}
{"Timestamp":8380919056,"EventClass":"SemaphoreEvent","ThreadId":20,"ThreadName":"ExampleThread.10","TargetDescription":"java.util.concurrent.Semaphore@8efb846[Permits = 0]","JoinPointName":"acquire","EventType":"Acquire","Permits":3,"Timeout":0,"TimeoutUnit":null}
{"Timestamp":8380930720,"EventClass":"ThreadEvent","ThreadId":20,"ThreadName":"ExampleThread.10","TargetDescription":"ExampleThread.10","JoinPointName":"sleep","EventType":"BeforeSleep","NewName":null,"Runnable":null,"ThreadGroup":null,"NewPriority":0,"Millis":232,"Nanos":0,"IsDaemon":false,"IsInterrupted":false}
{"Timestamp":8510916756,"EventClass":"ThreadEvent","ThreadId":16,"ThreadName":"ExampleThread.6","TargetDescription":"ExampleThread.6","JoinPointName":"sleep","EventType":"AfterSleep","NewName":null,"Runnable":null,"ThreadGroup":null,"NewPriority":0,"Millis":445,"Nanos":0,"IsDaemon":false,"IsInterrupted":false}
{"Timestamp":8510931627,"EventClass":"SemaphoreEvent","ThreadId":16,"ThreadName":"ExampleThread.6","TargetDescription":"java.util.concurrent.Semaphore@8efb846[Permits = 0]","JoinPointName":"release","EventType":"Release","Permits":1,"Timeout":0,"TimeoutUnit":null}
{"Timestamp":8510944748,"EventClass":"SemaphoreEvent","ThreadId":16,"ThreadName":"ExampleThread.6","TargetDescription":"java.util.concurrent.Semaphore@8efb846[Permits = 0]","JoinPointName":"tryAcquire","EventType":"Acquire","Permits":1,"Timeout":0,"TimeoutUnit":null}
{"Timestamp":8510948831,"EventClass":"ThreadEvent","ThreadId":16,"ThreadName":"ExampleThread.6","TargetDescription":"ExampleThread.6","JoinPointName":"sleep","EventType":"BeforeSleep","NewName":null,"Runnable":null,"ThreadGroup":null,"NewPriority":0,"Millis":119,"Nanos":0,"IsDaemon":false,"IsInterrupted":false}
{"Timestamp":8612913488,"EventClass":"ThreadEvent","ThreadId":20,"ThreadName":"ExampleThread.10","TargetDescription":"ExampleThread.10","JoinPointName":"sleep","EventType":"AfterSleep","NewName":null,"Runnable":null,"ThreadGroup":null,"NewPriority":0,"Millis":232,"Nanos":0,"IsDaemon":false,"IsInterrupted":false}
{"Timestamp":8612926027,"EventClass":"SemaphoreEvent","ThreadId":20,"ThreadName":"ExampleThread.10","TargetDescription":"java.util.concurrent.Semaphore@8efb846[Permits = 0]","JoinPointName":"release","EventType":"Release","Permits":3,"Timeout":0,"TimeoutUnit":null}
{"Timestamp":8613021669,"EventClass":"RunnableEvent","ThreadId":20,"ThreadName":"ExampleThread.10","TargetDescription":"us.mattowens.sampleprograms.SemaphoreExample$1@1be6f5c3","JoinPointName":"run","EventType":"AfterRun"}
{"Timestamp":8629878293,"EventClass":"ThreadEvent","ThreadId":16,"ThreadName":"ExampleThread.6","TargetDescription":"ExampleThread.6","JoinPointName":"sleep","EventType":"AfterSleep","NewName":null,"Runnable":null,"ThreadGroup":null,"NewPriority":0,"Millis":119,"Nanos":0,"IsDaemon":false,"IsInterrupted":false}
{"Timestamp":8629911243,"EventClass":"SemaphoreEvent","ThreadId":16,"ThreadName":"ExampleThread.6","TargetDescription":"java.util.concurrent.Semaphore@8efb846[Permits = 3]","JoinPointName":"release","EventType":"Release","Permits":1,"Timeout":0,"TimeoutUnit":null}
{"Timestamp":8629931654,"EventClass":"SemaphoreEvent","ThreadId":16,"ThreadName":"ExampleThread.6","TargetDescription":"java.util.concurrent.Semaphore@8efb846[Permits = 0]","JoinPointName":"acquire","EventType":"Acquire","Permits":4,"Timeout":0,"TimeoutUnit":null}
{"Timestamp":8629936319,"EventClass":"ThreadEvent","ThreadId":16,"ThreadName":"ExampleThread.6","TargetDescription":"ExampleThread.6","JoinPointName":"sleep","EventType":"BeforeSleep","NewName":null,"Runnable":null,"ThreadGroup":null,"NewPriority":0,"Millis":389,"Nanos":0,"IsDaemon":false,"IsInterrupted":false}
{"Timestamp":8794928812,"EventClass":"ThreadEvent","ThreadId":15,"ThreadName":"ExampleThread.5","TargetDescription":"ExampleThread.5","JoinPointName":"sleep","EventType":"AfterSleep","NewName":null,"Runnable":null,"ThreadGroup":null,"NewPriority":0,"Millis":452,"Nanos":0,"IsDaemon":false,"IsInterrupted":false}
{"Timestamp":8794955930,"EventClass":"SemaphoreEvent","ThreadId":15,"ThreadName":"ExampleThread.5","TargetDescription":"java.util.concurrent.Semaphore@8efb846[Permits = 0]","JoinPointName":"release","EventType":"Release","Permits":1,"Timeout":0,"TimeoutUnit":null}
{"Timestamp":8794977800,"EventClass":"SemaphoreEvent","ThreadId":15,"ThreadName":"ExampleThread.5","TargetDescription":"java.util.concurrent.Semaphore@8efb846[Permits = 0]","JoinPointName":"tryAcquire","EventType":"Acquire","Permits":1,"Timeout":0,"TimeoutUnit":null}
{"Timestamp":8794983923,"EventClass":"ThreadEvent","ThreadId":15,"ThreadName":"ExampleThread.5","TargetDescription":"ExampleThread.5","JoinPointName":"sleep","EventType":"BeforeSleep","NewName":null,"Runnable":null,"ThreadGroup":null,"NewPriority":0,"Millis":42,"Nanos":0,"IsDaemon":false,"IsInterrupted":false}
{"Timestamp":8832884428,"EventClass":"ThreadEvent","ThreadId":13,"ThreadName":"ExampleThread.3","TargetDescription":"ExampleThread.3","JoinPointName":"sleep","EventType":"AfterSleep","NewName":null,"Runnable":null,"ThreadGroup":null,"NewPriority":0,"Millis":486,"Nanos":0,"IsDaemon":false,"IsInterrupted":false}
{"Timestamp":8832900174,"EventClass":"SemaphoreEvent","ThreadId":13,"ThreadName":"ExampleThread.3","TargetDescription":"java.util.concurrent.Semaphore@8efb846[Permits = 0]","JoinPointName":"release","EventType":"Release","Permits":1,"Timeout":0,"TimeoutUnit":null}
{"Timestamp":8832966074,"EventClass":"RunnableEvent","ThreadId":13,"ThreadName":"ExampleThread.3","TargetDescription":"us.mattowens.sampleprograms.SemaphoreExample$1@4f023edb","JoinPointName":"run","EventType":"AfterRun"}
{"Timestamp":8836932887,"EventClass":"ThreadEvent","ThreadId":15,"ThreadName":"ExampleThread.5","TargetDescription":"ExampleThread.5","JoinPointName":"sleep","EventType":"AfterSleep","NewName":null,"Runnable":null,"ThreadGroup":null,"NewPriority":0,"Millis":42,"Nanos":0,"IsDaemon":false,"IsInterrupted":false}
{"Timestamp":8836945717,"EventClass":"SemaphoreEvent","ThreadId":15,"ThreadName":"ExampleThread.5","TargetDescription":"java.util.concurrent.Semaphore@8efb846[Permits = 1]","JoinPointName":"release","EventType":"Release","Permits":1,"Timeout":0,"TimeoutUnit":null}
{"Timestamp":8836965254,"EventClass":"SemaphoreEvent","ThreadId":15,"ThreadName":"ExampleThread.5","TargetDescription":"java.util.concurrent.Semaphore@8efb846[Permits = 0]","JoinPointName":"acquire","EventType":"Acquire","Permits":2,"Timeout":0,"TimeoutUnit":null}
{"Timestamp":8836972544,"EventClass":"ThreadEvent","ThreadId":15,"ThreadName":"ExampleThread.5","TargetDescription":"ExampleThread.5","JoinPointName":"sleep","EventType":"BeforeSleep","NewName":null,"Runnable":null,"ThreadGroup":null,"NewPriority":0,"Millis":387,"Nanos":0,"IsDaemon":false,"IsInterrupted":false}
{"Timestamp":9018910013,"EventClass":"ThreadEvent","ThreadId":16,"ThreadName":"ExampleThread.6","TargetDescription":"ExampleThread.6","JoinPointName":"sleep","EventType":"AfterSleep","NewName":null,"Runnable":null,"ThreadGroup":null,"NewPriority":0,"Millis":389,"Nanos":0,"IsDaemon":false,"IsInterrupted":false}
{"Timestamp":9018940047,"EventClass":"SemaphoreEvent","ThreadId":16,"ThreadName":"ExampleThread.6","TargetDescription":"java.util.concurrent.Semaphore@8efb846[Permits = 0]","JoinPointName":"release","EventType":"Release","Permits":4,"Timeout":0,"TimeoutUnit":null}
{"Timestamp":9019004780,"EventClass":"SemaphoreEvent","ThreadId":12,"ThreadName":"ExampleThread.2","TargetDescription":"java.util.concurrent.Semaphore@8efb846[Permits = 0]","JoinPointName":"acquire","EventType":"Acquire","Permits":4,"Timeout":0,"TimeoutUnit":null}
{"Timestamp":9019024608,"EventClass":"ThreadEvent","ThreadId":12,"ThreadName":"ExampleThread.2","TargetDescription":"ExampleThread.2","JoinPointName":"sleep","EventType":"BeforeSleep","NewName":null,"Runnable":null,"ThreadGroup":null,"NewPriority":0,"Millis":248,"Nanos":0,"IsDaemon":false,"IsInterrupted":false}
{"Timestamp":9019139787,"EventClass":"RunnableEvent","ThreadId":16,"ThreadName":"ExampleThread.6","TargetDescription":"us.mattowens.sampleprograms.SemaphoreExample$1@85ede7b","JoinPointName":"run","EventType":"AfterRun"}
{"Timestamp":9223917050,"EventClass":"ThreadEvent","ThreadId":15,"ThreadName":"ExampleThread.5","TargetDescription":"ExampleThread.5","JoinPointName":"sleep","EventType":"AfterSleep","NewName":null,"Runnable":null,"ThreadGroup":null,"NewPriority":0,"Millis":387,"Nanos":0,"IsDaemon":false,"IsInterrupted":false}
{"Timestamp":9223979159,"EventClass":"SemaphoreEvent","ThreadId":15,"ThreadName":"ExampleThread.5","TargetDescription":"java.util.concurrent.Semaphore@8efb846[Permits = 0]","JoinPointName":"release","EventType":"Release","Permits":2,"Timeout":0,"TimeoutUnit":null}
{"Timestamp":9224164612,"EventClass":"RunnableEvent","ThreadId":15,"ThreadName":"ExampleThread.5","TargetDescription":"us.mattowens.sampleprograms.SemaphoreExample$1@7adf9f5f","JoinPointName":"run","EventType":"AfterRun"}
{"Timestamp":9266854219,"EventClass":"ThreadEvent","ThreadId":12,"ThreadName":"ExampleThread.2","TargetDescription":"ExampleThread.2","JoinPointName":"sleep","EventType":"AfterSleep","NewName":null,"Runnable":null,"ThreadGroup":null,"NewPriority":0,"Millis":248,"Nanos":0,"IsDaemon":false,"IsInterrupted":false}
{"Timestamp":9266911079,"EventClass":"SemaphoreEvent","ThreadId":12,"ThreadName":"ExampleThread.2","TargetDescription":"java.util.concurrent.Semaphore@8efb846[Permits = 2]","JoinPointName":"release","EventType":"Release","Permits":4,"Timeout":0,"TimeoutUnit":null}
{"Timestamp":9266958608,"EventClass":"SemaphoreEvent","ThreadId":17,"ThreadName":"ExampleThread.7","TargetDescription":"java.util.concurrent.Semaphore@8efb846[Permits = 2]","JoinPointName":"acquire","EventType":"Acquire","Permits":4,"Timeout":0,"TimeoutUnit":null}
{"Timestamp":9266975521,"EventClass":"ThreadEvent","ThreadId":17,"ThreadName":"ExampleThread.7","TargetDescription":"ExampleThread.7","JoinPointName":"sleep","EventType":"BeforeSleep","NewName":null,"Runnable":null,"ThreadGroup":null,"NewPriority":0,"Millis":266,"Nanos":0,"IsDaemon":false,"IsInterrupted":false}
{"Timestamp":9267044045,"EventClass":"RunnableEvent","ThreadId":12,"ThreadName":"ExampleThread.2","TargetDescription":"us.mattowens.sampleprograms.SemaphoreExample$1@3f99bd52","JoinPointName":"run","EventType":"AfterRun"}
{"Timestamp":9532927263,"EventClass":"ThreadEvent","ThreadId":17,"ThreadName":"ExampleThread.7","TargetDescription":"ExampleThread.7","JoinPointName":"sleep","EventType":"AfterSleep","NewName":null,"Runnable":null,"ThreadGroup":null,"NewPriority":0,"Millis":266,"Nanos":0,"IsDaemon":false,"IsInterrupted":false}
{"Timestamp":9532958172,"EventClass":"SemaphoreEvent","ThreadId":17,"ThreadName":"ExampleThread.7","TargetDescription":"java.util.concurrent.Semaphore@8efb846[Permits = 2]","JoinPointName":"release","EventType":"Release","Permits":4,"Timeout":0,"TimeoutUnit":null}
{"Timestamp":9532975084,"EventClass":"SemaphoreEvent","ThreadId":17,"ThreadName":"ExampleThread.7","TargetDescription":"java.util.concurrent.Semaphore@8efb846[Permits = 5]","JoinPointName":"acquire","EventType":"Acquire","Permits":1,"Timeout":0,"TimeoutUnit":null}
{"Timestamp":9532983248,"EventClass":"ThreadEvent","ThreadId":17,"ThreadName":"ExampleThread.7","TargetDescription":"ExampleThread.7","JoinPointName":"sleep","EventType":"BeforeSleep","NewName":null,"Runnable":null,"ThreadGroup":null,"NewPriority":0,"Millis":417,"Nanos":0,"IsDaemon":false,"IsInterrupted":false}
{"Timestamp":9950005438,"EventClass":"ThreadEvent","ThreadId":17,"ThreadName":"ExampleThread.7","TargetDescription":"ExampleThread.7","JoinPointName":"sleep","EventType":"AfterSleep","NewName":null,"Runnable":null,"ThreadGroup":null,"NewPriority":0,"Millis":417,"Nanos":0,"IsDaemon":false,"IsInterrupted":false}
{"Timestamp":9950036930,"EventClass":"SemaphoreEvent","ThreadId":17,"ThreadName":"ExampleThread.7","TargetDescription":"java.util.concurrent.Semaphore@8efb846[Permits = 5]","JoinPointName":"release","EventType":"Release","Permits":1,"Timeout":0,"TimeoutUnit":null}
{"Timestamp":9950050927,"EventClass":"SemaphoreEvent","ThreadId":17,"ThreadName":"ExampleThread.7","TargetDescription":"java.util.concurrent.Semaphore@8efb846[Permits = 5]","JoinPointName":"tryAcquire","EventType":"Acquire","Permits":1,"Timeout":0,"TimeoutUnit":null}
{"Timestamp":9950056467,"EventClass":"ThreadEvent","ThreadId":17,"ThreadName":"ExampleThread.7","TargetDescription":"ExampleThread.7","JoinPointName":"sleep","EventType":"BeforeSleep","NewName":null,"Runnable":null,"ThreadGroup":null,"NewPriority":0,"Millis":210,"Nanos":0,"IsDaemon":false,"IsInterrupted":false}
{"Timestamp":10160003942,"EventClass":"ThreadEvent","ThreadId":17,"ThreadName":"ExampleThread.7","TargetDescription":"ExampleThread.7","JoinPointName":"sleep","EventType":"AfterSleep","NewName":null,"Runnable":null,"ThreadGroup":null,"NewPriority":0,"Millis":210,"Nanos":0,"IsDaemon":false,"IsInterrupted":false}
{"Timestamp":10160021438,"EventClass":"SemaphoreEvent","ThreadId":17,"ThreadName":"ExampleThread.7","TargetDescription":"java.util.concurrent.Semaphore@8efb846[Permits = 5]","JoinPointName":"release","EventType":"Release","Permits":1,"Timeout":0,"TimeoutUnit":null}
{"Timestamp":10160039225,"EventClass":"SemaphoreEvent","ThreadId":17,"ThreadName":"ExampleThread.7","TargetDescription":"java.util.concurrent.Semaphore@8efb846[Permits = 2]","JoinPointName":"acquire","EventType":"Acquire","Permits":4,"Timeout":0,"TimeoutUnit":null}
{"Timestamp":10160044765,"EventClass":"ThreadEvent","ThreadId":17,"ThreadName":"ExampleThread.7","TargetDescription":"ExampleThread.7","JoinPointName":"sleep","EventType":"BeforeSleep","NewName":null,"Runnable":null,"ThreadGroup":null,"NewPriority":0,"Millis":132,"Nanos":0,"IsDaemon":false,"IsInterrupted":false}
{"Timestamp":10291950057,"EventClass":"ThreadEvent","ThreadId":17,"ThreadName":"ExampleThread.7","TargetDescription":"ExampleThread.7","JoinPointName":"sleep","EventType":"AfterSleep","NewName":null,"Runnable":null,"ThreadGroup":null,"NewPriority":0,"Millis":132,"Nanos":0,"IsDaemon":false,"IsInterrupted":false}
{"Timestamp":10291965220,"EventClass":"SemaphoreEvent","ThreadId":17,"ThreadName":"ExampleThread.7","TargetDescription":"java.util.concurrent.Semaphore@8efb846[Permits = 2]","JoinPointName":"release","EventType":"Release","Permits":4,"Timeout":0,"TimeoutUnit":null}
{"Timestamp":10292030537,"EventClass":"RunnableEvent","ThreadId":17,"ThreadName":"ExampleThread.7","TargetDescription":"us.mattowens.sampleprograms.SemaphoreExample$1@5674cd4d","JoinPointName":"run","EventType":"AfterRun"}
